Sep 23 13:46:05 mailercyber3 postfix/cleanup[1156]: 2F748BA0BF4: milter-reject: END-OF-MESSAGE from localhost[127.0.0.1]: 4.7.1 Service unavailable - try again later; from=<root@mailercyber3.com> to=<test-cwk6wm84g@srv1.mail-tester.com>
Sep 23 13:46:05 mailercyber3 postfix/pickup[1153]: 2FD8ABA0BF4: uid=0 from=<root@mailercyber3.com>
Sep 23 13:46:05 mailercyber3 postfix/cleanup[1240]: 2FD8ABA0BF4: message-id=<20220923174605.2FD8ABA0BF4@mail.mailercyber3.com>
Sep 23 13:46:05 mailercyber3 opendkim[433]: can't load key from /etc/opendkim/keys/mailercyber3.com/default.private: Permission denied
Sep 23 13:46:05 mailercyber3 opendkim[433]: 2FD8ABA0BF4: error loading key 'default._domainkey.mailercyber3.com'
Sep 23 13:46:05 mailercyber3 postfix/cleanup[1240]: 2FD8ABA0BF4: milter-reject: END-OF-MESSAGE from localhost[127.0.0.1]: 4.7.1 Service unavailable - try again later; from=<root@mailercyber3.com> to=<test-cwk6wm84g@srv1.mail-tester.com>
Sep 23 13:46:11 mailercyber3 postfix/smtps/smtpd[1206]: connect from unknown[5.34.207.99]
Sep 23 13:46:13 mailercyber3 postfix/smtps/smtpd[1206]: Anonymous TLS connection established from unknown[5.34.207.99]: TLSv1.2 with cipher ECDHE-RSA-AES256-GCM-SHA384 (256/256 bits)
Sep 23 13:46:23 mailercyber3 postfix/smtps/smtpd[1206]: warning: unknown[5.34.207.99]: SASL LOGIN authentication failed: UGFzc3dvcmQ6
Sep 23 13:46:23 mailercyber3 postfix/smtps/smtpd[1206]: lost connection after AUTH from unknown[5.34.207.99]
Sep 23 13:46:23 mailercyber3 postfix/smtps/smtpd[1206]: disconnect from unknown[5.34.207.99] ehlo=1 auth=0/1 rset=1 commands=2/3
Sep 23 13:46:50 mailercyber3 postfix/anvil[1183]: statistics: max connection rate 1/60s for (smtps:5.34.207.99) at Sep 23 13:36:50
Sep 23 13:46:50 mailercyber3 postfix/anvil[1183]: statistics: max connection count 1 for (smtps:5.34.207.99) at Sep 23 13:36:50
Sep 23 13:46:50 mailercyber3 postfix/anvil[1183]: statistics: max cache size 3 at Sep 23 13:36:50
Sep 23 13:47:05 mailercyber3 postfix/pickup[1153]: 54A46BA0BD8: uid=0 from=<root>
Sep 23 13:47:05 mailercyber3 postfix/cleanup[1156]: 54A46BA0BD8: message-id=<20220923174705.54A46BA0BD8@mail.mailercyber3.com>
Sep 23 13:47:05 mailercyber3 opendkim[433]: can't load key from /etc/opendkim/keys/mailercyber3.com/default.private: Permission denied
Sep 23 13:47:05 mailercyber3 opendkim[433]: 54A46BA0BD8: error loading key 'default._domainkey.mailercyber3.com'
Sep 23 13:47:05 mailercyber3 postfix/cleanup[1156]: 54A46BA0BD8: milter-reject: END-OF-MESSAGE from localhost[127.0.0.1]: 4.7.1 Service unavailable - try again later; from=<root@mailercyber3.com> to=<root@mailercyber3.com>
Sep 23 13:47:05 mailercyber3 postfix/pickup[1153]: 555F2BA0BD8: uid=0 from=<root@mailercyber3.com>
Sep 23 13:47:05 mailercyber3 postfix/cleanup[1240]: 555F2BA0BD8: message-id=<20220923174705.555F2BA0BD8@mail.mailercyber3.com>
Sep 23 13:47:05 mailercyber3 opendkim[433]: can't load key from /etc/opendkim/keys/mailercyber3.com/default.private: Permission denied
Sep 23 13:47:05 mailercyber3 opendkim[433]: 555F2BA0BD8: error loading key 'default._domainkey.mailercyber3.com'
Sep 23 13:47:05 mailercyber3 postfix/cleanup[1240]: 555F2BA0BD8: milter-reject: END-OF-MESSAGE from localhost[127.0.0.1]: 4.7.1 Service unavailable - try again later; from=<root@mailercyber3.com> to=<test-cwk6wm84g@srv1.mail-tester.com>
Sep 23 13:47:05 mailercyber3 postfix/pickup[1153]: 55FBEBA0BD8: uid=0 from=<root@mailercyber3.com>
Sep 23 13:47:05 mailercyber3 postfix/cleanup[1156]: 55FBEBA0BD8: message-id=<20220923174705.55FBEBA0BD8@mail.mailercyber3.com>
Sep 23 13:47:05 mailercyber3 opendkim[433]: can't load key from /etc/opendkim/keys/mailercyber3.com/default.private: Permission denied
Sep 23 13:47:05 mailercyber3 opendkim[433]: 55FBEBA0BD8: error loading key 'default._domainkey.mailercyber3.com'
Sep 23 13:47:05 mailercyber3 postfix/cleanup[1156]: 55FBEBA0BD8: milter-reject: END-OF-MESSAGE from localhost[127.0.0.1]: 4.7.1 Service unavailable - try again later; from=<root@mailercyber3.com> to=<test-cwk6wm84g@srv1.mail-tester.com>
Sep 23 13:47:31 mailercyber3 postfix/smtps/smtpd[1206]: connect from unknown[5.34.207.99]
Sep 23 13:47:33 mailercyber3 postfix/smtps/smtpd[1206]: Anonymous TLS connection established from unknown[5.34.207.99]: TLSv1.2 with cipher ECDHE-RSA-AES256-GCM-SHA384 (256/256 bits)
Sep 23 13:47:41 mailercyber3 postfix/smtps/smtpd[1206]: warning: unknown[5.34.207.99]: SASL LOGIN authentication failed: UGFzc3dvcmQ6
Sep 23 13:47:41 mailercyber3 postfix/smtps/smtpd[1206]: lost connection after AUTH from unknown[5.34.207.99]
Sep 23 13:47:41 mailercyber3 postfix/smtps/smtpd[1206]: disconnect from unknown[5.34.207.99] ehlo=1 auth=0/1 rset=1 commands=2/3
Sep 23 13:48:05 mailercyber3 postfix/pickup[1153]: 8A88BBA0BD8: uid=0 from=<root>
Sep 23 13:48:05 mailercyber3 postfix/cleanup[1240]: 8A88BBA0BD8: message-id=<20220923174805.8A88BBA0BD8@mail.mailercyber3.com>
Sep 23 13:48:05 mailercyber3 opendkim[433]: can't load key from /etc/opendkim/keys/mailercyber3.com/default.private: Permission denied
Sep 23 13:48:05 mailercyber3 opendkim[433]: 8A88BBA0BD8: error loading key 'default._domainkey.mailercyber3.com'
Sep 23 13:48:05 mailercyber3 postfix/cleanup[1240]: 8A88BBA0BD8: milter-reject: END-OF-MESSAGE from localhost[127.0.0.1]: 4.7.1 Service unavailable - try again later; from=<root@mailercyber3.com> to=<root@mailercyber3.com>
Sep 23 13:48:05 mailercyber3 postfix/pickup[1153]: 8B0BFBA0BD8: uid=0 from=<root@mailercyber3.com>
Sep 23 13:48:05 mailercyber3 postfix/cleanup[1156]: 8B0BFBA0BD8: message-id=<20220923174805.8B0BFBA0BD8@mail.mailercyber3.com>
Sep 23 13:48:05 mailercyber3 opendkim[433]: can't load key from /etc/opendkim/keys/mailercyber3.com/default.private: Permission denied
Sep 23 13:48:05 mailercyber3 opendkim[433]: 8B0BFBA0BD8: error loading key 'default._domainkey.mailercyber3.com'
Sep 23 13:48:05 mailercyber3 postfix/cleanup[1156]: 8B0BFBA0BD8: milter-reject: END-OF-MESSAGE from localhost[127.0.0.1]: 4.7.1 Service unavailable - try again later; from=<root@mailercyber3.com> to=<test-cwk6wm84g@srv1.mail-tester.com>
Sep 23 13:48:05 mailercyber3 postfix/pickup[1153]: 8B5FFBA0BD8: uid=0 from=<root@mailercyber3.com>
Sep 23 13:48:05 mailercyber3 postfix/cleanup[1240]: 8B5FFBA0BD8: message-id=<20220923174805.8B5FFBA0BD8@mail.mailercyber3.com>
Sep 23 13:48:05 mailercyber3 opendkim[433]: can't load key from /etc/opendkim/keys/mailercyber3.com/default.private: Permission denied
Sep 23 13:48:05 mailercyber3 opendkim[433]: 8B5FFBA0BD8: error loading key 'default._domainkey.mailercyber3.com'
Sep 23 13:48:05 mailercyber3 postfix/cleanup[1240]: 8B5FFBA0BD8: milter-reject: END-OF-MESSAGE from localhost[127.0.0.1]: 4.7.1 Service unavailable - try again later; from=<root@mailercyber3.com> to=<test-cwk6wm84g@srv1.mail-tester.com>
Sep 23 13:48:17 mailercyber3 postfix/smtpd[1952]: connect from unknown[163.123.143.10]
Sep 23 13:48:17 mailercyber3 postfix/smtpd[1952]: lost connection after AUTH from unknown[163.123.143.10]
Sep 23 13:48:17 mailercyber3 postfix/smtpd[1952]: disconnect from unknown[163.123.143.10] ehlo=1 auth=0/1 commands=1/2
Sep 23 13:48:51 mailercyber3 postfix/smtps/smtpd[1206]: connect from unknown[5.34.207.99]
Sep 23 13:48:53 mailercyber3 postfix/smtps/smtpd[1206]: Anonymous TLS connection established from unknown[5.34.207.99]: TLSv1.2 with cipher ECDHE-RSA-AES256-GCM-SHA384 (256/256 bits)
Sep 23 13:48:58 mailercyber3 dovecot: master: Warning: Killed with signal 15 (by pid=1979 uid=0 code=kill)
Sep 23 13:48:58 mailercyber3 dovecot: imap(admin)<1373><cZvlnVvpvOO/ctfF>: Server shutting down. in=787 out=4104 deleted=0 expunged=0 trashed=0 hdr_count=1 hdr_bytes=267 body_count=1 body_bytes=935
Sep 23 13:48:58 mailercyber3 postfix/postfix-script[1987]: stopping the Postfix mail system
Sep 23 13:48:58 mailercyber3 postfix/master[1152]: terminating on signal 15
Sep 23 13:48:58 mailercyber3 dovecot: auth: Warning: auth client 0 disconnected with 1 pending requests: EOF
Sep 23 13:48:58 mailercyber3 dovecot: master: Dovecot v2.3.7.2 (3c910f64b) starting up for imap, lmtp, imap, lmtp, pop3 (core dumps disabled)
Sep 23 13:48:59 mailercyber3 postfix/postfix-script[2387]: warning: symlink leaves directory: /etc/postfix/./makedefs.out
Sep 23 13:48:59 mailercyber3 postfix/postfix-script[2551]: starting the Postfix mail system
Sep 23 13:48:59 mailercyber3 postfix/master[2553]: daemon started -- version 3.4.13, configuration /etc/postfix
Sep 23 13:48:59 mailercyber3 postfix/pickup[2554]: 959D9BA0D02: uid=0 from=<root>
Sep 23 13:48:59 mailercyber3 postfix/cleanup[2557]: 959D9BA0D02: message-id=<20220923174859.959D9BA0D02@mail.mailercyber1.com>
Sep 23 13:48:59 mailercyber3 opendkim[433]: can't load key from /etc/opendkim/keys/mailercyber3.com/default.private: Permission denied
Sep 23 13:48:59 mailercyber3 opendkim[433]: 959D9BA0D02: error loading key 'default._domainkey.mailercyber3.com'
Sep 23 13:48:59 mailercyber3 postfix/cleanup[2557]: 959D9BA0D02: milter-reject: END-OF-MESSAGE from localhost[127.0.0.1]: 4.7.1 Service unavailable - try again later; from=<root@mailercyber3.com> to=<root@mailercyber3.com>
Sep 23 13:48:59 mailercyber3 postfix/pickup[2554]: 96EB6BA0D02: uid=0 from=<root@mailercyber3.com>
Sep 23 13:48:59 mailercyber3 postfix/cleanup[2557]: 96EB6BA0D02: message-id=<20220923174859.96EB6BA0D02@mail.mailercyber1.com>
Sep 23 13:48:59 mailercyber3 opendkim[433]: can't load key from /etc/opendkim/keys/mailercyber3.com/default.private: Permission denied
Sep 23 13:48:59 mailercyber3 opendkim[433]: 96EB6BA0D02: error loading key 'default._domainkey.mailercyber3.com'
Sep 23 13:48:59 mailercyber3 postfix/cleanup[2557]: 96EB6BA0D02: milter-reject: END-OF-MESSAGE from localhost[127.0.0.1]: 4.7.1 Service unavailable - try again later; from=<root@mailercyber3.com> to=<test-cwk6wm84g@srv1.mail-tester.com>
Sep 23 13:48:59 mailercyber3 postfix/pickup[2554]: 975B9BA0D02: uid=0 from=<root@mailercyber3.com>
Sep 23 13:48:59 mailercyber3 postfix/cleanup[2557]: 975B9BA0D02: message-id=<20220923174859.975B9BA0D02@mail.mailercyber1.com>
Sep 23 13:48:59 mailercyber3 opendkim[433]: can't load key from /etc/opendkim/keys/mailercyber3.com/default.private: Permission denied
Sep 23 13:48:59 mailercyber3 opendkim[433]: 975B9BA0D02: error loading key 'default._domainkey.mailercyber3.com'
Sep 23 13:48:59 mailercyber3 postfix/cleanup[2557]: 975B9BA0D02: milter-reject: END-OF-MESSAGE from localhost[127.0.0.1]: 4.7.1 Service unavailable - try again later; from=<root@mailercyber3.com> to=<test-cwk6wm84g@srv1.mail-tester.com>
Sep 23 13:49:25 mailercyber3 dovecot: imap-login: Aborted login (no auth attempts in 0 secs): user=<>, rip=191.114.215.197, lip=154.53.37.147, session=<+0aCzFvpEeS/ctfF>
Sep 23 13:49:25 mailercyber3 dovecot: pop3-login: Aborted login (no auth attempts in 0 secs): user=<>, rip=191.114.215.197, lip=154.53.37.147, session=<bUmCzFvpEuS/ctfF>
Sep 23 13:49:25 mailercyber3 dovecot: pop3-login: Aborted login (no auth attempts in 0 secs): user=<>, rip=191.114.215.197, lip=154.53.37.147, session=<nE6CzFvpEOS/ctfF>
Sep 23 13:49:25 mailercyber3 dovecot: imap-login: Aborted login (no auth attempts in 0 secs): user=<>, rip=191.114.215.197, lip=154.53.37.147, session=<6HWCzFvpD+S/ctfF>
Sep 23 13:49:25 mailercyber3 postfix/smtpd[2564]: warning: hostname 191-114-215-197.baf.movistar.cl does not resolve to address 191.114.215.197: No address associated with hostname
Sep 23 13:49:25 mailercyber3 postfix/smtpd[2564]: connect from unknown[191.114.215.197]
Sep 23 13:49:25 mailercyber3 postfix/submission/smtpd[2562]: warning: hostname 191-114-215-197.baf.movistar.cl does not resolve to address 191.114.215.197: No address associated with hostname
Sep 23 13:49:25 mailercyber3 postfix/submission/smtpd[2562]: connect from unknown[191.114.215.197]
Sep 23 13:49:25 mailercyber3 postfix/smtpd[2572]: warning: hostname 191-114-215-197.baf.movistar.cl does not resolve to address 191.114.215.197: No address associated with hostname
Sep 23 13:49:25 mailercyber3 postfix/smtpd[2572]: connect from unknown[191.114.215.197]
Sep 23 13:49:25 mailercyber3 postfix/submission/smtpd[2571]: warning: hostname 191-114-215-197.baf.movistar.cl does not resolve to address 191.114.215.197: No address associated with hostname
Sep 23 13:49:25 mailercyber3 postfix/submission/smtpd[2571]: connect from unknown[191.114.215.197]
Sep 23 13:49:26 mailercyber3 postfix/smtpd[2578]: warning: hostname 191-114-215-197.baf.movistar.cl does not resolve to address 191.114.215.197: No address associated with hostname
Sep 23 13:49:26 mailercyber3 postfix/smtpd[2578]: connect from unknown[191.114.215.197]
Sep 23 13:49:26 mailercyber3 postfix/submission/smtpd[2579]: warning: hostname 191-114-215-197.baf.movistar.cl does not resolve to address 191.114.215.197: No address associated with hostname
Sep 23 13:49:26 mailercyber3 postfix/submission/smtpd[2579]: connect from unknown[191.114.215.197]
Sep 23 13:49:26 mailercyber3 postfix/smtpd[2581]: warning: hostname 191-114-215-197.baf.movistar.cl does not resolve to address 191.114.215.197: No address associated with hostname
Sep 23 13:49:26 mailercyber3 postfix/smtpd[2581]: connect from unknown[191.114.215.197]
Sep 23 13:49:26 mailercyber3 postfix/submission/smtpd[2582]: warning: hostname 191-114-215-197.baf.movistar.cl does not resolve to address 191.114.215.197: No address associated with hostname
Sep 23 13:49:26 mailercyber3 postfix/submission/smtpd[2582]: connect from unknown[191.114.215.197]
Sep 23 13:49:26 mailercyber3 postfix/smtpd[2564]: improper command pipelining after EHLO from unknown[191.114.215.197]: QUIT\r\n
Sep 23 13:49:26 mailercyber3 postfix/submission/smtpd[2562]: improper command pipelining after EHLO from unknown[191.114.215.197]: QUIT\r\n
Sep 23 13:49:26 mailercyber3 postfix/submission/smtpd[2562]: disconnect from unknown[191.114.215.197] ehlo=1 quit=1 commands=2
Sep 23 13:49:26 mailercyber3 postfix/smtpd[2572]: improper command pipelining after EHLO from unknown[191.114.215.197]: QUIT\r\n
Sep 23 13:49:26 mailercyber3 postfix/smtpd[2572]: disconnect from unknown[191.114.215.197] ehlo=1 quit=1 commands=2
Sep 23 13:49:26 mailercyber3 postfix/smtpd[2564]: disconnect from unknown[191.114.215.197] ehlo=1 quit=1 commands=2
Sep 23 13:49:26 mailercyber3 postfix/submission/smtpd[2571]: improper command pipelining after EHLO from unknown[191.114.215.197]: QUIT\r\n
Sep 23 13:49:26 mailercyber3 postfix/submission/smtpd[2571]: disconnect from unknown[191.114.215.197] ehlo=1 quit=1 commands=2
Sep 23 13:49:26 mailercyber3 dovecot: imap-login: Aborted login (no auth attempts in 0 secs): user=<>, rip=191.114.215.197, lip=154.53.37.147, session=<XbCFzFvpF+S/ctfF>
Sep 23 13:49:26 mailercyber3 dovecot: pop3-login: Aborted login (no auth attempts in 0 secs): user=<>, rip=191.114.215.197, lip=154.53.37.147, session=<MLOFzFvpGuS/ctfF>
Sep 23 13:49:26 mailercyber3 postfix/smtpd[2578]: improper command pipelining after EHLO from unknown[191.114.215.197]: QUIT\r\n
Sep 23 13:49:26 mailercyber3 postfix/smtpd[2578]: disconnect from unknown[191.114.215.197] ehlo=1 quit=1 commands=2
Sep 23 13:49:26 mailercyber3 postfix/submission/smtpd[2579]: disconnect from unknown[191.114.215.197] ehlo=1 quit=1 commands=2
Sep 23 13:49:26 mailercyber3 dovecot: pop3-login: Aborted login (no auth attempts in 0 secs): user=<>, rip=191.114.215.197, lip=154.53.37.147, session=<vJCGzFvpGOS/ctfF>
Sep 23 13:49:26 mailercyber3 dovecot: imap-login: Aborted login (no auth attempts in 0 secs): user=<>, rip=191.114.215.197, lip=154.53.37.147, session=<K7KGzFvpGeS/ctfF>
Sep 23 13:49:26 mailercyber3 postfix/smtpd[2581]: improper command pipelining after EHLO from unknown[191.114.215.197]: QUIT\r\n
Sep 23 13:49:26 mailercyber3 postfix/smtpd[2581]: disconnect from unknown[191.114.215.197] ehlo=1 quit=1 commands=2
Sep 23 13:49:26 mailercyber3 postfix/submission/smtpd[2582]: improper command pipelining after EHLO from unknown[191.114.215.197]: QUIT\r\n
Sep 23 13:49:26 mailercyber3 postfix/submission/smtpd[2582]: disconnect from unknown[191.114.215.197] ehlo=1 quit=1 commands=2
Sep 23 13:49:33 mailercyber3 dovecot: imap-login: Login: user=<admin>, method=PLAIN, rip=191.114.215.197, lip=154.53.37.147, mpid=2588, TLS, session=<jo31zFvpH+S/ctfF>
Sep 23 13:49:33 mailercyber3 dovecot: imap(admin)<2588><jo31zFvpH+S/ctfF>: Logged out in=9 out=453 deleted=0 expunged=0 trashed=0 hdr_count=0 hdr_bytes=0 body_count=0 body_bytes=0
Sep 23 13:49:34 mailercyber3 dovecot: imap-login: Login: user=<admin>, method=PLAIN, rip=191.114.215.197, lip=154.53.37.147, mpid=2590, TLS, session=<LaMGzVvpIOS/ctfF>
Sep 23 13:49:59 mailercyber3 postfix/pickup[2554]: 40AEDBA0D02: uid=0 from=<root>
Sep 23 13:49:59 mailercyber3 postfix/cleanup[2559]: 40AEDBA0D02: message-id=<20220923174959.40AEDBA0D02@mail.mailercyber1.com>
Sep 23 13:49:59 mailercyber3 opendkim[433]: can't load key from /etc/opendkim/keys/mailercyber3.com/default.private: Permission denied
Sep 23 13:49:59 mailercyber3 opendkim[433]: 40AEDBA0D02: error loading key 'default._domainkey.mailercyber3.com'
Sep 23 13:49:59 mailercyber3 postfix/cleanup[2559]: 40AEDBA0D02: milter-reject: END-OF-MESSAGE from localhost[127.0.0.1]: 4.7.1 Service unavailable - try again later; from=<root@mailercyber3.com> to=<root@mailercyber3.com>
Sep 23 13:49:59 mailercyber3 postfix/pickup[2554]: 426A3BA0D02: uid=0 from=<root@mailercyber3.com>
Sep 23 13:49:59 mailercyber3 postfix/cleanup[2557]: 426A3BA0D02: message-id=<20220923174959.426A3BA0D02@mail.mailercyber1.com>
Sep 23 13:49:59 mailercyber3 opendkim[433]: can't load key from /etc/opendkim/keys/mailercyber3.com/default.private: Permission denied
Sep 23 13:49:59 mailercyber3 opendkim[433]: 426A3BA0D02: error loading key 'default._domainkey.mailercyber3.com'
Sep 23 13:49:59 mailercyber3 postfix/cleanup[2557]: 426A3BA0D02: milter-reject: END-OF-MESSAGE from localhost[127.0.0.1]: 4.7.1 Service unavailable - try again later; from=<root@mailercyber3.com> to=<test-cwk6wm84g@srv1.mail-tester.com>
Sep 23 13:49:59 mailercyber3 postfix/pickup[2554]: 42D0ABA0D02: uid=0 from=<root@mailercyber3.com>
Sep 23 13:49:59 mailercyber3 postfix/cleanup[2559]: 42D0ABA0D02: message-id=<20220923174959.42D0ABA0D02@mail.mailercyber1.com>
Sep 23 13:49:59 mailercyber3 opendkim[433]: can't load key from /etc/opendkim/keys/mailercyber3.com/default.private: Permission denied
Sep 23 13:49:59 mailercyber3 opendkim[433]: 42D0ABA0D02: error loading key 'default._domainkey.mailercyber3.com'
Sep 23 13:49:59 mailercyber3 postfix/cleanup[2559]: 42D0ABA0D02: milter-reject: END-OF-MESSAGE from localhost[127.0.0.1]: 4.7.1 Service unavailable - try again later; from=<root@mailercyber3.com> to=<test-cwk6wm84g@srv1.mail-tester.com>
Sep 23 13:49:59 mailercyber3 postfix/submission/smtpd[2562]: warning: hostname 191-114-215-197.baf.movistar.cl does not resolve to address 191.114.215.197: No address associated with hostname
Sep 23 13:49:59 mailercyber3 postfix/submission/smtpd[2562]: connect from unknown[191.114.215.197]
Sep 23 13:50:00 mailercyber3 postfix/submission/smtpd[2562]: Anonymous TLS connection established from unknown[191.114.215.197]: TLSv1.3 with cipher TLS_AES_128_GCM_SHA256 (128/128 bits) key-exchange X25519 server-signature RSA-PSS (2048 bits) server-digest SHA256
Sep 23 13:50:00 mailercyber3 postfix/submission/smtpd[2562]: D3770BA0D02: client=unknown[191.114.215.197], sasl_method=PLAIN, sasl_username=admin
Sep 23 13:50:01 mailercyber3 postfix/cleanup[2557]: D3770BA0D02: message-id=<232e61de-b0ae-a35e-1855-8cfe45aa7393@mailercyber1.com>
Sep 23 13:50:01 mailercyber3 opendkim[433]: D3770BA0D02: no signing table match for 'admin@mailercyber1.com'
Sep 23 13:50:01 mailercyber3 opendkim[433]: D3770BA0D02: no signature data
Sep 23 13:50:01 mailercyber3 postfix/qmgr[2555]: D3770BA0D02: from=<admin@mailercyber1.com>, size=702, nrcpt=1 (queue active)
Sep 23 13:50:01 mailercyber3 postfix/submission/smtpd[2562]: disconnect from unknown[191.114.215.197] ehlo=2 starttls=1 auth=1 mail=1 rcpt=1 data=1 quit=1 commands=8
Sep 23 13:50:02 mailercyber3 postfix/smtp[2595]: Anonymous TLS connection established to reception.mail-tester.com[94.23.206.89]:25: TLSv1.2 with cipher ADH-AES256-GCM-SHA384 (256/256 bits)
Sep 23 13:50:03 mailercyber3 dovecot: imap-login: Login: user=<admin>, method=PLAIN, rip=191.114.215.197, lip=154.53.37.147, mpid=2599, TLS, session=<pTK1zlvpQeS/ctfF>
Sep 23 13:50:03 mailercyber3 postfix/smtp[2595]: D3770BA0D02: to=<test-wdpgcy9uz@srv1.mail-tester.com>, relay=reception.mail-tester.com[94.23.206.89]:25, delay=2.5, delays=0.45/0.01/1.6/0.4, dsn=2.0.0, status=sent (250 2.0.0 Ok: queued as F15ACA98F5)
Sep 23 13:50:03 mailercyber3 postfix/qmgr[2555]: D3770BA0D02: removed
Sep 23 13:50:11 mailercyber3 postfix/smtps/smtpd[2600]: connect from unknown[5.34.207.99]
Sep 23 13:50:13 mailercyber3 postfix/smtps/smtpd[2600]: Anonymous TLS connection established from unknown[5.34.207.99]: TLSv1.2 with cipher ECDHE-RSA-AES256-GCM-SHA384 (256/256 bits)
Sep 23 13:50:21 mailercyber3 postfix/smtps/smtpd[2600]: warning: unknown[5.34.207.99]: SASL LOGIN authentication failed: UGFzc3dvcmQ6
Sep 23 13:50:21 mailercyber3 postfix/smtps/smtpd[2600]: lost connection after AUTH from unknown[5.34.207.99]
Sep 23 13:50:21 mailercyber3 postfix/smtps/smtpd[2600]: disconnect from unknown[5.34.207.99] ehlo=1 auth=0/1 rset=1 commands=2/3
Sep 23 13:50:59 mailercyber3 postfix/pickup[2554]: 44775BA0D02: uid=0 from=<root>
Sep 23 13:50:59 mailercyber3 postfix/cleanup[2559]: 44775BA0D02: message-id=<20220923175059.44775BA0D02@mail.mailercyber1.com>
Sep 23 13:50:59 mailercyber3 opendkim[433]: can't load key from /etc/opendkim/keys/mailercyber3.com/default.private: Permission denied
Sep 23 13:50:59 mailercyber3 opendkim[433]: 44775BA0D02: error loading key 'default._domainkey.mailercyber3.com'
Sep 23 13:50:59 mailercyber3 postfix/cleanup[2559]: 44775BA0D02: milter-reject: END-OF-MESSAGE from localhost[127.0.0.1]: 4.7.1 Service unavailable - try again later; from=<root@mailercyber3.com> to=<root@mailercyber3.com>
Sep 23 13:50:59 mailercyber3 postfix/pickup[2554]: 4594DBA0D02: uid=0 from=<root@mailercyber3.com>
Sep 23 13:50:59 mailercyber3 postfix/cleanup[2557]: 4594DBA0D02: message-id=<20220923175059.4594DBA0D02@mail.mailercyber1.com>
Sep 23 13:50:59 mailercyber3 opendkim[433]: can't load key from /etc/opendkim/keys/mailercyber3.com/default.private: Permission denied
Sep 23 13:50:59 mailercyber3 opendkim[433]: 4594DBA0D02: error loading key 'default._domainkey.mailercyber3.com'
Sep 23 13:50:59 mailercyber3 postfix/cleanup[2557]: 4594DBA0D02: milter-reject: END-OF-MESSAGE from localhost[127.0.0.1]: 4.7.1 Service unavailable - try again later; from=<root@mailercyber3.com> to=<test-cwk6wm84g@srv1.mail-tester.com>
Sep 23 13:50:59 mailercyber3 postfix/pickup[2554]: 46133BA0D02: uid=0 from=<root@mailercyber3.com>
Sep 23 13:50:59 mailercyber3 postfix/cleanup[2559]: 46133BA0D02: message-id=<20220923175059.46133BA0D02@mail.mailercyber1.com>
Sep 23 13:50:59 mailercyber3 opendkim[433]: can't load key from /etc/opendkim/keys/mailercyber3.com/default.private: Permission denied
Sep 23 13:50:59 mailercyber3 opendkim[433]: 46133BA0D02: error loading key 'default._domainkey.mailercyber3.com'
Sep 23 13:50:59 mailercyber3 postfix/cleanup[2559]: 46133BA0D02: milter-reject: END-OF-MESSAGE from localhost[127.0.0.1]: 4.7.1 Service unavailable - try again later; from=<root@mailercyber3.com> to=<test-cwk6wm84g@srv1.mail-tester.com>
Sep 23 13:51:22 mailercyber3 dovecot: imap-login: Login: user=<admin>, method=PLAIN, rip=191.114.215.197, lip=154.53.37.147, mpid=2611, TLS, session=<CWxr01vpgeS/ctfF>
Sep 23 13:51:25 mailercyber3 postfix/submission/smtpd[2562]: warning: hostname 191-114-215-197.baf.movistar.cl does not resolve to address 191.114.215.197: No address associated with hostname
Sep 23 13:51:25 mailercyber3 postfix/submission/smtpd[2562]: connect from unknown[191.114.215.197]
Sep 23 13:51:26 mailercyber3 postfix/submission/smtpd[2562]: Anonymous TLS connection established from unknown[191.114.215.197]: TLSv1.3 with cipher TLS_AES_128_GCM_SHA256 (128/128 bits) key-exchange X25519 server-signature RSA-PSS (2048 bits)
Sep 23 13:51:26 mailercyber3 postfix/submission/smtpd[2562]: ACB64BA0D02: client=unknown[191.114.215.197], sasl_method=PLAIN, sasl_username=admin
Sep 23 13:51:27 mailercyber3 postfix/cleanup[2557]: ACB64BA0D02: message-id=<75738dc6-82bd-e889-7014-43aa23349ae0@mailercyber1.com>
Sep 23 13:51:27 mailercyber3 opendkim[433]: ACB64BA0D02: no signing table match for 'admin@mailercyber1.com'
Sep 23 13:51:27 mailercyber3 opendkim[433]: ACB64BA0D02: no signature data
Sep 23 13:51:27 mailercyber3 postfix/qmgr[2555]: ACB64BA0D02: from=<admin@mailercyber1.com>, size=702, nrcpt=1 (queue active)
Sep 23 13:51:27 mailercyber3 postfix/submission/smtpd[2562]: disconnect from unknown[191.114.215.197] ehlo=2 starttls=1 auth=1 mail=1 rcpt=1 data=1 quit=1 commands=8
Sep 23 13:51:28 mailercyber3 postfix/smtp[2595]: Anonymous TLS connection established to reception.mail-tester.com[94.23.206.89]:25: TLSv1.2 with cipher ADH-AES256-GCM-SHA384 (256/256 bits)
Sep 23 13:51:28 mailercyber3 postfix/smtp[2595]: ACB64BA0D02: to=<test-ir3drm3ct@srv1.mail-tester.com>, relay=reception.mail-tester.com[94.23.206.89]:25, delay=2, delays=0.48/0/1.2/0.31, dsn=2.0.0, status=sent (250 2.0.0 Ok: queued as 53398A98F5)
Sep 23 13:51:28 mailercyber3 postfix/qmgr[2555]: ACB64BA0D02: removed
Sep 23 13:51:31 mailercyber3 postfix/smtps/smtpd[2600]: connect from unknown[5.34.207.99]
Sep 23 13:51:33 mailercyber3 postfix/smtps/smtpd[2600]: Anonymous TLS connection established from unknown[5.34.207.99]: TLSv1.2 with cipher ECDHE-RSA-AES256-GCM-SHA384 (256/256 bits)
Sep 23 13:51:42 mailercyber3 postfix/smtps/smtpd[2600]: warning: unknown[5.34.207.99]: SASL LOGIN authentication failed: UGFzc3dvcmQ6
Sep 23 13:51:42 mailercyber3 postfix/smtps/smtpd[2600]: lost connection after AUTH from unknown[5.34.207.99]
Sep 23 13:51:42 mailercyber3 postfix/smtps/smtpd[2600]: disconnect from unknown[5.34.207.99] ehlo=1 auth=0/1 rset=1 commands=2/3
Sep 23 13:51:59 mailercyber3 postfix/pickup[2554]: 796CFBA0D02: uid=0 from=<root>
Sep 23 13:51:59 mailercyber3 postfix/cleanup[2559]: 796CFBA0D02: message-id=<20220923175159.796CFBA0D02@mail.mailercyber1.com>
Sep 23 13:51:59 mailercyber3 opendkim[433]: can't load key from /etc/opendkim/keys/mailercyber3.com/default.private: Permission denied
Sep 23 13:51:59 mailercyber3 opendkim[433]: 796CFBA0D02: error loading key 'default._domainkey.mailercyber3.com'
Sep 23 13:51:59 mailercyber3 postfix/cleanup[2559]: 796CFBA0D02: milter-reject: END-OF-MESSAGE from localhost[127.0.0.1]: 4.7.1 Service unavailable - try again later; from=<root@mailercyber3.com> to=<root@mailercyber3.com>
Sep 23 13:51:59 mailercyber3 postfix/pickup[2554]: 7A4A5BA0D02: uid=0 from=<root@mailercyber3.com>
Sep 23 13:51:59 mailercyber3 postfix/cleanup[2557]: 7A4A5BA0D02: message-id=<20220923175159.7A4A5BA0D02@mail.mailercyber1.com>
Sep 23 13:51:59 mailercyber3 opendkim[433]: can't load key from /etc/opendkim/keys/mailercyber3.com/default.private: Permission denied
Sep 23 13:51:59 mailercyber3 opendkim[433]: 7A4A5BA0D02: error loading key 'default._domainkey.mailercyber3.com'
Sep 23 13:51:59 mailercyber3 postfix/cleanup[2557]: 7A4A5BA0D02: milter-reject: END-OF-MESSAGE from localhost[127.0.0.1]: 4.7.1 Service unavailable - try again later; from=<root@mailercyber3.com> to=<test-cwk6wm84g@srv1.mail-tester.com>
Sep 23 13:51:59 mailercyber3 postfix/pickup[2554]: 7ACCDBA0D02: uid=0 from=<root@mailercyber3.com>
Sep 23 13:51:59 mailercyber3 postfix/cleanup[2559]: 7ACCDBA0D02: message-id=<20220923175159.7ACCDBA0D02@mail.mailercyber1.com>
Sep 23 13:51:59 mailercyber3 opendkim[433]: can't load key from /etc/opendkim/keys/mailercyber3.com/default.private: Permission denied
Sep 23 13:51:59 mailercyber3 opendkim[433]: 7ACCDBA0D02: error loading key 'default._domainkey.mailercyber3.com'
Sep 23 13:51:59 mailercyber3 postfix/cleanup[2559]: 7ACCDBA0D02: milter-reject: END-OF-MESSAGE from localhost[127.0.0.1]: 4.7.1 Service unavailable - try again later; from=<root@mailercyber3.com> to=<test-cwk6wm84g@srv1.mail-tester.com>
Sep 23 13:52:20 mailercyber3 postfix/submission/smtpd[2562]: connect from unknown[186.179.80.139]
Sep 23 13:52:21 mailercyber3 postfix/submission/smtpd[2562]: Anonymous TLS connection established from unknown[186.179.80.139]: TLSv1.3 with cipher TLS_AES_128_GCM_SHA256 (128/128 bits) key-exchange X25519 server-signature RSA-PSS (2048 bits)
Sep 23 13:52:21 mailercyber3 postfix/submission/smtpd[2562]: C3BA7BA0D02: client=unknown[186.179.80.139], sasl_method=PLAIN, sasl_username=admin
Sep 23 13:52:22 mailercyber3 postfix/cleanup[2557]: C3BA7BA0D02: message-id=<67868974-7f6f-0565-0d72-e51f5cc89dbb@mailercyber1.com>
Sep 23 13:52:22 mailercyber3 opendkim[433]: C3BA7BA0D02: no signing table match for 'admin@mailercyber1.com'
Sep 23 13:52:22 mailercyber3 opendkim[433]: C3BA7BA0D02: no signature data
Sep 23 13:52:22 mailercyber3 postfix/qmgr[2555]: C3BA7BA0D02: from=<admin@mailercyber1.com>, size=699, nrcpt=1 (queue active)
Sep 23 13:52:22 mailercyber3 postfix/submission/smtpd[2562]: disconnect from unknown[186.179.80.139] ehlo=2 starttls=1 auth=1 mail=1 rcpt=1 data=1 quit=1 commands=8
Sep 23 13:52:22 mailercyber3 dovecot: imap(admin)<2611><CWxr01vpgeS/ctfF>: Logged out in=1624 out=3179 deleted=0 expunged=0 trashed=0 hdr_count=2 hdr_bytes=566 body_count=1 body_bytes=460
Sep 23 13:52:23 mailercyber3 postfix/smtp[2595]: Anonymous TLS connection established to reception.mail-tester.com[94.23.206.89]:25: TLSv1.2 with cipher ADH-AES256-GCM-SHA384 (256/256 bits)
Sep 23 13:52:23 mailercyber3 postfix/smtp[2595]: C3BA7BA0D02: to=<test-aiq692tay@srv1.mail-tester.com>, relay=reception.mail-tester.com[94.23.206.89]:25, delay=2.3, delays=0.46/0/1.5/0.33, dsn=2.0.0, status=sent (250 2.0.0 Ok: queued as AD5FAA98F5)
Sep 23 13:52:23 mailercyber3 postfix/qmgr[2555]: C3BA7BA0D02: removed
Sep 23 13:52:29 mailercyber3 dovecot: imap-login: Login: user=<admin>, method=PLAIN, rip=186.179.80.139, lip=154.53.37.147, mpid=2622, TLS, session=<thlt11vp1OS6s1CL>
Sep 23 13:52:50 mailercyber3 postfix/smtps/smtpd[2600]: connect from unknown[5.34.207.99]
Sep 23 13:52:53 mailercyber3 postfix/smtps/smtpd[2600]: Anonymous TLS connection established from unknown[5.34.207.99]: TLSv1.2 with cipher ECDHE-RSA-AES256-GCM-SHA384 (256/256 bits)
Sep 23 13:52:59 mailercyber3 postfix/pickup[2554]: AB7D0BA0D02: uid=0 from=<root>
Sep 23 13:52:59 mailercyber3 postfix/cleanup[2559]: AB7D0BA0D02: message-id=<20220923175259.AB7D0BA0D02@mail.mailercyber1.com>
Sep 23 13:52:59 mailercyber3 opendkim[433]: can't load key from /etc/opendkim/keys/mailercyber3.com/default.private: Permission denied
Sep 23 13:52:59 mailercyber3 opendkim[433]: AB7D0BA0D02: error loading key 'default._domainkey.mailercyber3.com'
Sep 23 13:52:59 mailercyber3 postfix/cleanup[2559]: AB7D0BA0D02: milter-reject: END-OF-MESSAGE from localhost[127.0.0.1]: 4.7.1 Service unavailable - try again later; from=<root@mailercyber3.com> to=<root@mailercyber3.com>
Sep 23 13:52:59 mailercyber3 postfix/pickup[2554]: AC654BA0D02: uid=0 from=<root@mailercyber3.com>
Sep 23 13:52:59 mailercyber3 postfix/cleanup[2557]: AC654BA0D02: message-id=<20220923175259.AC654BA0D02@mail.mailercyber1.com>
Sep 23 13:52:59 mailercyber3 opendkim[433]: can't load key from /etc/opendkim/keys/mailercyber3.com/default.private: Permission denied
Sep 23 13:52:59 mailercyber3 opendkim[433]: AC654BA0D02: error loading key 'default._domainkey.mailercyber3.com'
Sep 23 13:52:59 mailercyber3 postfix/cleanup[2557]: AC654BA0D02: milter-reject: END-OF-MESSAGE from localhost[127.0.0.1]: 4.7.1 Service unavailable - try again later; from=<root@mailercyber3.com> to=<test-cwk6wm84g@srv1.mail-tester.com>
Sep 23 13:52:59 mailercyber3 postfix/pickup[2554]: AD08FBA0D02: uid=0 from=<root@mailercyber3.com>
Sep 23 13:52:59 mailercyber3 postfix/cleanup[2559]: AD08FBA0D02: message-id=<20220923175259.AD08FBA0D02@mail.mailercyber1.com>
Sep 23 13:52:59 mailercyber3 opendkim[433]: can't load key from /etc/opendkim/keys/mailercyber3.com/default.private: Permission denied
Sep 23 13:52:59 mailercyber3 opendkim[433]: AD08FBA0D02: error loading key 'default._domainkey.mailercyber3.com'
Sep 23 13:52:59 mailercyber3 postfix/cleanup[2559]: AD08FBA0D02: milter-reject: END-OF-MESSAGE from localhost[127.0.0.1]: 4.7.1 Service unavailable - try again later; from=<root@mailercyber3.com> to=<test-cwk6wm84g@srv1.mail-tester.com>
Sep 23 13:53:03 mailercyber3 postfix/smtps/smtpd[2600]: warning: unknown[5.34.207.99]: SASL LOGIN authentication failed: UGFzc3dvcmQ6
Sep 23 13:53:03 mailercyber3 postfix/smtps/smtpd[2600]: lost connection after AUTH from unknown[5.34.207.99]
Sep 23 13:53:03 mailercyber3 postfix/smtps/smtpd[2600]: disconnect from unknown[5.34.207.99] ehlo=1 auth=0/1 rset=1 commands=2/3
Sep 23 13:53:59 mailercyber3 postfix/pickup[2554]: 33A0CBA0D02: uid=0 from=<root>
Sep 23 13:53:59 mailercyber3 postfix/cleanup[2557]: 33A0CBA0D02: message-id=<20220923175359.33A0CBA0D02@mail.mailercyber1.com>
Sep 23 13:53:59 mailercyber3 opendkim[433]: can't load key from /etc/opendkim/keys/mailercyber3.com/default.private: Permission denied
Sep 23 13:53:59 mailercyber3 opendkim[433]: 33A0CBA0D02: error loading key 'default._domainkey.mailercyber3.com'
Sep 23 13:53:59 mailercyber3 postfix/cleanup[2557]: 33A0CBA0D02: milter-reject: END-OF-MESSAGE from localhost[127.0.0.1]: 4.7.1 Service unavailable - try again later; from=<root@mailercyber3.com> to=<root@mailercyber3.com>
Sep 23 13:53:59 mailercyber3 postfix/pickup[2554]: 34723BA0D02: uid=0 from=<root@mailercyber3.com>
Sep 23 13:53:59 mailercyber3 postfix/cleanup[2559]: 34723BA0D02: message-id=<20220923175359.34723BA0D02@mail.mailercyber1.com>
Sep 23 13:53:59 mailercyber3 opendkim[433]: can't load key from /etc/opendkim/keys/mailercyber3.com/default.private: Permission denied
Sep 23 13:53:59 mailercyber3 opendkim[433]: 34723BA0D02: error loading key 'default._domainkey.mailercyber3.com'
Sep 23 13:53:59 mailercyber3 postfix/cleanup[2559]: 34723BA0D02: milter-reject: END-OF-MESSAGE from localhost[127.0.0.1]: 4.7.1 Service unavailable - try again later; from=<root@mailercyber3.com> to=<test-cwk6wm84g@srv1.mail-tester.com>
Sep 23 13:53:59 mailercyber3 postfix/pickup[2554]: 34F87BA0D02: uid=0 from=<root@mailercyber3.com>
Sep 23 13:53:59 mailercyber3 postfix/cleanup[2557]: 34F87BA0D02: message-id=<20220923175359.34F87BA0D02@mail.mailercyber1.com>
Sep 23 13:53:59 mailercyber3 opendkim[433]: can't load key from /etc/opendkim/keys/mailercyber3.com/default.private: Permission denied
Sep 23 13:53:59 mailercyber3 opendkim[433]: 34F87BA0D02: error loading key 'default._domainkey.mailercyber3.com'
Sep 23 13:53:59 mailercyber3 postfix/cleanup[2557]: 34F87BA0D02: milter-reject: END-OF-MESSAGE from localhost[127.0.0.1]: 4.7.1 Service unavailable - try again later; from=<root@mailercyber3.com> to=<test-cwk6wm84g@srv1.mail-tester.com>
Sep 23 13:54:11 mailercyber3 postfix/smtps/smtpd[2600]: connect from unknown[5.34.207.99]
Sep 23 13:54:13 mailercyber3 postfix/smtps/smtpd[2600]: Anonymous TLS connection established from unknown[5.34.207.99]: TLSv1.2 with cipher ECDHE-RSA-AES256-GCM-SHA384 (256/256 bits)
Sep 23 13:54:23 mailercyber3 postfix/smtps/smtpd[2600]: warning: unknown[5.34.207.99]: SASL LOGIN authentication failed: UGFzc3dvcmQ6
Sep 23 13:54:23 mailercyber3 postfix/smtps/smtpd[2600]: lost connection after AUTH from unknown[5.34.207.99]
Sep 23 13:54:23 mailercyber3 postfix/smtps/smtpd[2600]: disconnect from unknown[5.34.207.99] ehlo=1 auth=0/1 rset=1 commands=2/3
Sep 23 13:54:59 mailercyber3 postfix/pickup[2554]: 68065BA0D02: uid=0 from=<root>
Sep 23 13:54:59 mailercyber3 postfix/cleanup[2559]: 68065BA0D02: message-id=<20220923175459.68065BA0D02@mail.mailercyber1.com>
Sep 23 13:54:59 mailercyber3 opendkim[433]: can't load key from /etc/opendkim/keys/mailercyber3.com/default.private: Permission denied
Sep 23 13:54:59 mailercyber3 opendkim[433]: 68065BA0D02: error loading key 'default._domainkey.mailercyber3.com'
Sep 23 13:54:59 mailercyber3 postfix/cleanup[2559]: 68065BA0D02: milter-reject: END-OF-MESSAGE from localhost[127.0.0.1]: 4.7.1 Service unavailable - try again later; from=<root@mailercyber3.com> to=<root@mailercyber3.com>
Sep 23 13:54:59 mailercyber3 postfix/pickup[2554]: 68E79BA0D02: uid=0 from=<root@mailercyber3.com>
Sep 23 13:54:59 mailercyber3 postfix/cleanup[2557]: 68E79BA0D02: message-id=<20220923175459.68E79BA0D02@mail.mailercyber1.com>
Sep 23 13:54:59 mailercyber3 opendkim[433]: can't load key from /etc/opendkim/keys/mailercyber3.com/default.private: Permission denied
Sep 23 13:54:59 mailercyber3 opendkim[433]: 68E79BA0D02: error loading key 'default._domainkey.mailercyber3.com'
Sep 23 13:54:59 mailercyber3 postfix/cleanup[2557]: 68E79BA0D02: milter-reject: END-OF-MESSAGE from localhost[127.0.0.1]: 4.7.1 Service unavailable - try again later; from=<root@mailercyber3.com> to=<test-cwk6wm84g@srv1.mail-tester.com>
Sep 23 13:54:59 mailercyber3 postfix/pickup[2554]: 69604BA0D02: uid=0 from=<root@mailercyber3.com>
Sep 23 13:54:59 mailercyber3 postfix/cleanup[2559]: 69604BA0D02: message-id=<20220923175459.69604BA0D02@mail.mailercyber1.com>
Sep 23 13:54:59 mailercyber3 opendkim[433]: can't load key from /etc/opendkim/keys/mailercyber3.com/default.private: Permission denied
Sep 23 13:54:59 mailercyber3 opendkim[433]: 69604BA0D02: error loading key 'default._domainkey.mailercyber3.com'
Sep 23 13:54:59 mailercyber3 postfix/cleanup[2559]: 69604BA0D02: milter-reject: END-OF-MESSAGE from localhost[127.0.0.1]: 4.7.1 Service unavailable - try again later; from=<root@mailercyber3.com> to=<test-cwk6wm84g@srv1.mail-tester.com>
Sep 23 13:55:06 mailercyber3 postfix/submission/smtpd[2677]: connect from unknown[164.92.64.57]
Sep 23 13:55:06 mailercyber3 postfix/submission/smtpd[2677]: Anonymous TLS connection established from unknown[164.92.64.57]: TLSv1.3 with cipher TLS_AES_128_GCM_SHA256 (128/128 bits) key-exchange X25519 server-signature RSA-PSS (2048 bits) server-digest SHA256
Sep 23 13:55:07 mailercyber3 postfix/submission/smtpd[2677]: 30B2BBA0D02: client=unknown[164.92.64.57], sasl_method=PLAIN, sasl_username=admin
Sep 23 13:55:07 mailercyber3 postfix/cleanup[2557]: 30B2BBA0D02: message-id=<>
Sep 23 13:55:07 mailercyber3 opendkim[433]: 30B2BBA0D02: no signing table match for 'Seguro@complementariognl.com'
Sep 23 13:55:07 mailercyber3 opendkim[433]: 30B2BBA0D02: no signature data
Sep 23 13:55:07 mailercyber3 postfix/qmgr[2555]: 30B2BBA0D02: from=<Seguro@complementariognl.com>, size=793, nrcpt=1 (queue active)
Sep 23 13:55:07 mailercyber3 postfix/submission/smtpd[2677]: disconnect from unknown[164.92.64.57] ehlo=2 starttls=1 auth=1 mail=1 rcpt=1 data=1 quit=1 commands=8
Sep 23 13:55:07 mailercyber3 postfix/smtp[2679]: 30B2BBA0D02: to=<cogepi6359@pahed.com>, relay=mail.pahed.com[143.244.212.159]:25, delay=0.44, delays=0.22/0.01/0.2/0.01, dsn=2.0.0, status=sent (250 Message Queued (146CFA83-F61F-481D-B92B-BE4D0058B870.1))
Sep 23 13:55:07 mailercyber3 postfix/qmgr[2555]: 30B2BBA0D02: removed
Sep 23 13:55:30 mailercyber3 postfix/smtps/smtpd[2600]: connect from unknown[5.34.207.99]
Sep 23 13:55:32 mailercyber3 postfix/smtps/smtpd[2600]: Anonymous TLS connection established from unknown[5.34.207.99]: TLSv1.2 with cipher ECDHE-RSA-AES256-GCM-SHA384 (256/256 bits)
Sep 23 13:55:43 mailercyber3 postfix/smtps/smtpd[2600]: warning: unknown[5.34.207.99]: SASL LOGIN authentication failed: UGFzc3dvcmQ6
Sep 23 13:55:43 mailercyber3 postfix/smtps/smtpd[2600]: lost connection after AUTH from unknown[5.34.207.99]
Sep 23 13:55:43 mailercyber3 postfix/smtps/smtpd[2600]: disconnect from unknown[5.34.207.99] ehlo=1 auth=0/1 rset=1 commands=2/3
Sep 23 13:55:59 mailercyber3 postfix/pickup[2554]: 78ECEBA0D02: uid=0 from=<root>
Sep 23 13:55:59 mailercyber3 postfix/cleanup[2559]: 78ECEBA0D02: message-id=<20220923175559.78ECEBA0D02@mail.mailercyber1.com>
Sep 23 13:55:59 mailercyber3 opendkim[433]: can't load key from /etc/opendkim/keys/mailercyber3.com/default.private: Permission denied
Sep 23 13:55:59 mailercyber3 opendkim[433]: 78ECEBA0D02: error loading key 'default._domainkey.mailercyber3.com'
Sep 23 13:55:59 mailercyber3 postfix/cleanup[2559]: 78ECEBA0D02: milter-reject: END-OF-MESSAGE from localhost[127.0.0.1]: 4.7.1 Service unavailable - try again later; from=<root@mailercyber3.com> to=<root@mailercyber3.com>
Sep 23 13:55:59 mailercyber3 postfix/pickup[2554]: 7996DBA0D02: uid=0 from=<root@mailercyber3.com>
Sep 23 13:55:59 mailercyber3 postfix/cleanup[2557]: 7996DBA0D02: message-id=<20220923175559.7996DBA0D02@mail.mailercyber1.com>
Sep 23 13:55:59 mailercyber3 opendkim[433]: can't load key from /etc/opendkim/keys/mailercyber3.com/default.private: Permission denied
Sep 23 13:55:59 mailercyber3 opendkim[433]: 7996DBA0D02: error loading key 'default._domainkey.mailercyber3.com'
Sep 23 13:55:59 mailercyber3 postfix/cleanup[2557]: 7996DBA0D02: milter-reject: END-OF-MESSAGE from localhost[127.0.0.1]: 4.7.1 Service unavailable - try again later; from=<root@mailercyber3.com> to=<test-cwk6wm84g@srv1.mail-tester.com>
Sep 23 13:55:59 mailercyber3 postfix/pickup[2554]: 7A0E2BA0D02: uid=0 from=<root@mailercyber3.com>
Sep 23 13:55:59 mailercyber3 postfix/cleanup[2559]: 7A0E2BA0D02: message-id=<20220923175559.7A0E2BA0D02@mail.mailercyber1.com>
Sep 23 13:55:59 mailercyber3 opendkim[433]: can't load key from /etc/opendkim/keys/mailercyber3.com/default.private: Permission denied
Sep 23 13:55:59 mailercyber3 opendkim[433]: 7A0E2BA0D02: error loading key 'default._domainkey.mailercyber3.com'
Sep 23 13:55:59 mailercyber3 postfix/cleanup[2559]: 7A0E2BA0D02: milter-reject: END-OF-MESSAGE from localhost[127.0.0.1]: 4.7.1 Service unavailable - try again later; from=<root@mailercyber3.com> to=<test-cwk6wm84g@srv1.mail-tester.com>
Sep 23 13:56:51 mailercyber3 postfix/smtps/smtpd[2600]: connect from unknown[5.34.207.99]
Sep 23 13:56:53 mailercyber3 postfix/smtps/smtpd[2600]: Anonymous TLS connection established from unknown[5.34.207.99]: TLSv1.2 with cipher ECDHE-RSA-AES256-GCM-SHA384 (256/256 bits)
Sep 23 13:56:59 mailercyber3 postfix/pickup[2554]: 2E433BA0D02: uid=0 from=<root>
Sep 23 13:56:59 mailercyber3 postfix/cleanup[2557]: 2E433BA0D02: message-id=<20220923175659.2E433BA0D02@mail.mailercyber1.com>
Sep 23 13:56:59 mailercyber3 opendkim[433]: can't load key from /etc/opendkim/keys/mailercyber3.com/default.private: Permission denied
Sep 23 13:56:59 mailercyber3 opendkim[433]: 2E433BA0D02: error loading key 'default._domainkey.mailercyber3.com'
Sep 23 13:56:59 mailercyber3 postfix/cleanup[2557]: 2E433BA0D02: milter-reject: END-OF-MESSAGE from localhost[127.0.0.1]: 4.7.1 Service unavailable - try again later; from=<root@mailercyber3.com> to=<root@mailercyber3.com>
Sep 23 13:56:59 mailercyber3 postfix/pickup[2554]: 2F189BA0D02: uid=0 from=<root@mailercyber3.com>
Sep 23 13:56:59 mailercyber3 postfix/cleanup[2559]: 2F189BA0D02: message-id=<20220923175659.2F189BA0D02@mail.mailercyber1.com>
Sep 23 13:56:59 mailercyber3 opendkim[433]: can't load key from /etc/opendkim/keys/mailercyber3.com/default.private: Permission denied
Sep 23 13:56:59 mailercyber3 opendkim[433]: 2F189BA0D02: error loading key 'default._domainkey.mailercyber3.com'
Sep 23 13:56:59 mailercyber3 postfix/cleanup[2559]: 2F189BA0D02: milter-reject: END-OF-MESSAGE from localhost[127.0.0.1]: 4.7.1 Service unavailable - try again later; from=<root@mailercyber3.com> to=<test-cwk6wm84g@srv1.mail-tester.com>
Sep 23 13:56:59 mailercyber3 postfix/pickup[2554]: 2FBDABA0D02: uid=0 from=<root@mailercyber3.com>
Sep 23 13:56:59 mailercyber3 postfix/cleanup[2557]: 2FBDABA0D02: message-id=<20220923175659.2FBDABA0D02@mail.mailercyber1.com>
Sep 23 13:56:59 mailercyber3 opendkim[433]: can't load key from /etc/opendkim/keys/mailercyber3.com/default.private: Permission denied
Sep 23 13:56:59 mailercyber3 opendkim[433]: 2FBDABA0D02: error loading key 'default._domainkey.mailercyber3.com'
Sep 23 13:56:59 mailercyber3 postfix/cleanup[2557]: 2FBDABA0D02: milter-reject: END-OF-MESSAGE from localhost[127.0.0.1]: 4.7.1 Service unavailable - try again later; from=<root@mailercyber3.com> to=<test-cwk6wm84g@srv1.mail-tester.com>
Sep 23 13:57:02 mailercyber3 postfix/smtps/smtpd[2600]: warning: unknown[5.34.207.99]: SASL LOGIN authentication failed: UGFzc3dvcmQ6
Sep 23 13:57:02 mailercyber3 postfix/smtps/smtpd[2600]: lost connection after AUTH from unknown[5.34.207.99]
Sep 23 13:57:02 mailercyber3 postfix/smtps/smtpd[2600]: disconnect from unknown[5.34.207.99] ehlo=1 auth=0/1 rset=1 commands=2/3
Sep 23 13:57:45 mailercyber3 dovecot: imap(admin)<2599><pTK1zlvpQeS/ctfF>: Logged out in=577 out=636 deleted=0 expunged=0 trashed=0 hdr_count=0 hdr_bytes=0 body_count=0 body_bytes=0
Sep 23 13:57:45 mailercyber3 dovecot: imap(admin)<2590><LaMGzVvpIOS/ctfF>: Logged out in=716 out=3919 deleted=0 expunged=0 trashed=0 hdr_count=1 hdr_bytes=267 body_count=1 body_bytes=935
Sep 23 13:57:45 mailercyber3 dovecot: imap(admin)<2622><thlt11vp1OS6s1CL>: Logged out in=483 out=2259 deleted=0 expunged=0 trashed=0 hdr_count=1 hdr_bytes=283 body_count=0 body_bytes=0
Sep 23 13:57:51 mailercyber3 postfix/smtpd[2708]: connect from unknown[208.67.104.82]
Sep 23 13:57:51 mailercyber3 postfix/smtpd[2708]: lost connection after AUTH from unknown[208.67.104.82]
Sep 23 13:57:51 mailercyber3 postfix/smtpd[2708]: disconnect from unknown[208.67.104.82] ehlo=1 auth=0/1 commands=1/2
Sep 23 13:57:59 mailercyber3 postfix/pickup[2554]: BB9E5BA0D02: uid=0 from=<root>
Sep 23 13:57:59 mailercyber3 postfix/cleanup[2559]: BB9E5BA0D02: message-id=<20220923175759.BB9E5BA0D02@mail.mailercyber1.com>
Sep 23 13:57:59 mailercyber3 opendkim[433]: can't load key from /etc/opendkim/keys/mailercyber3.com/default.private: Permission denied
Sep 23 13:57:59 mailercyber3 opendkim[433]: BB9E5BA0D02: error loading key 'default._domainkey.mailercyber3.com'
Sep 23 13:57:59 mailercyber3 postfix/cleanup[2559]: BB9E5BA0D02: milter-reject: END-OF-MESSAGE from localhost[127.0.0.1]: 4.7.1 Service unavailable - try again later; from=<root@mailercyber3.com> to=<root@mailercyber3.com>
Sep 23 13:57:59 mailercyber3 postfix/pickup[2554]: BC70DBA0D02: uid=0 from=<root@mailercyber3.com>
Sep 23 13:57:59 mailercyber3 postfix/cleanup[2557]: BC70DBA0D02: message-id=<20220923175759.BC70DBA0D02@mail.mailercyber1.com>
Sep 23 13:57:59 mailercyber3 opendkim[433]: can't load key from /etc/opendkim/keys/mailercyber3.com/default.private: Permission denied
Sep 23 13:57:59 mailercyber3 opendkim[433]: BC70DBA0D02: error loading key 'default._domainkey.mailercyber3.com'
Sep 23 13:57:59 mailercyber3 postfix/cleanup[2557]: BC70DBA0D02: milter-reject: END-OF-MESSAGE from localhost[127.0.0.1]: 4.7.1 Service unavailable - try again later; from=<root@mailercyber3.com> to=<test-cwk6wm84g@srv1.mail-tester.com>
Sep 23 13:57:59 mailercyber3 postfix/pickup[2554]: BCDF4BA0D02: uid=0 from=<root@mailercyber3.com>
Sep 23 13:57:59 mailercyber3 postfix/cleanup[2559]: BCDF4BA0D02: message-id=<20220923175759.BCDF4BA0D02@mail.mailercyber1.com>
Sep 23 13:57:59 mailercyber3 opendkim[433]: can't load key from /etc/opendkim/keys/mailercyber3.com/default.private: Permission denied
Sep 23 13:57:59 mailercyber3 opendkim[433]: BCDF4BA0D02: error loading key 'default._domainkey.mailercyber3.com'
Sep 23 13:57:59 mailercyber3 postfix/cleanup[2559]: BCDF4BA0D02: milter-reject: END-OF-MESSAGE from localhost[127.0.0.1]: 4.7.1 Service unavailable - try again later; from=<root@mailercyber3.com> to=<test-cwk6wm84g@srv1.mail-tester.com>
Sep 23 13:58:10 mailercyber3 postfix/smtps/smtpd[2600]: connect from unknown[5.34.207.99]
Sep 23 13:58:12 mailercyber3 postfix/smtps/smtpd[2600]: Anonymous TLS connection established from unknown[5.34.207.99]: TLSv1.2 with cipher ECDHE-RSA-AES256-GCM-SHA384 (256/256 bits)
Sep 23 13:58:22 mailercyber3 postfix/smtps/smtpd[2600]: warning: unknown[5.34.207.99]: SASL LOGIN authentication failed: UGFzc3dvcmQ6
Sep 23 13:58:22 mailercyber3 postfix/smtps/smtpd[2600]: lost connection after AUTH from unknown[5.34.207.99]
Sep 23 13:58:22 mailercyber3 postfix/smtps/smtpd[2600]: disconnect from unknown[5.34.207.99] ehlo=1 auth=0/1 rset=1 commands=2/3
Sep 23 13:58:59 mailercyber3 postfix/pickup[2554]: 7857DBA0D02: uid=0 from=<root>
Sep 23 13:58:59 mailercyber3 postfix/cleanup[2557]: 7857DBA0D02: message-id=<20220923175859.7857DBA0D02@mail.mailercyber1.com>
Sep 23 13:58:59 mailercyber3 opendkim[433]: can't load key from /etc/opendkim/keys/mailercyber3.com/default.private: Permission denied
Sep 23 13:58:59 mailercyber3 opendkim[433]: 7857DBA0D02: error loading key 'default._domainkey.mailercyber3.com'
Sep 23 13:58:59 mailercyber3 postfix/cleanup[2557]: 7857DBA0D02: milter-reject: END-OF-MESSAGE from localhost[127.0.0.1]: 4.7.1 Service unavailable - try again later; from=<root@mailercyber3.com> to=<root@mailercyber3.com>
Sep 23 13:58:59 mailercyber3 postfix/pickup[2554]: 79AA9BA0D02: uid=0 from=<root@mailercyber3.com>
Sep 23 13:58:59 mailercyber3 postfix/cleanup[2559]: 79AA9BA0D02: message-id=<20220923175859.79AA9BA0D02@mail.mailercyber1.com>
Sep 23 13:58:59 mailercyber3 opendkim[433]: can't load key from /etc/opendkim/keys/mailercyber3.com/default.private: Permission denied
Sep 23 13:58:59 mailercyber3 opendkim[433]: 79AA9BA0D02: error loading key 'default._domainkey.mailercyber3.com'
Sep 23 13:58:59 mailercyber3 postfix/cleanup[2559]: 79AA9BA0D02: milter-reject: END-OF-MESSAGE from localhost[127.0.0.1]: 4.7.1 Service unavailable - try again later; from=<root@mailercyber3.com> to=<test-cwk6wm84g@srv1.mail-tester.com>
Sep 23 13:58:59 mailercyber3 postfix/pickup[2554]: 7A1CABA0D02: uid=0 from=<root@mailercyber3.com>
Sep 23 13:58:59 mailercyber3 postfix/cleanup[2557]: 7A1CABA0D02: message-id=<20220923175859.7A1CABA0D02@mail.mailercyber1.com>
Sep 23 13:58:59 mailercyber3 opendkim[433]: can't load key from /etc/opendkim/keys/mailercyber3.com/default.private: Permission denied
