Sep 23 13:15:25 mailercyber3 postfix/smtpd[1849]: warning: hostname 191-114-215-197.baf.movistar.cl does not resolve to address 191.114.215.197: No address associated with hostname
Sep 23 13:15:25 mailercyber3 postfix/smtpd[1849]: connect from unknown[191.114.215.197]
Sep 23 13:15:25 mailercyber3 postfix/smtpd[1851]: warning: hostname 191-114-215-197.baf.movistar.cl does not resolve to address 191.114.215.197: No address associated with hostname
Sep 23 13:15:25 mailercyber3 postfix/smtpd[1851]: connect from unknown[191.114.215.197]
Sep 23 13:15:25 mailercyber3 dovecot: pop3-login: Aborted login (no auth attempts in 0 secs): user=<>, rip=191.114.215.197, lip=154.53.37.147, session=<aj/gUlvp9OG/ctfF>
Sep 23 13:15:25 mailercyber3 dovecot: imap-login: Aborted login (no auth attempts in 0 secs): user=<>, rip=191.114.215.197, lip=154.53.37.147, session=<0EDgUlvp6eG/ctfF>
Sep 23 13:15:25 mailercyber3 dovecot: pop3-login: Aborted login (no auth attempts in 0 secs): user=<>, rip=191.114.215.197, lip=154.53.37.147, session=<Jn7gUlvp6+G/ctfF>
Sep 23 13:15:25 mailercyber3 dovecot: imap-login: Aborted login (no auth attempts in 0 secs): user=<>, rip=191.114.215.197, lip=154.53.37.147, session=<AozgUlvp7+G/ctfF>
Sep 23 13:15:25 mailercyber3 postfix/submission/smtpd[1829]: improper command pipelining after EHLO from unknown[191.114.215.197]: QUIT\r\n
Sep 23 13:15:25 mailercyber3 postfix/submission/smtpd[1829]: disconnect from unknown[191.114.215.197] ehlo=1 quit=1 commands=2
Sep 23 13:15:25 mailercyber3 postfix/smtpd[1831]: improper command pipelining after EHLO from unknown[191.114.215.197]: QUIT\r\n
Sep 23 13:15:25 mailercyber3 postfix/smtpd[1831]: disconnect from unknown[191.114.215.197] ehlo=1 quit=1 commands=2
Sep 23 13:15:25 mailercyber3 dovecot: imap-login: Aborted login (no auth attempts in 0 secs): user=<>, rip=191.114.215.197, lip=154.53.37.147, session=<D//gUlvp8OG/ctfF>
Sep 23 13:15:25 mailercyber3 postfix/smtpd[1835]: improper command pipelining after EHLO from unknown[191.114.215.197]: QUIT\r\n
Sep 23 13:15:25 mailercyber3 postfix/submission/smtpd[1833]: improper command pipelining after EHLO from unknown[191.114.215.197]: QUIT\r\n
Sep 23 13:15:25 mailercyber3 postfix/smtpd[1835]: disconnect from unknown[191.114.215.197] ehlo=1 quit=1 commands=2
Sep 23 13:15:25 mailercyber3 postfix/submission/smtpd[1833]: disconnect from unknown[191.114.215.197] ehlo=1 quit=1 commands=2
Sep 23 13:15:25 mailercyber3 dovecot: pop3-login: Aborted login (no auth attempts in 0 secs): user=<>, rip=191.114.215.197, lip=154.53.37.147, session=<JwrhUlvp7OG/ctfF>
Sep 23 13:15:25 mailercyber3 dovecot: imap-login: Aborted login (no auth attempts in 0 secs): user=<>, rip=191.114.215.197, lip=154.53.37.147, session=<AgvhUlvp5+G/ctfF>
Sep 23 13:15:25 mailercyber3 dovecot: pop3-login: Aborted login (no auth attempts in 0 secs): user=<>, rip=191.114.215.197, lip=154.53.37.147, session=<ZwzhUlvp8eG/ctfF>
Sep 23 13:15:25 mailercyber3 dovecot: imap-login: Aborted login (no auth attempts in 0 secs): user=<>, rip=191.114.215.197, lip=154.53.37.147, session=<uS/hUlvp6OG/ctfF>
Sep 23 13:15:25 mailercyber3 postfix/submission/smtpd[1837]: improper command pipelining after EHLO from unknown[191.114.215.197]: QUIT\r\n
Sep 23 13:15:25 mailercyber3 postfix/submission/smtpd[1837]: disconnect from unknown[191.114.215.197] ehlo=1 quit=1 commands=2
Sep 23 13:15:25 mailercyber3 dovecot: pop3-login: Aborted login (no auth attempts in 0 secs): user=<>, rip=191.114.215.197, lip=154.53.37.147, session=<X1PhUlvp8uG/ctfF>
Sep 23 13:15:25 mailercyber3 dovecot: imap-login: Aborted login (no auth attempts in 0 secs): user=<>, rip=191.114.215.197, lip=154.53.37.147, session=<kqDhUlvp7eG/ctfF>
Sep 23 13:15:25 mailercyber3 dovecot: pop3-login: Aborted login (no auth attempts in 0 secs): user=<>, rip=191.114.215.197, lip=154.53.37.147, session=<U6LhUlvp7uG/ctfF>
Sep 23 13:15:25 mailercyber3 postfix/submission/smtpd[1842]: improper command pipelining after EHLO from unknown[191.114.215.197]: QUIT\r\n
Sep 23 13:15:25 mailercyber3 postfix/submission/smtpd[1842]: disconnect from unknown[191.114.215.197] ehlo=1 quit=1 commands=2
Sep 23 13:15:25 mailercyber3 dovecot: pop3-login: Aborted login (no auth attempts in 0 secs): user=<>, rip=191.114.215.197, lip=154.53.37.147, session=<MqXhUlvp8+G/ctfF>
Sep 23 13:15:25 mailercyber3 postfix/smtpd[1839]: improper command pipelining after EHLO from unknown[191.114.215.197]: QUIT\r\n
Sep 23 13:15:25 mailercyber3 postfix/smtpd[1839]: disconnect from unknown[191.114.215.197] ehlo=1 quit=1 commands=2
Sep 23 13:15:25 mailercyber3 postfix/smtpd[1845]: improper command pipelining after EHLO from unknown[191.114.215.197]: QUIT\r\n
Sep 23 13:15:25 mailercyber3 postfix/smtpd[1845]: disconnect from unknown[191.114.215.197] ehlo=1 quit=1 commands=2
Sep 23 13:15:25 mailercyber3 postfix/submission/smtpd[1846]: improper command pipelining after EHLO from unknown[191.114.215.197]: QUIT\r\n
Sep 23 13:15:25 mailercyber3 postfix/submission/smtpd[1846]: disconnect from unknown[191.114.215.197] ehlo=1 quit=1 commands=2
Sep 23 13:15:25 mailercyber3 dovecot: pop3-login: Aborted login (no auth attempts in 0 secs): user=<>, rip=191.114.215.197, lip=154.53.37.147, session=<6fPhUlvp6uG/ctfF>
Sep 23 13:15:25 mailercyber3 postfix/smtpd[1849]: improper command pipelining after EHLO from unknown[191.114.215.197]: QUIT\r\n
Sep 23 13:15:25 mailercyber3 postfix/smtpd[1849]: disconnect from unknown[191.114.215.197] ehlo=1 quit=1 commands=2
Sep 23 13:15:25 mailercyber3 postfix/submission/smtpd[1850]: improper command pipelining after EHLO from unknown[191.114.215.197]: QUIT\r\n
Sep 23 13:15:25 mailercyber3 postfix/submission/smtpd[1850]: disconnect from unknown[191.114.215.197] ehlo=1 quit=1 commands=2
Sep 23 13:15:25 mailercyber3 postfix/smtpd[1851]: improper command pipelining after EHLO from unknown[191.114.215.197]: QUIT\r\n
Sep 23 13:15:25 mailercyber3 postfix/smtpd[1851]: disconnect from unknown[191.114.215.197] ehlo=1 quit=1 commands=2
Sep 23 13:15:31 mailercyber3 postfix/smtps/smtpd[1822]: warning: unknown[5.34.207.99]: SASL LOGIN authentication failed: UGFzc3dvcmQ6
Sep 23 13:15:31 mailercyber3 postfix/smtps/smtpd[1822]: lost connection after AUTH from unknown[5.34.207.99]
Sep 23 13:15:31 mailercyber3 postfix/smtps/smtpd[1822]: disconnect from unknown[5.34.207.99] ehlo=1 auth=0/1 rset=1 commands=2/3
Sep 23 13:15:37 mailercyber3 postfix/submission/smtpd[1829]: warning: hostname 191-114-215-197.baf.movistar.cl does not resolve to address 191.114.215.197: No address associated with hostname
Sep 23 13:15:37 mailercyber3 postfix/submission/smtpd[1829]: connect from unknown[191.114.215.197]
Sep 23 13:15:37 mailercyber3 dovecot: imap-login: Aborted login (no auth attempts in 0 secs): user=<>, rip=191.114.215.197, lip=154.53.37.147, session=<FhigU1vpCOK/ctfF>
Sep 23 13:15:37 mailercyber3 postfix/submission/smtpd[1829]: improper command pipelining after EHLO from unknown[191.114.215.197]: QUIT\r\n
Sep 23 13:15:37 mailercyber3 postfix/submission/smtpd[1829]: disconnect from unknown[191.114.215.197] ehlo=1 quit=1 commands=2
Sep 23 13:15:39 mailercyber3 dovecot: imap-login: Login: user=<admin>, method=PLAIN, rip=191.114.215.197, lip=154.53.37.147, mpid=1856, TLS, session=<iqG4U1vpCuK/ctfF>
Sep 23 13:15:39 mailercyber3 dovecot: imap(admin)<1856><iqG4U1vpCuK/ctfF>: Connection closed (No commands sent) in=0 out=388 deleted=0 expunged=0 trashed=0 hdr_count=0 hdr_bytes=0 body_count=0 body_bytes=0
Sep 23 13:15:40 mailercyber3 dovecot: imap-login: Login: user=<admin>, method=PLAIN, rip=191.114.215.197, lip=154.53.37.147, mpid=1859, TLS, session=</4vJU1vpDOK/ctfF>
Sep 23 13:15:40 mailercyber3 dovecot: imap-login: Login: user=<admin>, method=PLAIN, rip=191.114.215.197, lip=154.53.37.147, mpid=1860, TLS, session=<Yc3JU1vpC+K/ctfF>
Sep 23 13:16:08 mailercyber3 postfix/submission/smtpd[1833]: warning: hostname 191-114-215-197.baf.movistar.cl does not resolve to address 191.114.215.197: No address associated with hostname
Sep 23 13:16:08 mailercyber3 postfix/submission/smtpd[1833]: connect from unknown[191.114.215.197]
Sep 23 13:16:08 mailercyber3 postfix/submission/smtpd[1833]: Anonymous TLS connection established from unknown[191.114.215.197]: TLSv1.3 with cipher TLS_AES_128_GCM_SHA256 (128/128 bits) key-exchange X25519 server-signature RSA-PSS (2048 bits) server-digest SHA256
Sep 23 13:16:09 mailercyber3 postfix/submission/smtpd[1833]: 59D88BA0BD2: client=unknown[191.114.215.197], sasl_method=PLAIN, sasl_username=admin
Sep 23 13:16:09 mailercyber3 postfix/cleanup[1801]: 59D88BA0BD2: message-id=<729a52ef-9a80-7208-0fa8-331708149816@mailercyber3.com>
Sep 23 13:16:09 mailercyber3 opendkim[1807]: can't load key from /etc/opendkim/keys/mailercyber3.com/default.private: Permission denied
Sep 23 13:16:09 mailercyber3 opendkim[1807]: 59D88BA0BD2: error loading key 'default._domainkey.mailercyber3.com'
Sep 23 13:16:09 mailercyber3 postfix/cleanup[1801]: 59D88BA0BD2: milter-reject: END-OF-MESSAGE from unknown[191.114.215.197]: 4.7.1 Service unavailable - try again later; from=<admin@mailercyber3.com> to=<test-cwk6wm84g@srv1.mail-tester.com> proto=ESMTP helo=<[192.168.1.220]>
Sep 23 13:16:09 mailercyber3 postfix/submission/smtpd[1833]: disconnect from unknown[191.114.215.197] ehlo=2 starttls=1 auth=1 mail=1 rcpt=1 data=0/1 commands=6/7
Sep 23 13:16:30 mailercyber3 postfix/pickup[1798]: 4A526BA0D01: uid=0 from=<root@mailercyber3.com>
Sep 23 13:16:30 mailercyber3 postfix/cleanup[1801]: 4A526BA0D01: message-id=<20220923171630.4A526BA0D01@mail.mailercyber3.com>
Sep 23 13:16:30 mailercyber3 opendkim[1807]: can't load key from /etc/opendkim/keys/mailercyber3.com/default.private: Permission denied
Sep 23 13:16:30 mailercyber3 opendkim[1807]: 4A526BA0D01: error loading key 'default._domainkey.mailercyber3.com'
Sep 23 13:16:30 mailercyber3 postfix/cleanup[1801]: 4A526BA0D01: milter-reject: END-OF-MESSAGE from localhost[127.0.0.1]: 4.7.1 Service unavailable - try again later; from=<root@mailercyber3.com> to=<test-cwk6wm84g@srv1.mail-tester.com>
Sep 23 13:16:41 mailercyber3 postfix/smtps/smtpd[1822]: connect from unknown[5.34.207.99]
Sep 23 13:16:43 mailercyber3 postfix/pickup[1798]: 41B29BA0D01: uid=0 from=<root@mailercyber3.com>
Sep 23 13:16:43 mailercyber3 postfix/cleanup[1801]: 41B29BA0D01: message-id=<20220923171643.41B29BA0D01@mail.mailercyber3.com>
Sep 23 13:16:43 mailercyber3 opendkim[1807]: can't load key from /etc/opendkim/keys/mailercyber3.com/default.private: Permission denied
Sep 23 13:16:43 mailercyber3 opendkim[1807]: 41B29BA0D01: error loading key 'default._domainkey.mailercyber3.com'
Sep 23 13:16:43 mailercyber3 postfix/cleanup[1801]: 41B29BA0D01: milter-reject: END-OF-MESSAGE from localhost[127.0.0.1]: 4.7.1 Service unavailable - try again later; from=<root@mailercyber3.com> to=<test-cwk6wm84g@srv1.mail-tester.com>
Sep 23 13:16:43 mailercyber3 postfix/smtps/smtpd[1822]: Anonymous TLS connection established from unknown[5.34.207.99]: TLSv1.2 with cipher ECDHE-RSA-AES256-GCM-SHA384 (256/256 bits)
Sep 23 13:16:52 mailercyber3 postfix/smtps/smtpd[1822]: warning: unknown[5.34.207.99]: SASL LOGIN authentication failed: UGFzc3dvcmQ6
Sep 23 13:16:52 mailercyber3 postfix/smtps/smtpd[1822]: lost connection after AUTH from unknown[5.34.207.99]
Sep 23 13:16:52 mailercyber3 postfix/smtps/smtpd[1822]: disconnect from unknown[5.34.207.99] ehlo=1 auth=0/1 rset=1 commands=2/3
Sep 23 13:16:58 mailercyber3 postfix/pickup[1798]: 9F3EBBA0D02: uid=0 from=<root@mailercyber3.com>
Sep 23 13:16:58 mailercyber3 postfix/cleanup[1801]: 9F3EBBA0D02: message-id=<20220923171658.9F3EBBA0D02@mail.mailercyber3.com>
Sep 23 13:16:58 mailercyber3 opendkim[1807]: can't load key from /etc/opendkim/keys/mailercyber3.com/default.private: Permission denied
Sep 23 13:16:58 mailercyber3 opendkim[1807]: 9F3EBBA0D02: error loading key 'default._domainkey.mailercyber3.com'
Sep 23 13:16:58 mailercyber3 postfix/cleanup[1801]: 9F3EBBA0D02: milter-reject: END-OF-MESSAGE from localhost[127.0.0.1]: 4.7.1 Service unavailable - try again later; from=<root@mailercyber3.com> to=<test-cwk6wm84g@srv1.mail-tester.com>
Sep 23 13:16:58 mailercyber3 postfix/pickup[1798]: 9FB1CBA0D02: uid=0 from=<root@mailercyber3.com>
Sep 23 13:16:58 mailercyber3 postfix/cleanup[1801]: 9FB1CBA0D02: message-id=<20220923171658.9FB1CBA0D02@mail.mailercyber3.com>
Sep 23 13:16:58 mailercyber3 opendkim[1807]: can't load key from /etc/opendkim/keys/mailercyber3.com/default.private: Permission denied
Sep 23 13:16:58 mailercyber3 opendkim[1807]: 9FB1CBA0D02: error loading key 'default._domainkey.mailercyber3.com'
Sep 23 13:16:58 mailercyber3 postfix/cleanup[1801]: 9FB1CBA0D02: milter-reject: END-OF-MESSAGE from localhost[127.0.0.1]: 4.7.1 Service unavailable - try again later; from=<root@mailercyber3.com> to=<test-cwk6wm84g@srv1.mail-tester.com>
Sep 23 13:17:43 mailercyber3 postfix/pickup[1798]: 1A81BBA0D02: uid=0 from=<root@mailercyber3.com>
Sep 23 13:17:43 mailercyber3 postfix/cleanup[1801]: 1A81BBA0D02: message-id=<20220923171743.1A81BBA0D02@mail.mailercyber3.com>
Sep 23 13:17:43 mailercyber3 opendkim[1807]: can't load key from /etc/opendkim/keys/mailercyber3.com/default.private: Permission denied
Sep 23 13:17:43 mailercyber3 opendkim[1807]: 1A81BBA0D02: error loading key 'default._domainkey.mailercyber3.com'
Sep 23 13:17:43 mailercyber3 postfix/cleanup[1801]: 1A81BBA0D02: milter-reject: END-OF-MESSAGE from localhost[127.0.0.1]: 4.7.1 Service unavailable - try again later; from=<root@mailercyber3.com> to=<test-cwk6wm84g@srv1.mail-tester.com>
Sep 23 13:17:43 mailercyber3 postfix/pickup[1798]: 1B43BBA0D02: uid=0 from=<root@mailercyber3.com>
Sep 23 13:17:43 mailercyber3 postfix/cleanup[1801]: 1B43BBA0D02: message-id=<20220923171743.1B43BBA0D02@mail.mailercyber3.com>
Sep 23 13:17:43 mailercyber3 opendkim[1807]: can't load key from /etc/opendkim/keys/mailercyber3.com/default.private: Permission denied
Sep 23 13:17:43 mailercyber3 opendkim[1807]: 1B43BBA0D02: error loading key 'default._domainkey.mailercyber3.com'
Sep 23 13:17:43 mailercyber3 postfix/cleanup[1801]: 1B43BBA0D02: milter-reject: END-OF-MESSAGE from localhost[127.0.0.1]: 4.7.1 Service unavailable - try again later; from=<root@mailercyber3.com> to=<test-cwk6wm84g@srv1.mail-tester.com>
Sep 23 13:18:00 mailercyber3 postfix/smtps/smtpd[1822]: connect from unknown[5.34.207.99]
Sep 23 13:18:02 mailercyber3 postfix/smtps/smtpd[1822]: Anonymous TLS connection established from unknown[5.34.207.99]: TLSv1.2 with cipher ECDHE-RSA-AES256-GCM-SHA384 (256/256 bits)
Sep 23 13:18:10 mailercyber3 postfix/smtps/smtpd[1822]: warning: unknown[5.34.207.99]: SASL LOGIN authentication failed: UGFzc3dvcmQ6
Sep 23 13:18:10 mailercyber3 postfix/smtps/smtpd[1822]: lost connection after AUTH from unknown[5.34.207.99]
Sep 23 13:18:10 mailercyber3 postfix/smtps/smtpd[1822]: disconnect from unknown[5.34.207.99] ehlo=1 auth=0/1 rset=1 commands=2/3
Sep 23 13:18:43 mailercyber3 postfix/pickup[1798]: 88FD3BA0D02: uid=0 from=<root@mailercyber3.com>
Sep 23 13:18:43 mailercyber3 postfix/cleanup[1801]: 88FD3BA0D02: message-id=<20220923171843.88FD3BA0D02@mail.mailercyber3.com>
Sep 23 13:18:43 mailercyber3 opendkim[1807]: can't load key from /etc/opendkim/keys/mailercyber3.com/default.private: Permission denied
Sep 23 13:18:43 mailercyber3 opendkim[1807]: 88FD3BA0D02: error loading key 'default._domainkey.mailercyber3.com'
Sep 23 13:18:43 mailercyber3 postfix/cleanup[1801]: 88FD3BA0D02: milter-reject: END-OF-MESSAGE from localhost[127.0.0.1]: 4.7.1 Service unavailable - try again later; from=<root@mailercyber3.com> to=<test-cwk6wm84g@srv1.mail-tester.com>
Sep 23 13:18:43 mailercyber3 postfix/pickup[1798]: 8A14CBA0D02: uid=0 from=<root@mailercyber3.com>
Sep 23 13:18:43 mailercyber3 postfix/cleanup[1801]: 8A14CBA0D02: message-id=<20220923171843.8A14CBA0D02@mail.mailercyber3.com>
Sep 23 13:18:43 mailercyber3 opendkim[1807]: can't load key from /etc/opendkim/keys/mailercyber3.com/default.private: Permission denied
Sep 23 13:18:43 mailercyber3 opendkim[1807]: 8A14CBA0D02: error loading key 'default._domainkey.mailercyber3.com'
Sep 23 13:18:43 mailercyber3 postfix/cleanup[1801]: 8A14CBA0D02: milter-reject: END-OF-MESSAGE from localhost[127.0.0.1]: 4.7.1 Service unavailable - try again later; from=<root@mailercyber3.com> to=<test-cwk6wm84g@srv1.mail-tester.com>
Sep 23 13:19:20 mailercyber3 postfix/smtps/smtpd[1822]: connect from unknown[5.34.207.99]
Sep 23 13:19:23 mailercyber3 postfix/smtps/smtpd[1822]: Anonymous TLS connection established from unknown[5.34.207.99]: TLSv1.2 with cipher ECDHE-RSA-AES256-GCM-SHA384 (256/256 bits)
Sep 23 13:19:30 mailercyber3 postfix/smtps/smtpd[1822]: warning: unknown[5.34.207.99]: SASL LOGIN authentication failed: UGFzc3dvcmQ6
Sep 23 13:19:30 mailercyber3 postfix/smtps/smtpd[1822]: lost connection after AUTH from unknown[5.34.207.99]
Sep 23 13:19:30 mailercyber3 postfix/smtps/smtpd[1822]: disconnect from unknown[5.34.207.99] ehlo=1 auth=0/1 rset=1 commands=2/3
Sep 23 13:19:43 mailercyber3 postfix/pickup[1798]: 86487BA0D02: uid=0 from=<root@mailercyber3.com>
Sep 23 13:19:43 mailercyber3 postfix/cleanup[1801]: 86487BA0D02: message-id=<20220923171943.86487BA0D02@mail.mailercyber3.com>
Sep 23 13:19:43 mailercyber3 opendkim[1807]: can't load key from /etc/opendkim/keys/mailercyber3.com/default.private: Permission denied
Sep 23 13:19:43 mailercyber3 opendkim[1807]: 86487BA0D02: error loading key 'default._domainkey.mailercyber3.com'
Sep 23 13:19:43 mailercyber3 postfix/cleanup[1801]: 86487BA0D02: milter-reject: END-OF-MESSAGE from localhost[127.0.0.1]: 4.7.1 Service unavailable - try again later; from=<root@mailercyber3.com> to=<test-cwk6wm84g@srv1.mail-tester.com>
Sep 23 13:19:43 mailercyber3 postfix/pickup[1798]: 874F7BA0D02: uid=0 from=<root@mailercyber3.com>
Sep 23 13:19:43 mailercyber3 postfix/cleanup[1801]: 874F7BA0D02: message-id=<20220923171943.874F7BA0D02@mail.mailercyber3.com>
Sep 23 13:19:43 mailercyber3 opendkim[1807]: can't load key from /etc/opendkim/keys/mailercyber3.com/default.private: Permission denied
Sep 23 13:19:43 mailercyber3 opendkim[1807]: 874F7BA0D02: error loading key 'default._domainkey.mailercyber3.com'
Sep 23 13:19:43 mailercyber3 postfix/cleanup[1801]: 874F7BA0D02: milter-reject: END-OF-MESSAGE from localhost[127.0.0.1]: 4.7.1 Service unavailable - try again later; from=<root@mailercyber3.com> to=<test-cwk6wm84g@srv1.mail-tester.com>
Sep 23 13:20:39 mailercyber3 postfix/smtps/smtpd[1822]: connect from unknown[5.34.207.99]
Sep 23 13:20:41 mailercyber3 postfix/smtps/smtpd[1822]: Anonymous TLS connection established from unknown[5.34.207.99]: TLSv1.2 with cipher ECDHE-RSA-AES256-GCM-SHA384 (256/256 bits)
Sep 23 13:20:43 mailercyber3 postfix/pickup[1798]: 887E5BA0D02: uid=0 from=<root@mailercyber3.com>
Sep 23 13:20:43 mailercyber3 postfix/cleanup[1801]: 887E5BA0D02: message-id=<20220923172043.887E5BA0D02@mail.mailercyber3.com>
Sep 23 13:20:43 mailercyber3 opendkim[1807]: can't load key from /etc/opendkim/keys/mailercyber3.com/default.private: Permission denied
Sep 23 13:20:43 mailercyber3 opendkim[1807]: 887E5BA0D02: error loading key 'default._domainkey.mailercyber3.com'
Sep 23 13:20:43 mailercyber3 postfix/cleanup[1801]: 887E5BA0D02: milter-reject: END-OF-MESSAGE from localhost[127.0.0.1]: 4.7.1 Service unavailable - try again later; from=<root@mailercyber3.com> to=<test-cwk6wm84g@srv1.mail-tester.com>
Sep 23 13:20:43 mailercyber3 postfix/pickup[1798]: 89405BA0D02: uid=0 from=<root@mailercyber3.com>
Sep 23 13:20:43 mailercyber3 postfix/cleanup[1801]: 89405BA0D02: message-id=<20220923172043.89405BA0D02@mail.mailercyber3.com>
Sep 23 13:20:43 mailercyber3 opendkim[1807]: can't load key from /etc/opendkim/keys/mailercyber3.com/default.private: Permission denied
Sep 23 13:20:43 mailercyber3 opendkim[1807]: 89405BA0D02: error loading key 'default._domainkey.mailercyber3.com'
Sep 23 13:20:43 mailercyber3 postfix/cleanup[1801]: 89405BA0D02: milter-reject: END-OF-MESSAGE from localhost[127.0.0.1]: 4.7.1 Service unavailable - try again later; from=<root@mailercyber3.com> to=<test-cwk6wm84g@srv1.mail-tester.com>
Sep 23 13:20:49 mailercyber3 postfix/smtps/smtpd[1822]: warning: unknown[5.34.207.99]: SASL LOGIN authentication failed: UGFzc3dvcmQ6
Sep 23 13:20:49 mailercyber3 postfix/smtps/smtpd[1822]: lost connection after AUTH from unknown[5.34.207.99]
Sep 23 13:20:49 mailercyber3 postfix/smtps/smtpd[1822]: disconnect from unknown[5.34.207.99] ehlo=1 auth=0/1 rset=1 commands=2/3
Sep 23 13:21:43 mailercyber3 postfix/pickup[1798]: 8C7CBBA0D02: uid=0 from=<root@mailercyber3.com>
Sep 23 13:21:43 mailercyber3 postfix/cleanup[1801]: 8C7CBBA0D02: message-id=<20220923172143.8C7CBBA0D02@mail.mailercyber3.com>
Sep 23 13:21:43 mailercyber3 opendkim[1807]: can't load key from /etc/opendkim/keys/mailercyber3.com/default.private: Permission denied
Sep 23 13:21:43 mailercyber3 opendkim[1807]: 8C7CBBA0D02: error loading key 'default._domainkey.mailercyber3.com'
Sep 23 13:21:43 mailercyber3 postfix/cleanup[1801]: 8C7CBBA0D02: milter-reject: END-OF-MESSAGE from localhost[127.0.0.1]: 4.7.1 Service unavailable - try again later; from=<root@mailercyber3.com> to=<test-cwk6wm84g@srv1.mail-tester.com>
Sep 23 13:21:43 mailercyber3 postfix/pickup[1798]: 8D332BA0D02: uid=0 from=<root@mailercyber3.com>
Sep 23 13:21:43 mailercyber3 postfix/cleanup[1801]: 8D332BA0D02: message-id=<20220923172143.8D332BA0D02@mail.mailercyber3.com>
Sep 23 13:21:43 mailercyber3 opendkim[1807]: can't load key from /etc/opendkim/keys/mailercyber3.com/default.private: Permission denied
Sep 23 13:21:43 mailercyber3 opendkim[1807]: 8D332BA0D02: error loading key 'default._domainkey.mailercyber3.com'
Sep 23 13:21:43 mailercyber3 postfix/cleanup[1801]: 8D332BA0D02: milter-reject: END-OF-MESSAGE from localhost[127.0.0.1]: 4.7.1 Service unavailable - try again later; from=<root@mailercyber3.com> to=<test-cwk6wm84g@srv1.mail-tester.com>
Sep 23 13:21:58 mailercyber3 postfix/smtps/smtpd[1822]: connect from unknown[5.34.207.99]
Sep 23 13:22:00 mailercyber3 postfix/smtps/smtpd[1822]: Anonymous TLS connection established from unknown[5.34.207.99]: TLSv1.2 with cipher ECDHE-RSA-AES256-GCM-SHA384 (256/256 bits)
Sep 23 13:22:08 mailercyber3 postfix/smtps/smtpd[1822]: warning: unknown[5.34.207.99]: SASL LOGIN authentication failed: UGFzc3dvcmQ6
Sep 23 13:22:08 mailercyber3 postfix/smtps/smtpd[1822]: lost connection after AUTH from unknown[5.34.207.99]
Sep 23 13:22:08 mailercyber3 postfix/smtps/smtpd[1822]: disconnect from unknown[5.34.207.99] ehlo=1 auth=0/1 rset=1 commands=2/3
Sep 23 13:22:43 mailercyber3 postfix/pickup[1798]: 7ED73BA0D02: uid=0 from=<root@mailercyber3.com>
Sep 23 13:22:43 mailercyber3 postfix/cleanup[1801]: 7ED73BA0D02: message-id=<20220923172243.7ED73BA0D02@mail.mailercyber3.com>
Sep 23 13:22:43 mailercyber3 opendkim[1807]: can't load key from /etc/opendkim/keys/mailercyber3.com/default.private: Permission denied
Sep 23 13:22:43 mailercyber3 opendkim[1807]: 7ED73BA0D02: error loading key 'default._domainkey.mailercyber3.com'
Sep 23 13:22:43 mailercyber3 postfix/cleanup[1801]: 7ED73BA0D02: milter-reject: END-OF-MESSAGE from localhost[127.0.0.1]: 4.7.1 Service unavailable - try again later; from=<root@mailercyber3.com> to=<test-cwk6wm84g@srv1.mail-tester.com>
Sep 23 13:22:43 mailercyber3 postfix/pickup[1798]: 7FB89BA0D02: uid=0 from=<root@mailercyber3.com>
Sep 23 13:22:43 mailercyber3 postfix/cleanup[1801]: 7FB89BA0D02: message-id=<20220923172243.7FB89BA0D02@mail.mailercyber3.com>
Sep 23 13:22:43 mailercyber3 opendkim[1807]: can't load key from /etc/opendkim/keys/mailercyber3.com/default.private: Permission denied
Sep 23 13:22:43 mailercyber3 opendkim[1807]: 7FB89BA0D02: error loading key 'default._domainkey.mailercyber3.com'
Sep 23 13:22:43 mailercyber3 postfix/cleanup[1801]: 7FB89BA0D02: milter-reject: END-OF-MESSAGE from localhost[127.0.0.1]: 4.7.1 Service unavailable - try again later; from=<root@mailercyber3.com> to=<test-cwk6wm84g@srv1.mail-tester.com>
Sep 23 13:23:17 mailercyber3 postfix/smtps/smtpd[1822]: connect from unknown[5.34.207.99]
Sep 23 13:23:19 mailercyber3 postfix/smtps/smtpd[1822]: Anonymous TLS connection established from unknown[5.34.207.99]: TLSv1.2 with cipher ECDHE-RSA-AES256-GCM-SHA384 (256/256 bits)
Sep 23 13:23:27 mailercyber3 postfix/smtps/smtpd[1822]: warning: unknown[5.34.207.99]: SASL LOGIN authentication failed: UGFzc3dvcmQ6
Sep 23 13:23:27 mailercyber3 postfix/smtps/smtpd[1822]: lost connection after AUTH from unknown[5.34.207.99]
Sep 23 13:23:27 mailercyber3 postfix/smtps/smtpd[1822]: disconnect from unknown[5.34.207.99] ehlo=1 auth=0/1 rset=1 commands=2/3
Sep 23 13:23:43 mailercyber3 postfix/pickup[1798]: 3D415BA0D02: uid=0 from=<root@mailercyber3.com>
Sep 23 13:23:43 mailercyber3 postfix/cleanup[1801]: 3D415BA0D02: message-id=<20220923172343.3D415BA0D02@mail.mailercyber3.com>
Sep 23 13:23:43 mailercyber3 opendkim[1807]: can't load key from /etc/opendkim/keys/mailercyber3.com/default.private: Permission denied
Sep 23 13:23:43 mailercyber3 opendkim[1807]: 3D415BA0D02: error loading key 'default._domainkey.mailercyber3.com'
Sep 23 13:23:43 mailercyber3 postfix/cleanup[1801]: 3D415BA0D02: milter-reject: END-OF-MESSAGE from localhost[127.0.0.1]: 4.7.1 Service unavailable - try again later; from=<root@mailercyber3.com> to=<test-cwk6wm84g@srv1.mail-tester.com>
Sep 23 13:23:43 mailercyber3 postfix/pickup[1798]: 3DE24BA0D02: uid=0 from=<root@mailercyber3.com>
Sep 23 13:23:43 mailercyber3 postfix/cleanup[1924]: 3DE24BA0D02: message-id=<20220923172343.3DE24BA0D02@mail.mailercyber3.com>
Sep 23 13:23:43 mailercyber3 opendkim[1807]: can't load key from /etc/opendkim/keys/mailercyber3.com/default.private: Permission denied
Sep 23 13:23:43 mailercyber3 opendkim[1807]: 3DE24BA0D02: error loading key 'default._domainkey.mailercyber3.com'
Sep 23 13:23:43 mailercyber3 postfix/cleanup[1924]: 3DE24BA0D02: milter-reject: END-OF-MESSAGE from localhost[127.0.0.1]: 4.7.1 Service unavailable - try again later; from=<root@mailercyber3.com> to=<test-cwk6wm84g@srv1.mail-tester.com>
Sep 23 13:24:04 mailercyber3 opendkim[433]: OpenDKIM Filter v2.11.0 starting (args: -x /etc/opendkim.conf)
Sep 23 13:26:04 mailercyber3 dovecot: master: Dovecot v2.3.7.2 (3c910f64b) starting up for imap, lmtp, imap, lmtp, pop3 (core dumps disabled)
Sep 23 13:26:05 mailercyber3 postfix/postfix-script[986]: warning: symlink leaves directory: /etc/postfix/./makedefs.out
Sep 23 13:26:05 mailercyber3 postfix/postfix-script[1150]: starting the Postfix mail system
Sep 23 13:26:05 mailercyber3 postfix/master[1152]: daemon started -- version 3.4.13, configuration /etc/postfix
Sep 23 13:26:05 mailercyber3 postfix/pickup[1153]: 9F754BA0BD8: uid=0 from=<root>
Sep 23 13:26:05 mailercyber3 postfix/cleanup[1156]: 9F754BA0BD8: message-id=<20220923172605.9F754BA0BD8@mail.mailercyber3.com>
Sep 23 13:26:05 mailercyber3 opendkim[433]: can't load key from /etc/opendkim/keys/mailercyber3.com/default.private: Permission denied
Sep 23 13:26:05 mailercyber3 opendkim[433]: 9F754BA0BD8: error loading key 'default._domainkey.mailercyber3.com'
Sep 23 13:26:05 mailercyber3 postfix/cleanup[1156]: 9F754BA0BD8: milter-reject: END-OF-MESSAGE from localhost[127.0.0.1]: 4.7.1 Service unavailable - try again later; from=<root@mailercyber3.com> to=<root@mailercyber3.com>
Sep 23 13:26:05 mailercyber3 postfix/pickup[1153]: A1F82BA0BD8: uid=0 from=<root@mailercyber3.com>
Sep 23 13:26:05 mailercyber3 postfix/cleanup[1156]: A1F82BA0BD8: message-id=<20220923172605.A1F82BA0BD8@mail.mailercyber3.com>
Sep 23 13:26:05 mailercyber3 opendkim[433]: can't load key from /etc/opendkim/keys/mailercyber3.com/default.private: Permission denied
Sep 23 13:26:05 mailercyber3 opendkim[433]: A1F82BA0BD8: error loading key 'default._domainkey.mailercyber3.com'
Sep 23 13:26:05 mailercyber3 postfix/cleanup[1156]: A1F82BA0BD8: milter-reject: END-OF-MESSAGE from localhost[127.0.0.1]: 4.7.1 Service unavailable - try again later; from=<root@mailercyber3.com> to=<test-cwk6wm84g@srv1.mail-tester.com>
Sep 23 13:26:05 mailercyber3 postfix/pickup[1153]: A2658BA0BD8: uid=0 from=<root@mailercyber3.com>
Sep 23 13:26:05 mailercyber3 postfix/cleanup[1156]: A2658BA0BD8: message-id=<20220923172605.A2658BA0BD8@mail.mailercyber3.com>
Sep 23 13:26:05 mailercyber3 opendkim[433]: can't load key from /etc/opendkim/keys/mailercyber3.com/default.private: Permission denied
Sep 23 13:26:05 mailercyber3 opendkim[433]: A2658BA0BD8: error loading key 'default._domainkey.mailercyber3.com'
Sep 23 13:26:05 mailercyber3 postfix/cleanup[1156]: A2658BA0BD8: milter-reject: END-OF-MESSAGE from localhost[127.0.0.1]: 4.7.1 Service unavailable - try again later; from=<root@mailercyber3.com> to=<test-cwk6wm84g@srv1.mail-tester.com>
Sep 23 13:26:50 mailercyber3 postfix/submission/smtpd[1166]: warning: hostname 191-114-215-197.baf.movistar.cl does not resolve to address 191.114.215.197: No address associated with hostname
Sep 23 13:26:50 mailercyber3 postfix/smtpd[1165]: warning: hostname 191-114-215-197.baf.movistar.cl does not resolve to address 191.114.215.197: No address associated with hostname
Sep 23 13:26:50 mailercyber3 postfix/smtpd[1165]: connect from unknown[191.114.215.197]
Sep 23 13:26:50 mailercyber3 postfix/submission/smtpd[1166]: connect from unknown[191.114.215.197]
Sep 23 13:26:50 mailercyber3 postfix/submission/smtpd[1179]: warning: hostname 191-114-215-197.baf.movistar.cl does not resolve to address 191.114.215.197: No address associated with hostname
Sep 23 13:26:50 mailercyber3 postfix/submission/smtpd[1179]: connect from unknown[191.114.215.197]
Sep 23 13:26:50 mailercyber3 postfix/smtpd[1180]: warning: hostname 191-114-215-197.baf.movistar.cl does not resolve to address 191.114.215.197: No address associated with hostname
Sep 23 13:26:50 mailercyber3 postfix/smtpd[1180]: connect from unknown[191.114.215.197]
Sep 23 13:26:50 mailercyber3 postfix/smtpd[1184]: warning: hostname 191-114-215-197.baf.movistar.cl does not resolve to address 191.114.215.197: No address associated with hostname
Sep 23 13:26:50 mailercyber3 postfix/smtpd[1184]: connect from unknown[191.114.215.197]
Sep 23 13:26:50 mailercyber3 postfix/submission/smtpd[1185]: warning: hostname 191-114-215-197.baf.movistar.cl does not resolve to address 191.114.215.197: No address associated with hostname
Sep 23 13:26:50 mailercyber3 postfix/submission/smtpd[1185]: connect from unknown[191.114.215.197]
Sep 23 13:26:50 mailercyber3 postfix/submission/smtpd[1189]: warning: hostname 191-114-215-197.baf.movistar.cl does not resolve to address 191.114.215.197: No address associated with hostname
Sep 23 13:26:50 mailercyber3 postfix/submission/smtpd[1189]: connect from unknown[191.114.215.197]
Sep 23 13:26:50 mailercyber3 postfix/smtpd[1190]: warning: hostname 191-114-215-197.baf.movistar.cl does not resolve to address 191.114.215.197: No address associated with hostname
Sep 23 13:26:50 mailercyber3 postfix/smtpd[1190]: connect from unknown[191.114.215.197]
Sep 23 13:26:50 mailercyber3 postfix/smtpd[1191]: warning: hostname 191-114-215-197.baf.movistar.cl does not resolve to address 191.114.215.197: No address associated with hostname
Sep 23 13:26:50 mailercyber3 postfix/smtpd[1191]: connect from unknown[191.114.215.197]
Sep 23 13:26:50 mailercyber3 postfix/submission/smtpd[1192]: warning: hostname 191-114-215-197.baf.movistar.cl does not resolve to address 191.114.215.197: No address associated with hostname
Sep 23 13:26:50 mailercyber3 postfix/submission/smtpd[1192]: connect from unknown[191.114.215.197]
Sep 23 13:26:50 mailercyber3 postfix/submission/smtpd[1194]: warning: hostname 191-114-215-197.baf.movistar.cl does not resolve to address 191.114.215.197: No address associated with hostname
Sep 23 13:26:50 mailercyber3 postfix/submission/smtpd[1194]: connect from unknown[191.114.215.197]
Sep 23 13:26:50 mailercyber3 postfix/smtpd[1193]: warning: hostname 191-114-215-197.baf.movistar.cl does not resolve to address 191.114.215.197: No address associated with hostname
Sep 23 13:26:50 mailercyber3 postfix/smtpd[1193]: connect from unknown[191.114.215.197]
Sep 23 13:26:50 mailercyber3 dovecot: imap-login: Aborted login (no auth attempts in 0 secs): user=<>, rip=191.114.215.197, lip=154.53.37.147, session=<O9Wye1vpDOO/ctfF>
Sep 23 13:26:50 mailercyber3 dovecot: pop3-login: Aborted login (no auth attempts in 0 secs): user=<>, rip=191.114.215.197, lip=154.53.37.147, session=<YtWye1vpFeO/ctfF>
Sep 23 13:26:50 mailercyber3 dovecot: imap-login: Aborted login (no auth attempts in 0 secs): user=<>, rip=191.114.215.197, lip=154.53.37.147, session=<a9eye1vpCuO/ctfF>
Sep 23 13:26:50 mailercyber3 dovecot: pop3-login: Aborted login (no auth attempts in 0 secs): user=<>, rip=191.114.215.197, lip=154.53.37.147, session=<Rtmye1vpDuO/ctfF>
Sep 23 13:26:50 mailercyber3 dovecot: pop3-login: Aborted login (no auth attempts in 0 secs): user=<>, rip=191.114.215.197, lip=154.53.37.147, session=<c/Cye1vpEeO/ctfF>
Sep 23 13:26:50 mailercyber3 dovecot: imap-login: Aborted login (no auth attempts in 0 secs): user=<>, rip=191.114.215.197, lip=154.53.37.147, session=<x/Gye1vpD+O/ctfF>
Sep 23 13:26:50 mailercyber3 postfix/smtpd[1165]: improper command pipelining after EHLO from unknown[191.114.215.197]: QUIT\r\n
Sep 23 13:26:50 mailercyber3 postfix/smtpd[1180]: improper command pipelining after EHLO from unknown[191.114.215.197]: QUIT\r\n
Sep 23 13:26:50 mailercyber3 postfix/smtpd[1180]: disconnect from unknown[191.114.215.197] ehlo=1 quit=1 commands=2
Sep 23 13:26:50 mailercyber3 postfix/smtpd[1165]: disconnect from unknown[191.114.215.197] ehlo=1 quit=1 commands=2
Sep 23 13:26:50 mailercyber3 postfix/submission/smtpd[1166]: improper command pipelining after EHLO from unknown[191.114.215.197]: QUIT\r\n
Sep 23 13:26:50 mailercyber3 dovecot: pop3-login: Aborted login (no auth attempts in 0 secs): user=<>, rip=191.114.215.197, lip=154.53.37.147, session=<Fnaze1vpF+O/ctfF>
Sep 23 13:26:50 mailercyber3 postfix/submission/smtpd[1166]: disconnect from unknown[191.114.215.197] ehlo=1 quit=1 commands=2
Sep 23 13:26:50 mailercyber3 dovecot: imap-login: Aborted login (no auth attempts in 0 secs): user=<>, rip=191.114.215.197, lip=154.53.37.147, session=<Ynuze1vpEOO/ctfF>
Sep 23 13:26:50 mailercyber3 dovecot: imap-login: Aborted login (no auth attempts in 0 secs): user=<>, rip=191.114.215.197, lip=154.53.37.147, session=</Huze1vpEuO/ctfF>
Sep 23 13:26:50 mailercyber3 dovecot: pop3-login: Aborted login (no auth attempts in 0 secs): user=<>, rip=191.114.215.197, lip=154.53.37.147, session=<7H2ze1vpFOO/ctfF>
Sep 23 13:26:50 mailercyber3 dovecot: pop3-login: Aborted login (no auth attempts in 0 secs): user=<>, rip=191.114.215.197, lip=154.53.37.147, session=<gH+ze1vpDeO/ctfF>
Sep 23 13:26:50 mailercyber3 postfix/submission/smtpd[1179]: improper command pipelining after EHLO from unknown[191.114.215.197]: QUIT\r\n
Sep 23 13:26:50 mailercyber3 postfix/submission/smtpd[1179]: disconnect from unknown[191.114.215.197] ehlo=1 quit=1 commands=2
Sep 23 13:26:50 mailercyber3 dovecot: pop3-login: Aborted login (no auth attempts in 0 secs): user=<>, rip=191.114.215.197, lip=154.53.37.147, session=<doaze1vpFuO/ctfF>
Sep 23 13:26:50 mailercyber3 dovecot: imap-login: Aborted login (no auth attempts in 0 secs): user=<>, rip=191.114.215.197, lip=154.53.37.147, session=<fIaze1vpC+O/ctfF>
Sep 23 13:26:50 mailercyber3 postfix/smtpd[1184]: improper command pipelining after EHLO from unknown[191.114.215.197]: QUIT\r\n
Sep 23 13:26:50 mailercyber3 postfix/smtpd[1184]: disconnect from unknown[191.114.215.197] ehlo=1 quit=1 commands=2
Sep 23 13:26:50 mailercyber3 postfix/submission/smtpd[1185]: improper command pipelining after EHLO from unknown[191.114.215.197]: QUIT\r\n
Sep 23 13:26:50 mailercyber3 postfix/submission/smtpd[1185]: disconnect from unknown[191.114.215.197] ehlo=1 quit=1 commands=2
Sep 23 13:26:50 mailercyber3 dovecot: pop3-login: Aborted login (no auth attempts in 0 secs): user=<>, rip=191.114.215.197, lip=154.53.37.147, session=<h8Cze1vpE+O/ctfF>
Sep 23 13:26:50 mailercyber3 postfix/smtpd[1190]: improper command pipelining after EHLO from unknown[191.114.215.197]: QUIT\r\n
Sep 23 13:26:50 mailercyber3 postfix/smtpd[1190]: disconnect from unknown[191.114.215.197] ehlo=1 quit=1 commands=2
Sep 23 13:26:50 mailercyber3 postfix/submission/smtpd[1189]: improper command pipelining after EHLO from unknown[191.114.215.197]: QUIT\r\n
Sep 23 13:26:50 mailercyber3 postfix/submission/smtpd[1189]: disconnect from unknown[191.114.215.197] ehlo=1 quit=1 commands=2
Sep 23 13:26:50 mailercyber3 postfix/smtpd[1191]: improper command pipelining after EHLO from unknown[191.114.215.197]: QUIT\r\n
Sep 23 13:26:50 mailercyber3 postfix/smtpd[1191]: disconnect from unknown[191.114.215.197] ehlo=1 quit=1 commands=2
Sep 23 13:26:50 mailercyber3 postfix/submission/smtpd[1192]: improper command pipelining after EHLO from unknown[191.114.215.197]: QUIT\r\n
Sep 23 13:26:50 mailercyber3 postfix/submission/smtpd[1192]: disconnect from unknown[191.114.215.197] ehlo=1 quit=1 commands=2
Sep 23 13:26:50 mailercyber3 postfix/submission/smtpd[1194]: improper command pipelining after EHLO from unknown[191.114.215.197]: QUIT\r\n
Sep 23 13:26:50 mailercyber3 postfix/submission/smtpd[1194]: disconnect from unknown[191.114.215.197] ehlo=1 quit=1 commands=2
Sep 23 13:26:50 mailercyber3 postfix/smtpd[1193]: disconnect from unknown[191.114.215.197] ehlo=1 quit=1 commands=2
Sep 23 13:27:05 mailercyber3 postfix/pickup[1153]: 47E03BA0BD8: uid=0 from=<root>
Sep 23 13:27:05 mailercyber3 postfix/cleanup[1156]: 47E03BA0BD8: message-id=<20220923172705.47E03BA0BD8@mail.mailercyber3.com>
Sep 23 13:27:05 mailercyber3 opendkim[433]: can't load key from /etc/opendkim/keys/mailercyber3.com/default.private: Permission denied
Sep 23 13:27:05 mailercyber3 opendkim[433]: 47E03BA0BD8: error loading key 'default._domainkey.mailercyber3.com'
Sep 23 13:27:05 mailercyber3 postfix/cleanup[1156]: 47E03BA0BD8: milter-reject: END-OF-MESSAGE from localhost[127.0.0.1]: 4.7.1 Service unavailable - try again later; from=<root@mailercyber3.com> to=<root@mailercyber3.com>
Sep 23 13:27:05 mailercyber3 postfix/pickup[1153]: 4896DBA0BD8: uid=0 from=<root@mailercyber3.com>
Sep 23 13:27:05 mailercyber3 postfix/cleanup[1156]: 4896DBA0BD8: message-id=<20220923172705.4896DBA0BD8@mail.mailercyber3.com>
Sep 23 13:27:05 mailercyber3 opendkim[433]: can't load key from /etc/opendkim/keys/mailercyber3.com/default.private: Permission denied
Sep 23 13:27:05 mailercyber3 opendkim[433]: 4896DBA0BD8: error loading key 'default._domainkey.mailercyber3.com'
Sep 23 13:27:05 mailercyber3 postfix/cleanup[1156]: 4896DBA0BD8: milter-reject: END-OF-MESSAGE from localhost[127.0.0.1]: 4.7.1 Service unavailable - try again later; from=<root@mailercyber3.com> to=<test-cwk6wm84g@srv1.mail-tester.com>
Sep 23 13:27:05 mailercyber3 postfix/pickup[1153]: 4B855BA0BD8: uid=0 from=<root@mailercyber3.com>
Sep 23 13:27:05 mailercyber3 postfix/cleanup[1156]: 4B855BA0BD8: message-id=<20220923172705.4B855BA0BD8@mail.mailercyber3.com>
Sep 23 13:27:05 mailercyber3 opendkim[433]: can't load key from /etc/opendkim/keys/mailercyber3.com/default.private: Permission denied
Sep 23 13:27:05 mailercyber3 opendkim[433]: 4B855BA0BD8: error loading key 'default._domainkey.mailercyber3.com'
Sep 23 13:27:05 mailercyber3 postfix/cleanup[1156]: 4B855BA0BD8: milter-reject: END-OF-MESSAGE from localhost[127.0.0.1]: 4.7.1 Service unavailable - try again later; from=<root@mailercyber3.com> to=<test-cwk6wm84g@srv1.mail-tester.com>
Sep 23 13:27:11 mailercyber3 dovecot: imap-login: Login: user=<admin>, method=PLAIN, rip=191.114.215.197, lip=154.53.37.147, mpid=1201, TLS, session=<C07yfFvpJOO/ctfF>
Sep 23 13:27:11 mailercyber3 dovecot: imap(admin)<1201><C07yfFvpJOO/ctfF>: Connection closed (No commands sent) in=0 out=388 deleted=0 expunged=0 trashed=0 hdr_count=0 hdr_bytes=0 body_count=0 body_bytes=0
Sep 23 13:27:12 mailercyber3 dovecot: imap-login: Login: user=<admin>, method=PLAIN, rip=191.114.215.197, lip=154.53.37.147, mpid=1204, TLS, session=<4PcCfVvpJeO/ctfF>
Sep 23 13:27:12 mailercyber3 dovecot: imap-login: Login: user=<admin>, method=PLAIN, rip=191.114.215.197, lip=154.53.37.147, mpid=1205, TLS, session=<oHkDfVvpJuO/ctfF>
Sep 23 13:27:21 mailercyber3 postfix/smtps/smtpd[1206]: connect from unknown[5.34.207.99]
Sep 23 13:27:23 mailercyber3 postfix/smtps/smtpd[1206]: Anonymous TLS connection established from unknown[5.34.207.99]: TLSv1.2 with cipher ECDHE-RSA-AES256-GCM-SHA384 (256/256 bits)
Sep 23 13:27:31 mailercyber3 postfix/smtps/smtpd[1206]: warning: unknown[5.34.207.99]: SASL LOGIN authentication failed: UGFzc3dvcmQ6
Sep 23 13:27:31 mailercyber3 postfix/smtps/smtpd[1206]: lost connection after AUTH from unknown[5.34.207.99]
Sep 23 13:27:31 mailercyber3 postfix/smtps/smtpd[1206]: disconnect from unknown[5.34.207.99] ehlo=1 auth=0/1 rset=1 commands=2/3
Sep 23 13:27:37 mailercyber3 postfix/submission/smtpd[1166]: warning: hostname 191-114-215-197.baf.movistar.cl does not resolve to address 191.114.215.197: No address associated with hostname
Sep 23 13:27:37 mailercyber3 postfix/submission/smtpd[1166]: connect from unknown[191.114.215.197]
Sep 23 13:27:38 mailercyber3 postfix/submission/smtpd[1166]: SSL_accept error from unknown[191.114.215.197]: -1
Sep 23 13:27:38 mailercyber3 postfix/submission/smtpd[1166]: warning: TLS library problem: error:14094412:SSL routines:ssl3_read_bytes:sslv3 alert bad certificate:../ssl/record/rec_layer_s3.c:1543:SSL alert number 42:
Sep 23 13:27:38 mailercyber3 postfix/submission/smtpd[1166]: lost connection after STARTTLS from unknown[191.114.215.197]
Sep 23 13:27:38 mailercyber3 postfix/submission/smtpd[1166]: disconnect from unknown[191.114.215.197] ehlo=1 starttls=0/1 commands=1/2
Sep 23 13:28:05 mailercyber3 postfix/pickup[1153]: 14103BA0BD8: uid=0 from=<root>
Sep 23 13:28:05 mailercyber3 postfix/cleanup[1156]: 14103BA0BD8: message-id=<20220923172805.14103BA0BD8@mail.mailercyber3.com>
Sep 23 13:28:05 mailercyber3 opendkim[433]: can't load key from /etc/opendkim/keys/mailercyber3.com/default.private: Permission denied
Sep 23 13:28:05 mailercyber3 opendkim[433]: 14103BA0BD8: error loading key 'default._domainkey.mailercyber3.com'
Sep 23 13:28:05 mailercyber3 postfix/cleanup[1156]: 14103BA0BD8: milter-reject: END-OF-MESSAGE from localhost[127.0.0.1]: 4.7.1 Service unavailable - try again later; from=<root@mailercyber3.com> to=<root@mailercyber3.com>
Sep 23 13:28:05 mailercyber3 postfix/pickup[1153]: 15373BA0BD8: uid=0 from=<root@mailercyber3.com>
Sep 23 13:28:05 mailercyber3 postfix/cleanup[1156]: 15373BA0BD8: message-id=<20220923172805.15373BA0BD8@mail.mailercyber3.com>
Sep 23 13:28:05 mailercyber3 opendkim[433]: can't load key from /etc/opendkim/keys/mailercyber3.com/default.private: Permission denied
Sep 23 13:28:05 mailercyber3 opendkim[433]: 15373BA0BD8: error loading key 'default._domainkey.mailercyber3.com'
Sep 23 13:28:05 mailercyber3 postfix/cleanup[1156]: 15373BA0BD8: milter-reject: END-OF-MESSAGE from localhost[127.0.0.1]: 4.7.1 Service unavailable - try again later; from=<root@mailercyber3.com> to=<test-cwk6wm84g@srv1.mail-tester.com>
Sep 23 13:28:05 mailercyber3 postfix/pickup[1153]: 16CF6BA0BD8: uid=0 from=<root@mailercyber3.com>
Sep 23 13:28:05 mailercyber3 postfix/cleanup[1156]: 16CF6BA0BD8: message-id=<20220923172805.16CF6BA0BD8@mail.mailercyber3.com>
Sep 23 13:28:05 mailercyber3 opendkim[433]: can't load key from /etc/opendkim/keys/mailercyber3.com/default.private: Permission denied
Sep 23 13:28:05 mailercyber3 opendkim[433]: 16CF6BA0BD8: error loading key 'default._domainkey.mailercyber3.com'
Sep 23 13:28:05 mailercyber3 postfix/cleanup[1156]: 16CF6BA0BD8: milter-reject: END-OF-MESSAGE from localhost[127.0.0.1]: 4.7.1 Service unavailable - try again later; from=<root@mailercyber3.com> to=<test-cwk6wm84g@srv1.mail-tester.com>
Sep 23 13:28:41 mailercyber3 postfix/smtps/smtpd[1206]: connect from unknown[5.34.207.99]
Sep 23 13:28:44 mailercyber3 postfix/smtps/smtpd[1206]: Anonymous TLS connection established from unknown[5.34.207.99]: TLSv1.2 with cipher ECDHE-RSA-AES256-GCM-SHA384 (256/256 bits)
Sep 23 13:28:53 mailercyber3 postfix/smtps/smtpd[1206]: warning: unknown[5.34.207.99]: SASL LOGIN authentication failed: UGFzc3dvcmQ6
Sep 23 13:28:53 mailercyber3 postfix/smtps/smtpd[1206]: lost connection after AUTH from unknown[5.34.207.99]
Sep 23 13:28:53 mailercyber3 postfix/smtps/smtpd[1206]: disconnect from unknown[5.34.207.99] ehlo=1 auth=0/1 rset=1 commands=2/3
Sep 23 13:29:05 mailercyber3 postfix/pickup[1153]: 6B482BA0BD8: uid=0 from=<root>
Sep 23 13:29:05 mailercyber3 postfix/cleanup[1156]: 6B482BA0BD8: message-id=<20220923172905.6B482BA0BD8@mail.mailercyber3.com>
Sep 23 13:29:05 mailercyber3 opendkim[433]: can't load key from /etc/opendkim/keys/mailercyber3.com/default.private: Permission denied
Sep 23 13:29:05 mailercyber3 opendkim[433]: 6B482BA0BD8: error loading key 'default._domainkey.mailercyber3.com'
Sep 23 13:29:05 mailercyber3 postfix/cleanup[1156]: 6B482BA0BD8: milter-reject: END-OF-MESSAGE from localhost[127.0.0.1]: 4.7.1 Service unavailable - try again later; from=<root@mailercyber3.com> to=<root@mailercyber3.com>
Sep 23 13:29:05 mailercyber3 postfix/pickup[1153]: 6C3B0BA0BD8: uid=0 from=<root@mailercyber3.com>
Sep 23 13:29:05 mailercyber3 postfix/cleanup[1156]: 6C3B0BA0BD8: message-id=<20220923172905.6C3B0BA0BD8@mail.mailercyber3.com>
Sep 23 13:29:05 mailercyber3 opendkim[433]: can't load key from /etc/opendkim/keys/mailercyber3.com/default.private: Permission denied
Sep 23 13:29:05 mailercyber3 opendkim[433]: 6C3B0BA0BD8: error loading key 'default._domainkey.mailercyber3.com'
Sep 23 13:29:05 mailercyber3 postfix/cleanup[1156]: 6C3B0BA0BD8: milter-reject: END-OF-MESSAGE from localhost[127.0.0.1]: 4.7.1 Service unavailable - try again later; from=<root@mailercyber3.com> to=<test-cwk6wm84g@srv1.mail-tester.com>
Sep 23 13:29:05 mailercyber3 postfix/pickup[1153]: 6D196BA0BD8: uid=0 from=<root@mailercyber3.com>
Sep 23 13:29:05 mailercyber3 postfix/cleanup[1156]: 6D196BA0BD8: message-id=<20220923172905.6D196BA0BD8@mail.mailercyber3.com>
Sep 23 13:29:05 mailercyber3 opendkim[433]: can't load key from /etc/opendkim/keys/mailercyber3.com/default.private: Permission denied
Sep 23 13:29:05 mailercyber3 opendkim[433]: 6D196BA0BD8: error loading key 'default._domainkey.mailercyber3.com'
Sep 23 13:29:05 mailercyber3 postfix/cleanup[1156]: 6D196BA0BD8: milter-reject: END-OF-MESSAGE from localhost[127.0.0.1]: 4.7.1 Service unavailable - try again later; from=<root@mailercyber3.com> to=<test-cwk6wm84g@srv1.mail-tester.com>
Sep 23 13:30:05 mailercyber3 postfix/pickup[1153]: 7A40CBA0BD8: uid=0 from=<root>
Sep 23 13:30:05 mailercyber3 postfix/cleanup[1240]: 7A40CBA0BD8: message-id=<20220923173005.7A40CBA0BD8@mail.mailercyber3.com>
Sep 23 13:30:05 mailercyber3 opendkim[433]: can't load key from /etc/opendkim/keys/mailercyber3.com/default.private: Permission denied
Sep 23 13:30:05 mailercyber3 opendkim[433]: 7A40CBA0BD8: error loading key 'default._domainkey.mailercyber3.com'
Sep 23 13:30:05 mailercyber3 postfix/cleanup[1240]: 7A40CBA0BD8: milter-reject: END-OF-MESSAGE from localhost[127.0.0.1]: 4.7.1 Service unavailable - try again later; from=<root@mailercyber3.com> to=<root@mailercyber3.com>
Sep 23 13:30:05 mailercyber3 postfix/pickup[1153]: 7B0DABA0BD8: uid=0 from=<root@mailercyber3.com>
Sep 23 13:30:05 mailercyber3 postfix/cleanup[1156]: 7B0DABA0BD8: message-id=<20220923173005.7B0DABA0BD8@mail.mailercyber3.com>
Sep 23 13:30:05 mailercyber3 opendkim[433]: can't load key from /etc/opendkim/keys/mailercyber3.com/default.private: Permission denied
Sep 23 13:30:05 mailercyber3 opendkim[433]: 7B0DABA0BD8: error loading key 'default._domainkey.mailercyber3.com'
Sep 23 13:30:05 mailercyber3 postfix/cleanup[1156]: 7B0DABA0BD8: milter-reject: END-OF-MESSAGE from localhost[127.0.0.1]: 4.7.1 Service unavailable - try again later; from=<root@mailercyber3.com> to=<test-cwk6wm84g@srv1.mail-tester.com>
Sep 23 13:30:05 mailercyber3 postfix/pickup[1153]: 7B604BA0BD8: uid=0 from=<root@mailercyber3.com>
Sep 23 13:30:05 mailercyber3 postfix/cleanup[1240]: 7B604BA0BD8: message-id=<20220923173005.7B604BA0BD8@mail.mailercyber3.com>
Sep 23 13:30:05 mailercyber3 opendkim[433]: can't load key from /etc/opendkim/keys/mailercyber3.com/default.private: Permission denied
Sep 23 13:30:05 mailercyber3 opendkim[433]: 7B604BA0BD8: error loading key 'default._domainkey.mailercyber3.com'
Sep 23 13:30:05 mailercyber3 postfix/cleanup[1240]: 7B604BA0BD8: milter-reject: END-OF-MESSAGE from localhost[127.0.0.1]: 4.7.1 Service unavailable - try again later; from=<root@mailercyber3.com> to=<test-cwk6wm84g@srv1.mail-tester.com>
Sep 23 13:30:09 mailercyber3 postfix/smtps/smtpd[1206]: connect from unknown[5.34.207.99]
Sep 23 13:30:11 mailercyber3 postfix/smtps/smtpd[1206]: Anonymous TLS connection established from unknown[5.34.207.99]: TLSv1.2 with cipher ECDHE-RSA-AES256-GCM-SHA384 (256/256 bits)
Sep 23 13:30:19 mailercyber3 postfix/smtps/smtpd[1206]: warning: unknown[5.34.207.99]: SASL LOGIN authentication failed: UGFzc3dvcmQ6
Sep 23 13:30:19 mailercyber3 postfix/smtps/smtpd[1206]: lost connection after AUTH from unknown[5.34.207.99]
Sep 23 13:30:19 mailercyber3 postfix/smtps/smtpd[1206]: disconnect from unknown[5.34.207.99] ehlo=1 auth=0/1 rset=1 commands=2/3
Sep 23 13:31:05 mailercyber3 postfix/pickup[1153]: 73721BA0BD8: uid=0 from=<root>
Sep 23 13:31:05 mailercyber3 postfix/cleanup[1156]: 73721BA0BD8: message-id=<20220923173105.73721BA0BD8@mail.mailercyber3.com>
Sep 23 13:31:05 mailercyber3 opendkim[433]: can't load key from /etc/opendkim/keys/mailercyber3.com/default.private: Permission denied
Sep 23 13:31:05 mailercyber3 opendkim[433]: 73721BA0BD8: error loading key 'default._domainkey.mailercyber3.com'
Sep 23 13:31:05 mailercyber3 postfix/cleanup[1156]: 73721BA0BD8: milter-reject: END-OF-MESSAGE from localhost[127.0.0.1]: 4.7.1 Service unavailable - try again later; from=<root@mailercyber3.com> to=<root@mailercyber3.com>
