Sep 23 15:21:08 mailercyber3 postfix/smtps/smtpd[3998]: lost connection after AUTH from unknown[5.34.207.99]
Sep 23 15:21:08 mailercyber3 postfix/smtps/smtpd[3998]: disconnect from unknown[5.34.207.99] ehlo=1 auth=0/1 rset=1 commands=2/3
Sep 23 15:21:36 mailercyber3 postfix/anvil[4008]: statistics: max connection rate 1/60s for (smtps:5.34.207.99) at Sep 23 15:11:39
Sep 23 15:21:36 mailercyber3 postfix/anvil[4008]: statistics: max connection count 1 for (smtps:5.34.207.99) at Sep 23 15:11:39
Sep 23 15:21:36 mailercyber3 postfix/anvil[4008]: statistics: max cache size 4 at Sep 23 15:20:10
Sep 23 15:22:17 mailercyber3 postfix/smtps/smtpd[3998]: connect from unknown[5.34.207.99]
Sep 23 15:22:19 mailercyber3 postfix/smtps/smtpd[3998]: Anonymous TLS connection established from unknown[5.34.207.99]: TLSv1.2 with cipher ECDHE-RSA-AES256-GCM-SHA384 (256/256 bits)
Sep 23 15:22:22 mailercyber3 postfix/submission/smtpd[5389]: connect from unknown[164.92.64.57]
Sep 23 15:22:22 mailercyber3 postfix/submission/smtpd[5389]: Anonymous TLS connection established from unknown[164.92.64.57]: TLSv1.3 with cipher TLS_AES_128_GCM_SHA256 (128/128 bits) key-exchange X25519 server-signature RSA-PSS (2048 bits) server-digest SHA256
Sep 23 15:22:23 mailercyber3 postfix/submission/smtpd[5389]: 23AA0BA0BC5: client=unknown[164.92.64.57], sasl_method=PLAIN, sasl_username=admin
Sep 23 15:22:23 mailercyber3 postfix/cleanup[5393]: 23AA0BA0BC5: message-id=<1663960943018617054.3151.8472782770778246689@convenios-gnl>
Sep 23 15:22:23 mailercyber3 opendkim[3474]: 23AA0BA0BC5: no signing table match for 'Seguro@complementariognl.com'
Sep 23 15:22:23 mailercyber3 opendkim[3474]: 23AA0BA0BC5: no signature data
Sep 23 15:22:23 mailercyber3 postfix/qmgr[3985]: 23AA0BA0BC5: from=<Seguro@complementariognl.com>, size=73946, nrcpt=1 (queue active)
Sep 23 15:22:23 mailercyber3 postfix/submission/smtpd[5389]: 91729BA0BD6: client=unknown[164.92.64.57], sasl_method=PLAIN, sasl_username=admin
Sep 23 15:22:23 mailercyber3 postfix/cleanup[5393]: 91729BA0BD6: message-id=<1663960943487404376.3151.7441265763861421510@convenios-gnl>
Sep 23 15:22:23 mailercyber3 opendkim[3474]: 91729BA0BD6: no signing table match for 'Seguro@complementariognl.com'
Sep 23 15:22:23 mailercyber3 opendkim[3474]: 91729BA0BD6: no signature data
Sep 23 15:22:23 mailercyber3 postfix/qmgr[3985]: 91729BA0BD6: from=<Seguro@complementariognl.com>, size=73943, nrcpt=1 (queue active)
Sep 23 15:22:23 mailercyber3 postfix/smtp[5395]: Trusted TLS connection established to cybertrust-cl.mail.protection.outlook.com[104.47.70.110]:25: TLSv1.2 with cipher ECDHE-RSA-AES256-GCM-SHA384 (256/256 bits)
Sep 23 15:22:23 mailercyber3 postfix/smtp[5394]: Trusted TLS connection established to cybertrust-cl.mail.protection.outlook.com[104.47.55.110]:25: TLSv1.2 with cipher ECDHE-RSA-AES256-GCM-SHA384 (256/256 bits)
Sep 23 15:22:23 mailercyber3 postfix/submission/smtpd[5389]: EF8ECBA0BD8: client=unknown[164.92.64.57], sasl_method=PLAIN, sasl_username=admin
Sep 23 15:22:24 mailercyber3 postfix/cleanup[5393]: EF8ECBA0BD8: message-id=<1663960943871824562.3151.4688632141371043381@convenios-gnl>
Sep 23 15:22:24 mailercyber3 opendkim[3474]: EF8ECBA0BD8: no signing table match for 'Seguro@complementariognl.com'
Sep 23 15:22:24 mailercyber3 opendkim[3474]: EF8ECBA0BD8: no signature data
Sep 23 15:22:24 mailercyber3 postfix/qmgr[3985]: EF8ECBA0BD8: from=<Seguro@complementariognl.com>, size=73943, nrcpt=1 (queue active)
Sep 23 15:22:24 mailercyber3 postfix/submission/smtpd[5389]: disconnect from unknown[164.92.64.57] ehlo=2 starttls=1 auth=1 mail=3 rcpt=3 data=3 quit=1 commands=14
Sep 23 15:22:24 mailercyber3 postfix/smtp[5396]: Trusted TLS connection established to cybertrust-cl.mail.protection.outlook.com[104.47.55.110]:25: TLSv1.2 with cipher ECDHE-RSA-AES256-GCM-SHA384 (256/256 bits)
Sep 23 15:22:25 mailercyber3 postfix/smtp[5394]: 23AA0BA0BC5: to=<camilo.ferreira@cybertrust.cl>, relay=cybertrust-cl.mail.protection.outlook.com[104.47.55.110]:25, delay=2.4, delays=0.37/0.01/0.58/1.4, dsn=2.6.0, status=sent (250 2.6.0 <1663960943018617054.3151.8472782770778246689@convenios-gnl> [InternalId=71768903524822, Hostname=SJ0PR16MB4255.namprd16.prod.outlook.com] 83263 bytes in 0.567, 143.310 KB/sec Queued mail for delivery)
Sep 23 15:22:25 mailercyber3 postfix/qmgr[3985]: 23AA0BA0BC5: removed
Sep 23 15:22:25 mailercyber3 postfix/smtp[5395]: 91729BA0BD6: to=<felipe.herrera@cybertrust.cl>, relay=cybertrust-cl.mail.protection.outlook.com[104.47.70.110]:25, delay=2, delays=0.29/0.01/0.12/1.6, dsn=2.6.0, status=sent (250 2.6.0 <1663960943487404376.3151.7441265763861421510@convenios-gnl> [InternalId=5905580038850, Hostname=DM6PR16MB3244.namprd16.prod.outlook.com] 83215 bytes in 0.960, 84.617 KB/sec Queued mail for delivery)
Sep 23 15:22:25 mailercyber3 postfix/qmgr[3985]: 91729BA0BD6: removed
Sep 23 15:22:26 mailercyber3 postfix/smtp[5396]: EF8ECBA0BD8: to=<juan.fernandez@cybertrust.cl>, relay=cybertrust-cl.mail.protection.outlook.com[104.47.55.110]:25, delay=2.4, delays=0.22/0.01/0.58/1.6, dsn=2.6.0, status=sent (250 2.6.0 <1663960943871824562.3151.4688632141371043381@convenios-gnl> [InternalId=5695126643400, Hostname=PH0PR16MB4843.namprd16.prod.outlook.com] 83199 bytes in 0.275, 295.076 KB/sec Queued mail for delivery)
Sep 23 15:22:26 mailercyber3 postfix/qmgr[3985]: EF8ECBA0BD8: removed
Sep 23 15:22:27 mailercyber3 postfix/smtps/smtpd[3998]: warning: unknown[5.34.207.99]: SASL LOGIN authentication failed: UGFzc3dvcmQ6
Sep 23 15:22:27 mailercyber3 postfix/smtps/smtpd[3998]: lost connection after AUTH from unknown[5.34.207.99]
Sep 23 15:22:27 mailercyber3 postfix/smtps/smtpd[3998]: disconnect from unknown[5.34.207.99] ehlo=1 auth=0/1 rset=1 commands=2/3
Sep 23 15:23:37 mailercyber3 postfix/smtps/smtpd[3998]: connect from unknown[5.34.207.99]
Sep 23 15:23:39 mailercyber3 postfix/smtps/smtpd[3998]: Anonymous TLS connection established from unknown[5.34.207.99]: TLSv1.2 with cipher ECDHE-RSA-AES256-GCM-SHA384 (256/256 bits)
Sep 23 15:23:39 mailercyber3 postfix/submission/smtpd[5389]: connect from unknown[164.92.64.57]
Sep 23 15:23:39 mailercyber3 postfix/submission/smtpd[5389]: Anonymous TLS connection established from unknown[164.92.64.57]: TLSv1.3 with cipher TLS_AES_128_GCM_SHA256 (128/128 bits) key-exchange X25519 server-signature RSA-PSS (2048 bits) server-digest SHA256
Sep 23 15:23:39 mailercyber3 postfix/submission/smtpd[5389]: DB25EBA0BC5: client=unknown[164.92.64.57], sasl_method=PLAIN, sasl_username=admin
Sep 23 15:23:40 mailercyber3 postfix/cleanup[5393]: DB25EBA0BC5: message-id=<1663961019786914774.3151.297303605112438540@convenios-gnl>
Sep 23 15:23:40 mailercyber3 opendkim[3474]: DB25EBA0BC5: no signing table match for 'Seguro@complementariognl.com'
Sep 23 15:23:40 mailercyber3 opendkim[3474]: DB25EBA0BC5: no signature data
Sep 23 15:23:40 mailercyber3 postfix/qmgr[3985]: DB25EBA0BC5: from=<Seguro@complementariognl.com>, size=60991, nrcpt=1 (queue active)
Sep 23 15:23:40 mailercyber3 postfix/submission/smtpd[5389]: disconnect from unknown[164.92.64.57] ehlo=2 starttls=1 auth=1 mail=1 rcpt=1 data=1 quit=1 commands=8
Sep 23 15:23:40 mailercyber3 postfix/smtp[5394]: Trusted TLS connection established to cybertrust-cl.mail.protection.outlook.com[104.47.55.110]:25: TLSv1.2 with cipher ECDHE-RSA-AES256-GCM-SHA384 (256/256 bits)
Sep 23 15:23:43 mailercyber3 postfix/smtp[5394]: DB25EBA0BC5: to=<camilo.ferreira@cybertrust.cl>, relay=cybertrust-cl.mail.protection.outlook.com[104.47.55.110]:25, delay=3.6, delays=0.36/0/0.58/2.7, dsn=2.6.0, status=sent (250 2.6.0 <1663961019786914774.3151.297303605112438540@convenios-gnl> [InternalId=2207613198988, Hostname=SJ0PR16MB4874.namprd16.prod.outlook.com] 70284 bytes in 1.484, 46.233 KB/sec Queued mail for delivery)
Sep 23 15:23:43 mailercyber3 postfix/qmgr[3985]: DB25EBA0BC5: removed
Sep 23 15:23:47 mailercyber3 postfix/smtps/smtpd[3998]: warning: unknown[5.34.207.99]: SASL LOGIN authentication failed: UGFzc3dvcmQ6
Sep 23 15:23:47 mailercyber3 postfix/smtps/smtpd[3998]: lost connection after AUTH from unknown[5.34.207.99]
Sep 23 15:23:47 mailercyber3 postfix/smtps/smtpd[3998]: disconnect from unknown[5.34.207.99] ehlo=1 auth=0/1 rset=1 commands=2/3
Sep 23 15:24:32 mailercyber3 postfix/submission/smtpd[5389]: connect from unknown[164.92.64.57]
Sep 23 15:24:33 mailercyber3 postfix/submission/smtpd[5389]: Anonymous TLS connection established from unknown[164.92.64.57]: TLSv1.3 with cipher TLS_AES_128_GCM_SHA256 (128/128 bits) key-exchange X25519 server-signature RSA-PSS (2048 bits) server-digest SHA256
Sep 23 15:24:33 mailercyber3 postfix/smtpd[5401]: connect from unknown[208.67.104.82]
Sep 23 15:24:33 mailercyber3 postfix/smtpd[5401]: lost connection after AUTH from unknown[208.67.104.82]
Sep 23 15:24:33 mailercyber3 postfix/smtpd[5401]: disconnect from unknown[208.67.104.82] ehlo=1 auth=0/1 commands=1/2
Sep 23 15:24:33 mailercyber3 postfix/submission/smtpd[5389]: 61219BA0BC5: client=unknown[164.92.64.57], sasl_method=PLAIN, sasl_username=admin
Sep 23 15:24:33 mailercyber3 postfix/cleanup[5393]: 61219BA0BC5: message-id=<1663961073290861701.3151.504391797172169841@convenios-gnl>
Sep 23 15:24:33 mailercyber3 opendkim[3474]: 61219BA0BC5: no signing table match for 'Seguro@complementariognl.com'
Sep 23 15:24:33 mailercyber3 opendkim[3474]: 61219BA0BC5: no signature data
Sep 23 15:24:33 mailercyber3 postfix/qmgr[3985]: 61219BA0BC5: from=<Seguro@complementariognl.com>, size=90056, nrcpt=1 (queue active)
Sep 23 15:24:33 mailercyber3 postfix/submission/smtpd[5389]: disconnect from unknown[164.92.64.57] ehlo=2 starttls=1 auth=1 mail=1 rcpt=1 data=1 quit=1 commands=8
Sep 23 15:24:33 mailercyber3 postfix/smtp[5394]: Trusted TLS connection established to cybertrust-cl.mail.protection.outlook.com[104.47.70.110]:25: TLSv1.2 with cipher ECDHE-RSA-AES256-GCM-SHA384 (256/256 bits)
Sep 23 15:24:51 mailercyber3 postfix/smtp[5394]: 61219BA0BC5: to=<camilo.ferreira@cybertrust.cl>, relay=cybertrust-cl.mail.protection.outlook.com[104.47.70.110]:25, delay=18, delays=0.36/0/0.14/18, dsn=2.6.0, status=sent (250 2.6.0 <1663961073290861701.3151.504391797172169841@convenios-gnl> [InternalId=9650791522432, Hostname=SN1PR16MB2173.namprd16.prod.outlook.com] 99315 bytes in 16.662, 5.821 KB/sec Queued mail for delivery)
Sep 23 15:24:51 mailercyber3 postfix/qmgr[3985]: 61219BA0BC5: removed
Sep 23 15:24:55 mailercyber3 postfix/smtps/smtpd[3998]: connect from unknown[5.34.207.99]
Sep 23 15:24:59 mailercyber3 postfix/smtps/smtpd[3998]: Anonymous TLS connection established from unknown[5.34.207.99]: TLSv1.2 with cipher ECDHE-RSA-AES256-GCM-SHA384 (256/256 bits)
Sep 23 15:25:07 mailercyber3 postfix/smtps/smtpd[3998]: warning: unknown[5.34.207.99]: SASL LOGIN authentication failed: UGFzc3dvcmQ6
Sep 23 15:25:07 mailercyber3 postfix/smtps/smtpd[3998]: lost connection after AUTH from unknown[5.34.207.99]
Sep 23 15:25:07 mailercyber3 postfix/smtps/smtpd[3998]: disconnect from unknown[5.34.207.99] ehlo=1 auth=0/1 rset=1 commands=2/3
Sep 23 15:25:35 mailercyber3 postfix/submission/smtpd[5389]: connect from unknown[164.92.64.57]
Sep 23 15:25:35 mailercyber3 postfix/submission/smtpd[5389]: Anonymous TLS connection established from unknown[164.92.64.57]: TLSv1.3 with cipher TLS_AES_128_GCM_SHA256 (128/128 bits) key-exchange X25519 server-signature RSA-PSS (2048 bits) server-digest SHA256
Sep 23 15:25:35 mailercyber3 postfix/submission/smtpd[5389]: C0334BA0BC5: client=unknown[164.92.64.57], sasl_method=PLAIN, sasl_username=admin
Sep 23 15:25:35 mailercyber3 postfix/cleanup[5393]: C0334BA0BC5: message-id=<1663961135679676347.3151.4612718727450097430@convenios-gnl>
Sep 23 15:25:36 mailercyber3 opendkim[3474]: C0334BA0BC5: no signing table match for 'Seguro@complementariognl.com'
Sep 23 15:25:36 mailercyber3 opendkim[3474]: C0334BA0BC5: no signature data
Sep 23 15:25:36 mailercyber3 postfix/qmgr[3985]: C0334BA0BC5: from=<Seguro@complementariognl.com>, size=79167, nrcpt=1 (queue active)
Sep 23 15:25:36 mailercyber3 postfix/submission/smtpd[5389]: 3F7B8BA0BD6: client=unknown[164.92.64.57], sasl_method=PLAIN, sasl_username=admin
Sep 23 15:25:36 mailercyber3 postfix/cleanup[5393]: 3F7B8BA0BD6: message-id=<1663961136148697421.3151.2312392960831439832@convenios-gnl>
Sep 23 15:25:36 mailercyber3 opendkim[3474]: 3F7B8BA0BD6: no signing table match for 'Seguro@complementariognl.com'
Sep 23 15:25:36 mailercyber3 opendkim[3474]: 3F7B8BA0BD6: no signature data
Sep 23 15:25:36 mailercyber3 postfix/qmgr[3985]: 3F7B8BA0BD6: from=<Seguro@complementariognl.com>, size=79164, nrcpt=1 (queue active)
Sep 23 15:25:36 mailercyber3 postfix/submission/smtpd[5389]: 8C9E0BA0BD8: client=unknown[164.92.64.57], sasl_method=PLAIN, sasl_username=admin
Sep 23 15:25:36 mailercyber3 postfix/smtp[5394]: Trusted TLS connection established to cybertrust-cl.mail.protection.outlook.com[104.47.55.110]:25: TLSv1.2 with cipher ECDHE-RSA-AES256-GCM-SHA384 (256/256 bits)
Sep 23 15:25:36 mailercyber3 postfix/cleanup[5393]: 8C9E0BA0BD8: message-id=<1663961136469023053.3151.6434803597269841607@convenios-gnl>
Sep 23 15:25:36 mailercyber3 opendkim[3474]: 8C9E0BA0BD8: no signing table match for 'Seguro@complementariognl.com'
Sep 23 15:25:36 mailercyber3 opendkim[3474]: 8C9E0BA0BD8: no signature data
Sep 23 15:25:36 mailercyber3 postfix/qmgr[3985]: 8C9E0BA0BD8: from=<Seguro@complementariognl.com>, size=79164, nrcpt=1 (queue active)
Sep 23 15:25:36 mailercyber3 postfix/submission/smtpd[5389]: disconnect from unknown[164.92.64.57] ehlo=2 starttls=1 auth=1 mail=3 rcpt=3 data=3 quit=1 commands=14
Sep 23 15:25:36 mailercyber3 postfix/smtp[5406]: Trusted TLS connection established to cybertrust-cl.mail.protection.outlook.com[104.47.70.110]:25: TLSv1.2 with cipher ECDHE-RSA-AES256-GCM-SHA384 (256/256 bits)
Sep 23 15:25:36 mailercyber3 postfix/smtp[5405]: Trusted TLS connection established to cybertrust-cl.mail.protection.outlook.com[104.47.55.110]:25: TLSv1.2 with cipher ECDHE-RSA-AES256-GCM-SHA384 (256/256 bits)
Sep 23 15:25:38 mailercyber3 postfix/smtp[5406]: 8C9E0BA0BD8: to=<juan.fernandez@cybertrust.cl>, relay=cybertrust-cl.mail.protection.outlook.com[104.47.70.110]:25, delay=2, delays=0.22/0.01/0.12/1.6, dsn=2.6.0, status=sent (250 2.6.0 <1663961136469023053.3151.6434803597269841607@convenios-gnl> [InternalId=670014908840, Hostname=SJ0PR16MB5081.namprd16.prod.outlook.com] 88457 bytes in 0.491, 175.646 KB/sec Queued mail for delivery)
Sep 23 15:25:38 mailercyber3 postfix/qmgr[3985]: 8C9E0BA0BD8: removed
Sep 23 15:25:39 mailercyber3 postfix/smtp[5394]: C0334BA0BC5: to=<camilo.ferreira@cybertrust.cl>, relay=cybertrust-cl.mail.protection.outlook.com[104.47.55.110]:25, delay=3.7, delays=0.36/0/0.63/2.7, dsn=2.6.0, status=sent (250 2.6.0 <1663961135679676347.3151.4612718727450097430@convenios-gnl> [InternalId=16192026713397, Hostname=BN7PR16MB3988.namprd16.prod.outlook.com] 88448 bytes in 1.194, 72.296 KB/sec Queued mail for delivery)
Sep 23 15:25:39 mailercyber3 postfix/qmgr[3985]: C0334BA0BC5: removed
Sep 23 15:26:16 mailercyber3 postfix/smtps/smtpd[3998]: connect from unknown[5.34.207.99]
Sep 23 15:26:18 mailercyber3 postfix/smtps/smtpd[3998]: Anonymous TLS connection established from unknown[5.34.207.99]: TLSv1.2 with cipher ECDHE-RSA-AES256-GCM-SHA384 (256/256 bits)
Sep 23 15:26:20 mailercyber3 postfix/smtp[5405]: 3F7B8BA0BD6: to=<felipe.herrera@cybertrust.cl>, relay=cybertrust-cl.mail.protection.outlook.com[104.47.55.110]:25, delay=44, delays=0.23/0.01/0.58/43, dsn=2.6.0, status=sent (250 2.6.0 <1663961136148697421.3151.2312392960831439832@convenios-gnl> [InternalId=15264313778105, Hostname=BN6PR1601MB1202.namprd16.prod.outlook.com] 88340 bytes in 42.077, 2.050 KB/sec Queued mail for delivery)
Sep 23 15:26:20 mailercyber3 postfix/qmgr[3985]: 3F7B8BA0BD6: removed
Sep 23 15:26:26 mailercyber3 postfix/smtps/smtpd[3998]: warning: unknown[5.34.207.99]: SASL LOGIN authentication failed: UGFzc3dvcmQ6
Sep 23 15:26:26 mailercyber3 postfix/smtps/smtpd[3998]: lost connection after AUTH from unknown[5.34.207.99]
Sep 23 15:26:26 mailercyber3 postfix/smtps/smtpd[3998]: disconnect from unknown[5.34.207.99] ehlo=1 auth=0/1 rset=1 commands=2/3
Sep 23 15:27:34 mailercyber3 postfix/smtps/smtpd[3998]: connect from unknown[5.34.207.99]
Sep 23 15:27:36 mailercyber3 postfix/smtps/smtpd[3998]: Anonymous TLS connection established from unknown[5.34.207.99]: TLSv1.2 with cipher ECDHE-RSA-AES256-GCM-SHA384 (256/256 bits)
Sep 23 15:27:45 mailercyber3 postfix/smtps/smtpd[3998]: warning: unknown[5.34.207.99]: SASL LOGIN authentication failed: UGFzc3dvcmQ6
Sep 23 15:27:45 mailercyber3 postfix/smtps/smtpd[3998]: lost connection after AUTH from unknown[5.34.207.99]
Sep 23 15:27:45 mailercyber3 postfix/smtps/smtpd[3998]: disconnect from unknown[5.34.207.99] ehlo=1 auth=0/1 rset=1 commands=2/3
Sep 23 15:29:04 mailercyber3 postfix/smtps/smtpd[3998]: connect from unknown[5.34.207.99]
Sep 23 15:29:05 mailercyber3 postfix/smtps/smtpd[3998]: Anonymous TLS connection established from unknown[5.34.207.99]: TLSv1.2 with cipher ECDHE-RSA-AES256-GCM-SHA384 (256/256 bits)
Sep 23 15:29:15 mailercyber3 postfix/smtps/smtpd[3998]: warning: unknown[5.34.207.99]: SASL LOGIN authentication failed: UGFzc3dvcmQ6
Sep 23 15:29:15 mailercyber3 postfix/smtps/smtpd[3998]: lost connection after AUTH from unknown[5.34.207.99]
Sep 23 15:29:15 mailercyber3 postfix/smtps/smtpd[3998]: disconnect from unknown[5.34.207.99] ehlo=1 auth=0/1 rset=1 commands=2/3
Sep 23 15:30:23 mailercyber3 postfix/smtps/smtpd[3998]: connect from unknown[5.34.207.99]
Sep 23 15:30:25 mailercyber3 postfix/smtps/smtpd[3998]: Anonymous TLS connection established from unknown[5.34.207.99]: TLSv1.2 with cipher ECDHE-RSA-AES256-GCM-SHA384 (256/256 bits)
Sep 23 15:30:33 mailercyber3 postfix/smtps/smtpd[3998]: warning: unknown[5.34.207.99]: SASL LOGIN authentication failed: UGFzc3dvcmQ6
Sep 23 15:30:33 mailercyber3 postfix/smtps/smtpd[3998]: lost connection after AUTH from unknown[5.34.207.99]
Sep 23 15:30:33 mailercyber3 postfix/smtps/smtpd[3998]: disconnect from unknown[5.34.207.99] ehlo=1 auth=0/1 rset=1 commands=2/3
Sep 23 15:30:38 mailercyber3 postfix/submission/smtpd[5439]: connect from unknown[164.92.64.57]
Sep 23 15:30:38 mailercyber3 postfix/submission/smtpd[5439]: Anonymous TLS connection established from unknown[164.92.64.57]: TLSv1.3 with cipher TLS_AES_128_GCM_SHA256 (128/128 bits) key-exchange X25519 server-signature RSA-PSS (2048 bits) server-digest SHA256
Sep 23 15:30:38 mailercyber3 postfix/submission/smtpd[5439]: AD1CBBA0BC5: client=unknown[164.92.64.57], sasl_method=PLAIN, sasl_username=admin
Sep 23 15:30:38 mailercyber3 postfix/cleanup[5442]: AD1CBBA0BC5: message-id=<1663961438586566538.3151.5126694865266848929@convenios-gnl>
Sep 23 15:30:39 mailercyber3 opendkim[3474]: AD1CBBA0BC5: no signing table match for 'Seguro@complementariognl.com'
Sep 23 15:30:39 mailercyber3 opendkim[3474]: AD1CBBA0BC5: no signature data
Sep 23 15:30:39 mailercyber3 postfix/qmgr[3985]: AD1CBBA0BC5: from=<Seguro@complementariognl.com>, size=79094, nrcpt=1 (queue active)
Sep 23 15:30:39 mailercyber3 postfix/submission/smtpd[5439]: 2A7ECBA0BD6: client=unknown[164.92.64.57], sasl_method=PLAIN, sasl_username=admin
Sep 23 15:30:39 mailercyber3 postfix/smtp[5443]: Trusted TLS connection established to cybertrust-cl.mail.protection.outlook.com[104.47.70.110]:25: TLSv1.2 with cipher ECDHE-RSA-AES256-GCM-SHA384 (256/256 bits)
Sep 23 15:30:39 mailercyber3 postfix/cleanup[5442]: 2A7ECBA0BD6: message-id=<1663961439065796447.3151.6250823748673242106@convenios-gnl>
Sep 23 15:30:39 mailercyber3 opendkim[3474]: 2A7ECBA0BD6: no signing table match for 'Seguro@complementariognl.com'
Sep 23 15:30:39 mailercyber3 opendkim[3474]: 2A7ECBA0BD6: no signature data
Sep 23 15:30:39 mailercyber3 postfix/qmgr[3985]: 2A7ECBA0BD6: from=<Seguro@complementariognl.com>, size=79091, nrcpt=1 (queue active)
Sep 23 15:30:39 mailercyber3 postfix/submission/smtpd[5439]: 7C6B1BA0BD8: client=unknown[164.92.64.57], sasl_method=PLAIN, sasl_username=admin
Sep 23 15:30:39 mailercyber3 postfix/smtp[5444]: Trusted TLS connection established to cybertrust-cl.mail.protection.outlook.com[104.47.58.110]:25: TLSv1.2 with cipher ECDHE-RSA-AES256-GCM-SHA384 (256/256 bits)
Sep 23 15:30:39 mailercyber3 postfix/cleanup[5442]: 7C6B1BA0BD8: message-id=<1663961439392440484.3151.3477453442214545310@convenios-gnl>
Sep 23 15:30:39 mailercyber3 opendkim[3474]: 7C6B1BA0BD8: no signing table match for 'Seguro@complementariognl.com'
Sep 23 15:30:39 mailercyber3 opendkim[3474]: 7C6B1BA0BD8: no signature data
Sep 23 15:30:39 mailercyber3 postfix/qmgr[3985]: 7C6B1BA0BD8: from=<Seguro@complementariognl.com>, size=79091, nrcpt=1 (queue active)
Sep 23 15:30:39 mailercyber3 postfix/submission/smtpd[5439]: disconnect from unknown[164.92.64.57] ehlo=2 starttls=1 auth=1 mail=3 rcpt=3 data=3 quit=1 commands=14
Sep 23 15:30:39 mailercyber3 postfix/smtp[5445]: Trusted TLS connection established to cybertrust-cl.mail.protection.outlook.com[104.47.70.110]:25: TLSv1.2 with cipher ECDHE-RSA-AES256-GCM-SHA384 (256/256 bits)
Sep 23 15:30:40 mailercyber3 postfix/smtp[5444]: 2A7ECBA0BD6: to=<felipe.herrera@cybertrust.cl>, relay=cybertrust-cl.mail.protection.outlook.com[104.47.58.110]:25, delay=1.9, delays=0.23/0.01/0.34/1.3, dsn=2.6.0, status=sent (250 2.6.0 <1663961439065796447.3151.6250823748673242106@convenios-gnl> [InternalId=10376640997161, Hostname=BN6PR16MB1475.namprd16.prod.outlook.com] 88306 bytes in 0.524, 164.367 KB/sec Queued mail for delivery)
Sep 23 15:30:40 mailercyber3 postfix/qmgr[3985]: 2A7ECBA0BD6: removed
Sep 23 15:30:40 mailercyber3 postfix/smtp[5443]: AD1CBBA0BC5: to=<camilo.ferreira@cybertrust.cl>, relay=cybertrust-cl.mail.protection.outlook.com[104.47.70.110]:25, delay=2.3, delays=0.37/0.01/0.18/1.8, dsn=2.6.0, status=sent (250 2.6.0 <1663961438586566538.3151.5126694865266848929@convenios-gnl> [InternalId=22771916612354, Hostname=DM6PR16MB2715.namprd16.prod.outlook.com] 88374 bytes in 1.166, 73.994 KB/sec Queued mail for delivery)
Sep 23 15:30:40 mailercyber3 postfix/qmgr[3985]: AD1CBBA0BC5: removed
Sep 23 15:30:41 mailercyber3 postfix/smtp[5445]: 7C6B1BA0BD8: to=<juan.fernandez@cybertrust.cl>, relay=cybertrust-cl.mail.protection.outlook.com[104.47.70.110]:25, delay=1.7, delays=0.22/0.01/0.13/1.3, dsn=2.6.0, status=sent (250 2.6.0 <1663961439392440484.3151.3477453442214545310@convenios-gnl> [InternalId=20413979568308, Hostname=CY4PR16MB1525.namprd16.prod.outlook.com] 88350 bytes in 0.276, 311.978 KB/sec Queued mail for delivery)
Sep 23 15:30:41 mailercyber3 postfix/qmgr[3985]: 7C6B1BA0BD8: removed
Sep 23 15:31:36 mailercyber3 postfix/anvil[4008]: statistics: max connection rate 2/60s for (submission:164.92.64.57) at Sep 23 15:24:32
Sep 23 15:31:36 mailercyber3 postfix/anvil[4008]: statistics: max connection count 1 for (smtps:5.34.207.99) at Sep 23 15:22:19
Sep 23 15:31:36 mailercyber3 postfix/anvil[4008]: statistics: max cache size 3 at Sep 23 15:24:33
Sep 23 15:31:42 mailercyber3 postfix/smtps/smtpd[3998]: connect from unknown[5.34.207.99]
Sep 23 15:31:44 mailercyber3 postfix/smtps/smtpd[3998]: Anonymous TLS connection established from unknown[5.34.207.99]: TLSv1.2 with cipher ECDHE-RSA-AES256-GCM-SHA384 (256/256 bits)
Sep 23 15:31:51 mailercyber3 postfix/smtpd[5449]: connect from unknown[141.98.6.39]
Sep 23 15:31:51 mailercyber3 postfix/smtpd[5449]: lost connection after AUTH from unknown[141.98.6.39]
Sep 23 15:31:51 mailercyber3 postfix/smtpd[5449]: disconnect from unknown[141.98.6.39] ehlo=1 auth=0/1 commands=1/2
Sep 23 15:31:54 mailercyber3 postfix/smtps/smtpd[3998]: warning: unknown[5.34.207.99]: SASL LOGIN authentication failed: UGFzc3dvcmQ6
Sep 23 15:31:54 mailercyber3 postfix/smtps/smtpd[3998]: lost connection after AUTH from unknown[5.34.207.99]
Sep 23 15:31:54 mailercyber3 postfix/smtps/smtpd[3998]: disconnect from unknown[5.34.207.99] ehlo=1 auth=0/1 rset=1 commands=2/3
Sep 23 15:32:30 mailercyber3 postfix/submission/smtpd[5456]: connect from unknown[164.92.64.57]
Sep 23 15:32:30 mailercyber3 postfix/submission/smtpd[5456]: Anonymous TLS connection established from unknown[164.92.64.57]: TLSv1.3 with cipher TLS_AES_128_GCM_SHA256 (128/128 bits) key-exchange X25519 server-signature RSA-PSS (2048 bits) server-digest SHA256
Sep 23 15:32:31 mailercyber3 postfix/submission/smtpd[5456]: 3C142BA0BC5: client=unknown[164.92.64.57], sasl_method=PLAIN, sasl_username=admin
Sep 23 15:32:31 mailercyber3 postfix/cleanup[5458]: 3C142BA0BC5: message-id=<1663961551118328194.3151.2631214597710069520@convenios-gnl>
Sep 23 15:32:31 mailercyber3 opendkim[3474]: 3C142BA0BC5: no signing table match for 'Seguro@complementariognl.com'
Sep 23 15:32:31 mailercyber3 opendkim[3474]: 3C142BA0BC5: no signature data
Sep 23 15:32:31 mailercyber3 postfix/qmgr[3985]: 3C142BA0BC5: from=<Seguro@complementariognl.com>, size=79056, nrcpt=1 (queue active)
Sep 23 15:32:31 mailercyber3 postfix/smtp[5459]: Trusted TLS connection established to cybertrust-cl.mail.protection.outlook.com[104.47.70.110]:25: TLSv1.2 with cipher ECDHE-RSA-AES256-GCM-SHA384 (256/256 bits)
Sep 23 15:32:31 mailercyber3 postfix/submission/smtpd[5456]: AE85FBA0BD6: client=unknown[164.92.64.57], sasl_method=PLAIN, sasl_username=admin
Sep 23 15:32:31 mailercyber3 postfix/cleanup[5458]: AE85FBA0BD6: message-id=<1663961551600602225.3151.77016950183193224@convenios-gnl>
Sep 23 15:32:31 mailercyber3 opendkim[3474]: AE85FBA0BD6: no signing table match for 'Seguro@complementariognl.com'
Sep 23 15:32:31 mailercyber3 opendkim[3474]: AE85FBA0BD6: no signature data
Sep 23 15:32:31 mailercyber3 postfix/qmgr[3985]: AE85FBA0BD6: from=<Seguro@complementariognl.com>, size=79051, nrcpt=1 (queue active)
Sep 23 15:32:32 mailercyber3 postfix/submission/smtpd[5456]: 1E953BA0BD8: client=unknown[164.92.64.57], sasl_method=PLAIN, sasl_username=admin
Sep 23 15:32:32 mailercyber3 postfix/smtp[5460]: Trusted TLS connection established to cybertrust-cl.mail.protection.outlook.com[104.47.58.110]:25: TLSv1.2 with cipher ECDHE-RSA-AES256-GCM-SHA384 (256/256 bits)
Sep 23 15:32:32 mailercyber3 postfix/cleanup[5458]: 1E953BA0BD8: message-id=<1663961552008754404.3151.4077684675216840318@convenios-gnl>
Sep 23 15:32:32 mailercyber3 opendkim[3474]: 1E953BA0BD8: no signing table match for 'Seguro@complementariognl.com'
Sep 23 15:32:32 mailercyber3 opendkim[3474]: 1E953BA0BD8: no signature data
Sep 23 15:32:32 mailercyber3 postfix/qmgr[3985]: 1E953BA0BD8: from=<Seguro@complementariognl.com>, size=79053, nrcpt=1 (queue active)
Sep 23 15:32:32 mailercyber3 postfix/submission/smtpd[5456]: disconnect from unknown[164.92.64.57] ehlo=2 starttls=1 auth=1 mail=3 rcpt=3 data=3 quit=1 commands=14
Sep 23 15:32:32 mailercyber3 postfix/smtp[5461]: Trusted TLS connection established to cybertrust-cl.mail.protection.outlook.com[104.47.58.110]:25: TLSv1.2 with cipher ECDHE-RSA-AES256-GCM-SHA384 (256/256 bits)
Sep 23 15:32:33 mailercyber3 postfix/smtp[5459]: 3C142BA0BC5: to=<camilo.ferreira@cybertrust.cl>, relay=cybertrust-cl.mail.protection.outlook.com[104.47.70.110]:25, delay=2.4, delays=0.37/0.01/0.13/1.9, dsn=2.6.0, status=sent (250 2.6.0 <1663961551118328194.3151.2631214597710069520@convenios-gnl> [InternalId=11927124193466, Hostname=SJ0PR16MB4752.namprd16.prod.outlook.com] 88341 bytes in 1.005, 85.775 KB/sec Queued mail for delivery)
Sep 23 15:32:33 mailercyber3 postfix/qmgr[3985]: 3C142BA0BC5: removed
Sep 23 15:32:33 mailercyber3 postfix/smtp[5461]: 1E953BA0BD8: to=<juan.fernandez@cybertrust.cl>, relay=cybertrust-cl.mail.protection.outlook.com[104.47.58.110]:25, delay=1.8, delays=0.23/0.01/0.55/1, dsn=2.6.0, status=sent (250 2.6.0 <1663961552008754404.3151.4077684675216840318@convenios-gnl> [InternalId=13344463397943, Hostname=DM5PR16MB2294.namprd16.prod.outlook.com] 88328 bytes in 0.548, 157.311 KB/sec Queued mail for delivery)
Sep 23 15:32:33 mailercyber3 postfix/qmgr[3985]: 1E953BA0BD8: removed
Sep 23 15:32:34 mailercyber3 postfix/smtp[5460]: AE85FBA0BD6: to=<felipe.herrera@cybertrust.cl>, relay=cybertrust-cl.mail.protection.outlook.com[104.47.58.110]:25, delay=2.7, delays=0.3/0.01/0.34/2, dsn=2.6.0, status=sent (250 2.6.0 <1663961551600602225.3151.77016950183193224@convenios-gnl> [InternalId=18558553692681, Hostname=BN6PR16MB3092.namprd16.prod.outlook.com] 88248 bytes in 0.866, 99.510 KB/sec Queued mail for delivery)
Sep 23 15:32:34 mailercyber3 postfix/qmgr[3985]: AE85FBA0BD6: removed
Sep 23 15:33:01 mailercyber3 postfix/smtps/smtpd[3998]: connect from unknown[5.34.207.99]
Sep 23 15:33:04 mailercyber3 postfix/smtps/smtpd[3998]: Anonymous TLS connection established from unknown[5.34.207.99]: TLSv1.2 with cipher ECDHE-RSA-AES256-GCM-SHA384 (256/256 bits)
Sep 23 15:33:12 mailercyber3 postfix/smtps/smtpd[3998]: warning: unknown[5.34.207.99]: SASL LOGIN authentication failed: UGFzc3dvcmQ6
Sep 23 15:33:12 mailercyber3 postfix/smtps/smtpd[3998]: lost connection after AUTH from unknown[5.34.207.99]
Sep 23 15:33:12 mailercyber3 postfix/smtps/smtpd[3998]: disconnect from unknown[5.34.207.99] ehlo=1 auth=0/1 rset=1 commands=2/3
Sep 23 15:34:22 mailercyber3 postfix/smtps/smtpd[3998]: connect from unknown[5.34.207.99]
Sep 23 15:34:24 mailercyber3 postfix/smtps/smtpd[3998]: Anonymous TLS connection established from unknown[5.34.207.99]: TLSv1.2 with cipher ECDHE-RSA-AES256-GCM-SHA384 (256/256 bits)
Sep 23 15:34:32 mailercyber3 postfix/smtps/smtpd[3998]: warning: unknown[5.34.207.99]: SASL LOGIN authentication failed: UGFzc3dvcmQ6
Sep 23 15:34:32 mailercyber3 postfix/smtps/smtpd[3998]: lost connection after AUTH from unknown[5.34.207.99]
Sep 23 15:34:32 mailercyber3 postfix/smtps/smtpd[3998]: disconnect from unknown[5.34.207.99] ehlo=1 auth=0/1 rset=1 commands=2/3
Sep 23 15:34:34 mailercyber3 postfix/smtpd[5470]: connect from unknown[163.123.143.10]
Sep 23 15:34:34 mailercyber3 postfix/smtpd[5470]: lost connection after AUTH from unknown[163.123.143.10]
Sep 23 15:34:34 mailercyber3 postfix/smtpd[5470]: disconnect from unknown[163.123.143.10] ehlo=1 auth=0/1 commands=1/2
Sep 23 15:35:40 mailercyber3 postfix/submission/smtpd[5474]: connect from unknown[164.92.64.57]
Sep 23 15:35:40 mailercyber3 postfix/submission/smtpd[5474]: Anonymous TLS connection established from unknown[164.92.64.57]: TLSv1.3 with cipher TLS_AES_128_GCM_SHA256 (128/128 bits) key-exchange X25519 server-signature RSA-PSS (2048 bits) server-digest SHA256
Sep 23 15:35:41 mailercyber3 postfix/submission/smtpd[5474]: 09DC5BA0BC5: client=unknown[164.92.64.57], sasl_method=PLAIN, sasl_username=admin
Sep 23 15:35:41 mailercyber3 postfix/cleanup[5477]: 09DC5BA0BC5: message-id=<1663961740907362856.3151.7826179557344452704@convenios-gnl>
Sep 23 15:35:41 mailercyber3 opendkim[3474]: 09DC5BA0BC5: no signing table match for 'Seguro@complementariognl.com'
Sep 23 15:35:41 mailercyber3 opendkim[3474]: 09DC5BA0BC5: no signature data
Sep 23 15:35:41 mailercyber3 postfix/qmgr[3985]: 09DC5BA0BC5: from=<Seguro@complementariognl.com>, size=73738, nrcpt=1 (queue active)
Sep 23 15:35:41 mailercyber3 postfix/smtps/smtpd[3998]: connect from unknown[5.34.207.99]
Sep 23 15:35:41 mailercyber3 postfix/submission/smtpd[5474]: 7A2CABA0BD6: client=unknown[164.92.64.57], sasl_method=PLAIN, sasl_username=admin
Sep 23 15:35:41 mailercyber3 postfix/smtp[5478]: Trusted TLS connection established to cybertrust-cl.mail.protection.outlook.com[104.47.70.110]:25: TLSv1.2 with cipher ECDHE-RSA-AES256-GCM-SHA384 (256/256 bits)
Sep 23 15:35:41 mailercyber3 postfix/cleanup[5477]: 7A2CABA0BD6: message-id=<1663961741386862834.3151.7999458805021421054@convenios-gnl>
Sep 23 15:35:41 mailercyber3 opendkim[3474]: 7A2CABA0BD6: no signing table match for 'Seguro@complementariognl.com'
Sep 23 15:35:41 mailercyber3 opendkim[3474]: 7A2CABA0BD6: no signature data
Sep 23 15:35:41 mailercyber3 postfix/qmgr[3985]: 7A2CABA0BD6: from=<Seguro@complementariognl.com>, size=73735, nrcpt=1 (queue active)
Sep 23 15:35:41 mailercyber3 postfix/submission/smtpd[5474]: DA71DBA0BD8: client=unknown[164.92.64.57], sasl_method=PLAIN, sasl_username=admin
Sep 23 15:35:42 mailercyber3 postfix/cleanup[5477]: DA71DBA0BD8: message-id=<1663961741784555006.3151.4904078738695405377@convenios-gnl>
Sep 23 15:35:42 mailercyber3 opendkim[3474]: DA71DBA0BD8: no signing table match for 'Seguro@complementariognl.com'
Sep 23 15:35:42 mailercyber3 opendkim[3474]: DA71DBA0BD8: no signature data
Sep 23 15:35:42 mailercyber3 postfix/qmgr[3985]: DA71DBA0BD8: from=<Seguro@complementariognl.com>, size=73735, nrcpt=1 (queue active)
Sep 23 15:35:42 mailercyber3 postfix/submission/smtpd[5474]: disconnect from unknown[164.92.64.57] ehlo=2 starttls=1 auth=1 mail=3 rcpt=3 data=3 quit=1 commands=14
Sep 23 15:35:42 mailercyber3 postfix/smtp[5479]: Trusted TLS connection established to cybertrust-cl.mail.protection.outlook.com[104.47.55.110]:25: TLSv1.2 with cipher ECDHE-RSA-AES256-GCM-SHA384 (256/256 bits)
Sep 23 15:35:42 mailercyber3 postfix/smtp[5480]: Trusted TLS connection established to cybertrust-cl.mail.protection.outlook.com[104.47.55.110]:25: TLSv1.2 with cipher ECDHE-RSA-AES256-GCM-SHA384 (256/256 bits)
Sep 23 15:35:43 mailercyber3 postfix/smtp[5478]: 09DC5BA0BC5: to=<camilo.ferreira@cybertrust.cl>, relay=cybertrust-cl.mail.protection.outlook.com[104.47.70.110]:25, delay=2.4, delays=0.38/0.01/0.18/1.8, dsn=2.6.0, status=sent (250 2.6.0 <1663961740907362856.3151.7826179557344452704@convenios-gnl> [InternalId=558345759322, Hostname=BY5PR16MB3460.namprd16.prod.outlook.com] 83030 bytes in 1.109, 73.090 KB/sec Queued mail for delivery)
Sep 23 15:35:43 mailercyber3 postfix/qmgr[3985]: 09DC5BA0BC5: removed
Sep 23 15:35:43 mailercyber3 postfix/smtps/smtpd[3998]: Anonymous TLS connection established from unknown[5.34.207.99]: TLSv1.2 with cipher ECDHE-RSA-AES256-GCM-SHA384 (256/256 bits)
Sep 23 15:35:43 mailercyber3 postfix/smtp[5479]: 7A2CABA0BD6: to=<felipe.herrera@cybertrust.cl>, relay=cybertrust-cl.mail.protection.outlook.com[104.47.55.110]:25, delay=2.4, delays=0.31/0.03/0.6/1.4, dsn=2.6.0, status=sent (250 2.6.0 <1663961741386862834.3151.7999458805021421054@convenios-gnl> [InternalId=71562745099107, Hostname=PH0PR16MB4118.namprd16.prod.outlook.com] 82987 bytes in 0.242, 334.319 KB/sec Queued mail for delivery)
Sep 23 15:35:43 mailercyber3 postfix/qmgr[3985]: 7A2CABA0BD6: removed
Sep 23 15:35:44 mailercyber3 postfix/smtp[5480]: DA71DBA0BD8: to=<juan.fernandez@cybertrust.cl>, relay=cybertrust-cl.mail.protection.outlook.com[104.47.55.110]:25, delay=3.1, delays=0.23/0.01/0.6/2.2, dsn=2.6.0, status=sent (250 2.6.0 <1663961741784555006.3151.4904078738695405377@convenios-gnl> [InternalId=15302968487138, Hostname=MWHPR1601MB1151.namprd16.prod.outlook.com] 83021 bytes in 0.401, 201.777 KB/sec Queued mail for delivery)
Sep 23 15:35:44 mailercyber3 postfix/qmgr[3985]: DA71DBA0BD8: removed
Sep 23 15:35:52 mailercyber3 postfix/smtps/smtpd[3998]: warning: unknown[5.34.207.99]: SASL LOGIN authentication failed: UGFzc3dvcmQ6
Sep 23 15:35:52 mailercyber3 postfix/smtps/smtpd[3998]: lost connection after AUTH from unknown[5.34.207.99]
Sep 23 15:35:52 mailercyber3 postfix/smtps/smtpd[3998]: disconnect from unknown[5.34.207.99] ehlo=1 auth=0/1 rset=1 commands=2/3
Sep 23 15:37:03 mailercyber3 postfix/smtps/smtpd[3998]: connect from unknown[5.34.207.99]
Sep 23 15:37:05 mailercyber3 postfix/smtps/smtpd[3998]: Anonymous TLS connection established from unknown[5.34.207.99]: TLSv1.2 with cipher ECDHE-RSA-AES256-GCM-SHA384 (256/256 bits)
Sep 23 15:37:09 mailercyber3 postfix/submission/smtpd[5474]: connect from unknown[164.92.64.57]
Sep 23 15:37:10 mailercyber3 postfix/submission/smtpd[5474]: Anonymous TLS connection established from unknown[164.92.64.57]: TLSv1.3 with cipher TLS_AES_128_GCM_SHA256 (128/128 bits) key-exchange X25519 server-signature RSA-PSS (2048 bits) server-digest SHA256
Sep 23 15:37:10 mailercyber3 postfix/submission/smtpd[5474]: 8F3EFBA0BC5: client=unknown[164.92.64.57], sasl_method=PLAIN, sasl_username=admin
Sep 23 15:37:10 mailercyber3 postfix/cleanup[5477]: 8F3EFBA0BC5: message-id=<1663961830476750308.3151.8963833798715363149@convenios-gnl>
Sep 23 15:37:10 mailercyber3 opendkim[3474]: 8F3EFBA0BC5: no signing table match for 'Seguro@complementariognl.com'
Sep 23 15:37:10 mailercyber3 opendkim[3474]: 8F3EFBA0BC5: no signature data
Sep 23 15:37:10 mailercyber3 postfix/qmgr[3985]: 8F3EFBA0BC5: from=<Seguro@complementariognl.com>, size=73336, nrcpt=1 (queue active)
Sep 23 15:37:11 mailercyber3 postfix/submission/smtpd[5474]: 0B23DBA0BD6: client=unknown[164.92.64.57], sasl_method=PLAIN, sasl_username=admin
Sep 23 15:37:11 mailercyber3 postfix/cleanup[5477]: 0B23DBA0BD6: message-id=<1663961830931747966.3151.7573003366030699949@convenios-gnl>
Sep 23 15:37:11 mailercyber3 opendkim[3474]: 0B23DBA0BD6: no signing table match for 'Seguro@complementariognl.com'
Sep 23 15:37:11 mailercyber3 opendkim[3474]: 0B23DBA0BD6: no signature data
Sep 23 15:37:11 mailercyber3 postfix/qmgr[3985]: 0B23DBA0BD6: from=<Seguro@complementariognl.com>, size=73333, nrcpt=1 (queue active)
Sep 23 15:37:11 mailercyber3 postfix/smtp[5478]: Trusted TLS connection established to cybertrust-cl.mail.protection.outlook.com[104.47.55.110]:25: TLSv1.2 with cipher ECDHE-RSA-AES256-GCM-SHA384 (256/256 bits)
Sep 23 15:37:11 mailercyber3 postfix/submission/smtpd[5474]: 6A463BA0BD8: client=unknown[164.92.64.57], sasl_method=PLAIN, sasl_username=admin
Sep 23 15:37:11 mailercyber3 postfix/cleanup[5477]: 6A463BA0BD8: message-id=<1663961831324364912.3151.7705842102427727401@convenios-gnl>
Sep 23 15:37:11 mailercyber3 opendkim[3474]: 6A463BA0BD8: no signing table match for 'Seguro@complementariognl.com'
Sep 23 15:37:11 mailercyber3 opendkim[3474]: 6A463BA0BD8: no signature data
Sep 23 15:37:11 mailercyber3 postfix/qmgr[3985]: 6A463BA0BD8: from=<Seguro@complementariognl.com>, size=73333, nrcpt=1 (queue active)
Sep 23 15:37:11 mailercyber3 postfix/submission/smtpd[5474]: disconnect from unknown[164.92.64.57] ehlo=2 starttls=1 auth=1 mail=3 rcpt=3 data=3 quit=1 commands=14
Sep 23 15:37:11 mailercyber3 postfix/smtp[5479]: Trusted TLS connection established to cybertrust-cl.mail.protection.outlook.com[104.47.55.110]:25: TLSv1.2 with cipher ECDHE-RSA-AES256-GCM-SHA384 (256/256 bits)
Sep 23 15:37:12 mailercyber3 postfix/smtp[5480]: Trusted TLS connection established to cybertrust-cl.mail.protection.outlook.com[104.47.55.110]:25: TLSv1.2 with cipher ECDHE-RSA-AES256-GCM-SHA384 (256/256 bits)
Sep 23 15:37:13 mailercyber3 postfix/smtp[5478]: 8F3EFBA0BC5: to=<camilo.ferreira@cybertrust.cl>, relay=cybertrust-cl.mail.protection.outlook.com[104.47.55.110]:25, delay=2.6, delays=0.37/0/0.58/1.7, dsn=2.6.0, status=sent (250 2.6.0 <1663961830476750308.3151.8963833798715363149@convenios-gnl> [InternalId=5905580042740, Hostname=DM6PR16MB3244.namprd16.prod.outlook.com] 82536 bytes in 0.589, 136.682 KB/sec Queued mail for delivery)
Sep 23 15:37:13 mailercyber3 postfix/qmgr[3985]: 8F3EFBA0BC5: removed
Sep 23 15:37:13 mailercyber3 postfix/smtps/smtpd[3998]: warning: unknown[5.34.207.99]: SASL LOGIN authentication failed: UGFzc3dvcmQ6
Sep 23 15:37:13 mailercyber3 postfix/smtps/smtpd[3998]: lost connection after AUTH from unknown[5.34.207.99]
Sep 23 15:37:13 mailercyber3 postfix/smtps/smtpd[3998]: disconnect from unknown[5.34.207.99] ehlo=1 auth=0/1 rset=1 commands=2/3
Sep 23 15:37:13 mailercyber3 postfix/smtp[5479]: 0B23DBA0BD6: to=<felipe.herrera@cybertrust.cl>, relay=cybertrust-cl.mail.protection.outlook.com[104.47.55.110]:25, delay=2.8, delays=0.3/0/0.58/1.9, dsn=2.6.0, status=sent (250 2.6.0 <1663961830931747966.3151.7573003366030699949@convenios-gnl> [InternalId=52432960762943, Hostname=CH0PR16MB4332.namprd16.prod.outlook.com] 82614 bytes in 0.525, 153.667 KB/sec Queued mail for delivery)
Sep 23 15:37:13 mailercyber3 postfix/qmgr[3985]: 0B23DBA0BD6: removed
Sep 23 15:37:13 mailercyber3 postfix/smtp[5480]: 6A463BA0BD8: to=<juan.fernandez@cybertrust.cl>, relay=cybertrust-cl.mail.protection.outlook.com[104.47.55.110]:25, delay=2.6, delays=0.22/0/0.58/1.8, dsn=2.6.0, status=sent (250 2.6.0 <1663961831324364912.3151.7705842102427727401@convenios-gnl> [InternalId=21650930148070, Hostname=DM5PR16MB1674.namprd16.prod.outlook.com] 82607 bytes in 0.456, 176.869 KB/sec Queued mail for delivery)
Sep 23 15:37:13 mailercyber3 postfix/qmgr[3985]: 6A463BA0BD8: removed
Sep 23 15:38:10 mailercyber3 postfix/submission/smtpd[5474]: connect from unknown[164.92.64.57]
Sep 23 15:38:10 mailercyber3 postfix/submission/smtpd[5474]: Anonymous TLS connection established from unknown[164.92.64.57]: TLSv1.3 with cipher TLS_AES_128_GCM_SHA256 (128/128 bits) key-exchange X25519 server-signature RSA-PSS (2048 bits) server-digest SHA256
Sep 23 15:38:11 mailercyber3 postfix/submission/smtpd[5474]: 0BC1DBA0BC5: client=unknown[164.92.64.57], sasl_method=PLAIN, sasl_username=admin
Sep 23 15:38:11 mailercyber3 postfix/cleanup[5477]: 0BC1DBA0BC5: message-id=<1663961890939265297.3151.5812352128647124857@convenios-gnl>
Sep 23 15:38:11 mailercyber3 opendkim[3474]: 0BC1DBA0BC5: no signing table match for 'Seguro@complementariognl.com'
Sep 23 15:38:11 mailercyber3 opendkim[3474]: 0BC1DBA0BC5: no signature data
Sep 23 15:38:11 mailercyber3 postfix/qmgr[3985]: 0BC1DBA0BC5: from=<Seguro@complementariognl.com>, size=64369, nrcpt=1 (queue active)
Sep 23 15:38:11 mailercyber3 postfix/submission/smtpd[5474]: disconnect from unknown[164.92.64.57] ehlo=2 starttls=1 auth=1 mail=1 rcpt=1 data=1 quit=1 commands=8
Sep 23 15:38:11 mailercyber3 postfix/smtp[5478]: Trusted TLS connection established to cybertrust-cl.mail.protection.outlook.com[104.47.55.110]:25: TLSv1.2 with cipher ECDHE-RSA-AES256-GCM-SHA384 (256/256 bits)
Sep 23 15:38:13 mailercyber3 postfix/smtp[5478]: 0BC1DBA0BC5: to=<camilo.ferreira@cybertrust.cl>, relay=cybertrust-cl.mail.protection.outlook.com[104.47.55.110]:25, delay=2.2, delays=0.36/0/0.58/1.3, dsn=2.6.0, status=sent (250 2.6.0 <1663961890939265297.3151.5812352128647124857@convenios-gnl> [InternalId=22217865835982, Hostname=DM6PR16MB3766.namprd16.prod.outlook.com] 73560 bytes in 0.220, 326.469 KB/sec Queued mail for delivery)
Sep 23 15:38:13 mailercyber3 postfix/qmgr[3985]: 0BC1DBA0BC5: removed
Sep 23 15:38:22 mailercyber3 postfix/smtps/smtpd[3998]: connect from unknown[5.34.207.99]
Sep 23 15:38:24 mailercyber3 postfix/smtps/smtpd[3998]: Anonymous TLS connection established from unknown[5.34.207.99]: TLSv1.2 with cipher ECDHE-RSA-AES256-GCM-SHA384 (256/256 bits)
Sep 23 15:38:33 mailercyber3 postfix/smtps/smtpd[3998]: warning: unknown[5.34.207.99]: SASL LOGIN authentication failed: UGFzc3dvcmQ6
Sep 23 15:38:33 mailercyber3 postfix/smtps/smtpd[3998]: lost connection after AUTH from unknown[5.34.207.99]
Sep 23 15:38:33 mailercyber3 postfix/smtps/smtpd[3998]: disconnect from unknown[5.34.207.99] ehlo=1 auth=0/1 rset=1 commands=2/3
Sep 23 15:39:41 mailercyber3 postfix/smtps/smtpd[3998]: connect from unknown[5.34.207.99]
Sep 23 15:39:44 mailercyber3 postfix/smtps/smtpd[3998]: Anonymous TLS connection established from unknown[5.34.207.99]: TLSv1.2 with cipher ECDHE-RSA-AES256-GCM-SHA384 (256/256 bits)
Sep 23 15:39:50 mailercyber3 postfix/smtps/smtpd[3998]: warning: unknown[5.34.207.99]: SASL LOGIN authentication failed: UGFzc3dvcmQ6
Sep 23 15:39:50 mailercyber3 postfix/smtps/smtpd[3998]: lost connection after AUTH from unknown[5.34.207.99]
Sep 23 15:39:50 mailercyber3 postfix/smtps/smtpd[3998]: disconnect from unknown[5.34.207.99] ehlo=1 auth=0/1 rset=1 commands=2/3
Sep 23 15:41:01 mailercyber3 postfix/smtps/smtpd[3998]: connect from unknown[5.34.207.99]
Sep 23 15:41:03 mailercyber3 postfix/smtps/smtpd[3998]: Anonymous TLS connection established from unknown[5.34.207.99]: TLSv1.2 with cipher ECDHE-RSA-AES256-GCM-SHA384 (256/256 bits)
Sep 23 15:41:11 mailercyber3 postfix/smtps/smtpd[3998]: warning: unknown[5.34.207.99]: SASL LOGIN authentication failed: UGFzc3dvcmQ6
Sep 23 15:41:11 mailercyber3 postfix/smtps/smtpd[3998]: lost connection after AUTH from unknown[5.34.207.99]
Sep 23 15:41:11 mailercyber3 postfix/smtps/smtpd[3998]: disconnect from unknown[5.34.207.99] ehlo=1 auth=0/1 rset=1 commands=2/3
Sep 23 15:41:33 mailercyber3 postfix/smtpd[5509]: connect from unknown[208.67.104.82]
Sep 23 15:41:33 mailercyber3 postfix/smtpd[5509]: lost connection after AUTH from unknown[208.67.104.82]
Sep 23 15:41:33 mailercyber3 postfix/smtpd[5509]: disconnect from unknown[208.67.104.82] ehlo=1 auth=0/1 commands=1/2
Sep 23 15:41:36 mailercyber3 postfix/anvil[4008]: statistics: max connection rate 1/60s for (smtps:5.34.207.99) at Sep 23 15:31:44
Sep 23 15:41:36 mailercyber3 postfix/anvil[4008]: statistics: max connection count 1 for (smtps:5.34.207.99) at Sep 23 15:31:44
Sep 23 15:41:36 mailercyber3 postfix/anvil[4008]: statistics: max cache size 3 at Sep 23 15:32:30
Sep 23 15:42:23 mailercyber3 postfix/smtps/smtpd[3998]: connect from unknown[5.34.207.99]
Sep 23 15:42:25 mailercyber3 postfix/smtps/smtpd[3998]: Anonymous TLS connection established from unknown[5.34.207.99]: TLSv1.2 with cipher ECDHE-RSA-AES256-GCM-SHA384 (256/256 bits)
Sep 23 15:42:33 mailercyber3 postfix/smtps/smtpd[3998]: warning: unknown[5.34.207.99]: SASL LOGIN authentication failed: UGFzc3dvcmQ6
Sep 23 15:42:33 mailercyber3 postfix/smtps/smtpd[3998]: lost connection after AUTH from unknown[5.34.207.99]
Sep 23 15:42:33 mailercyber3 postfix/smtps/smtpd[3998]: disconnect from unknown[5.34.207.99] ehlo=1 auth=0/1 rset=1 commands=2/3
Sep 23 15:43:24 mailercyber3 postfix/smtpd[5524]: connect from unknown[141.98.6.39]
Sep 23 15:43:24 mailercyber3 postfix/smtpd[5524]: lost connection after AUTH from unknown[141.98.6.39]
Sep 23 15:43:24 mailercyber3 postfix/smtpd[5524]: disconnect from unknown[141.98.6.39] ehlo=1 auth=0/1 commands=1/2
Sep 23 15:43:47 mailercyber3 postfix/smtps/smtpd[3998]: connect from unknown[5.34.207.99]
Sep 23 15:43:49 mailercyber3 postfix/smtps/smtpd[3998]: Anonymous TLS connection established from unknown[5.34.207.99]: TLSv1.2 with cipher ECDHE-RSA-AES256-GCM-SHA384 (256/256 bits)
Sep 23 15:43:58 mailercyber3 postfix/smtps/smtpd[3998]: warning: unknown[5.34.207.99]: SASL LOGIN authentication failed: UGFzc3dvcmQ6
Sep 23 15:43:58 mailercyber3 postfix/smtps/smtpd[3998]: lost connection after AUTH from unknown[5.34.207.99]
Sep 23 15:43:58 mailercyber3 postfix/smtps/smtpd[3998]: disconnect from unknown[5.34.207.99] ehlo=1 auth=0/1 rset=1 commands=2/3
Sep 23 15:45:08 mailercyber3 postfix/smtps/smtpd[3998]: connect from unknown[5.34.207.99]
Sep 23 15:45:10 mailercyber3 postfix/smtps/smtpd[3998]: Anonymous TLS connection established from unknown[5.34.207.99]: TLSv1.2 with cipher ECDHE-RSA-AES256-GCM-SHA384 (256/256 bits)
Sep 23 15:45:18 mailercyber3 postfix/smtps/smtpd[3998]: warning: unknown[5.34.207.99]: SASL LOGIN authentication failed: UGFzc3dvcmQ6
Sep 23 15:45:18 mailercyber3 postfix/smtps/smtpd[3998]: lost connection after AUTH from unknown[5.34.207.99]
Sep 23 15:45:18 mailercyber3 postfix/smtps/smtpd[3998]: disconnect from unknown[5.34.207.99] ehlo=1 auth=0/1 rset=1 commands=2/3
Sep 23 15:46:28 mailercyber3 postfix/smtps/smtpd[3998]: connect from unknown[5.34.207.99]
Sep 23 15:46:29 mailercyber3 postfix/smtps/smtpd[3998]: Anonymous TLS connection established from unknown[5.34.207.99]: TLSv1.2 with cipher ECDHE-RSA-AES256-GCM-SHA384 (256/256 bits)
Sep 23 15:46:38 mailercyber3 postfix/smtps/smtpd[3998]: warning: unknown[5.34.207.99]: SASL LOGIN authentication failed: UGFzc3dvcmQ6
Sep 23 15:46:38 mailercyber3 postfix/smtps/smtpd[3998]: lost connection after AUTH from unknown[5.34.207.99]
Sep 23 15:46:38 mailercyber3 postfix/smtps/smtpd[3998]: disconnect from unknown[5.34.207.99] ehlo=1 auth=0/1 rset=1 commands=2/3
Sep 23 15:47:50 mailercyber3 postfix/smtps/smtpd[3998]: connect from unknown[5.34.207.99]
Sep 23 15:47:52 mailercyber3 postfix/smtps/smtpd[3998]: Anonymous TLS connection established from unknown[5.34.207.99]: TLSv1.2 with cipher ECDHE-RSA-AES256-GCM-SHA384 (256/256 bits)
Sep 23 15:48:01 mailercyber3 postfix/smtps/smtpd[3998]: warning: unknown[5.34.207.99]: SASL LOGIN authentication failed: UGFzc3dvcmQ6
Sep 23 15:48:01 mailercyber3 postfix/smtps/smtpd[3998]: lost connection after AUTH from unknown[5.34.207.99]
Sep 23 15:48:01 mailercyber3 postfix/smtps/smtpd[3998]: disconnect from unknown[5.34.207.99] ehlo=1 auth=0/1 rset=1 commands=2/3
Sep 23 15:49:16 mailercyber3 postfix/smtps/smtpd[3998]: connect from unknown[5.34.207.99]
Sep 23 15:49:18 mailercyber3 postfix/smtps/smtpd[3998]: Anonymous TLS connection established from unknown[5.34.207.99]: TLSv1.2 with cipher ECDHE-RSA-AES256-GCM-SHA384 (256/256 bits)
Sep 23 15:49:28 mailercyber3 postfix/smtps/smtpd[3998]: warning: unknown[5.34.207.99]: SASL LOGIN authentication failed: UGFzc3dvcmQ6
Sep 23 15:49:28 mailercyber3 postfix/smtps/smtpd[3998]: lost connection after AUTH from unknown[5.34.207.99]
Sep 23 15:49:28 mailercyber3 postfix/smtps/smtpd[3998]: disconnect from unknown[5.34.207.99] ehlo=1 auth=0/1 rset=1 commands=2/3
Sep 23 15:49:51 mailercyber3 postfix/smtpd[5590]: connect from unknown[163.123.143.10]
Sep 23 15:49:52 mailercyber3 postfix/smtpd[5590]: lost connection after AUTH from unknown[163.123.143.10]
Sep 23 15:49:52 mailercyber3 postfix/smtpd[5590]: disconnect from unknown[163.123.143.10] ehlo=1 auth=0/1 commands=1/2
Sep 23 15:50:36 mailercyber3 postfix/smtps/smtpd[3998]: connect from unknown[5.34.207.99]
Sep 23 15:50:38 mailercyber3 postfix/smtps/smtpd[3998]: Anonymous TLS connection established from unknown[5.34.207.99]: TLSv1.2 with cipher ECDHE-RSA-AES256-GCM-SHA384 (256/256 bits)
Sep 23 15:50:47 mailercyber3 postfix/smtps/smtpd[3998]: warning: unknown[5.34.207.99]: SASL LOGIN authentication failed: UGFzc3dvcmQ6
Sep 23 15:50:47 mailercyber3 postfix/smtps/smtpd[3998]: lost connection after AUTH from unknown[5.34.207.99]
Sep 23 15:50:47 mailercyber3 postfix/smtps/smtpd[3998]: disconnect from unknown[5.34.207.99] ehlo=1 auth=0/1 rset=1 commands=2/3
Sep 23 15:51:36 mailercyber3 postfix/anvil[4008]: statistics: max connection rate 1/60s for (smtps:5.34.207.99) at Sep 23 15:42:25
