Sep 23 14:48:07 mailercyber3 postfix/submission/smtpd[3250]: Anonymous TLS connection established from unknown[77.81.139.90]: TLSv1.2 with cipher ECDHE-RSA-AES256-GCM-SHA384 (256/256 bits)
Sep 23 14:48:12 mailercyber3 postfix/submission/smtpd[3250]: warning: unknown[77.81.139.90]: SASL LOGIN authentication failed: UGFzc3dvcmQ6
Sep 23 14:48:12 mailercyber3 postfix/submission/smtpd[3250]: disconnect from unknown[77.81.139.90] ehlo=2 starttls=1 auth=0/1 quit=1 commands=4/5
Sep 23 14:48:54 mailercyber3 postfix/smtps/smtpd[2600]: connect from unknown[5.34.207.99]
Sep 23 14:48:56 mailercyber3 postfix/smtps/smtpd[2600]: Anonymous TLS connection established from unknown[5.34.207.99]: TLSv1.2 with cipher ECDHE-RSA-AES256-GCM-SHA384 (256/256 bits)
Sep 23 14:49:00 mailercyber3 postfix/pickup[2554]: 82E73BA0D02: uid=0 from=<root>
Sep 23 14:49:00 mailercyber3 postfix/cleanup[2863]: 82E73BA0D02: message-id=<20220923184900.82E73BA0D02@mail.mailercyber1.com>
Sep 23 14:49:00 mailercyber3 opendkim[433]: can't load key from /etc/opendkim/keys/mailercyber3.com/default.private: Permission denied
Sep 23 14:49:00 mailercyber3 opendkim[433]: 82E73BA0D02: error loading key 'default._domainkey.mailercyber3.com'
Sep 23 14:49:00 mailercyber3 postfix/cleanup[2863]: 82E73BA0D02: milter-reject: END-OF-MESSAGE from localhost[127.0.0.1]: 4.7.1 Service unavailable - try again later; from=<root@mailercyber3.com> to=<root@mailercyber3.com>
Sep 23 14:49:00 mailercyber3 postfix/pickup[2554]: 83AD1BA0D02: uid=0 from=<root@mailercyber3.com>
Sep 23 14:49:00 mailercyber3 postfix/cleanup[2557]: 83AD1BA0D02: message-id=<20220923184900.83AD1BA0D02@mail.mailercyber1.com>
Sep 23 14:49:00 mailercyber3 opendkim[433]: can't load key from /etc/opendkim/keys/mailercyber3.com/default.private: Permission denied
Sep 23 14:49:00 mailercyber3 opendkim[433]: 83AD1BA0D02: error loading key 'default._domainkey.mailercyber3.com'
Sep 23 14:49:00 mailercyber3 postfix/cleanup[2557]: 83AD1BA0D02: milter-reject: END-OF-MESSAGE from localhost[127.0.0.1]: 4.7.1 Service unavailable - try again later; from=<root@mailercyber3.com> to=<test-cwk6wm84g@srv1.mail-tester.com>
Sep 23 14:49:00 mailercyber3 postfix/pickup[2554]: 84122BA0D02: uid=0 from=<root@mailercyber3.com>
Sep 23 14:49:00 mailercyber3 postfix/cleanup[2559]: 84122BA0D02: message-id=<20220923184900.84122BA0D02@mail.mailercyber1.com>
Sep 23 14:49:00 mailercyber3 opendkim[433]: can't load key from /etc/opendkim/keys/mailercyber3.com/default.private: Permission denied
Sep 23 14:49:00 mailercyber3 opendkim[433]: 84122BA0D02: error loading key 'default._domainkey.mailercyber3.com'
Sep 23 14:49:00 mailercyber3 postfix/cleanup[2559]: 84122BA0D02: milter-reject: END-OF-MESSAGE from localhost[127.0.0.1]: 4.7.1 Service unavailable - try again later; from=<root@mailercyber3.com> to=<test-cwk6wm84g@srv1.mail-tester.com>
Sep 23 14:49:04 mailercyber3 postfix/smtps/smtpd[2600]: warning: unknown[5.34.207.99]: SASL LOGIN authentication failed: UGFzc3dvcmQ6
Sep 23 14:49:04 mailercyber3 postfix/smtps/smtpd[2600]: lost connection after AUTH from unknown[5.34.207.99]
Sep 23 14:49:04 mailercyber3 postfix/smtps/smtpd[2600]: disconnect from unknown[5.34.207.99] ehlo=1 auth=0/1 rset=1 commands=2/3
Sep 23 14:49:09 mailercyber3 postfix/smtpd[3336]: connect from unknown[163.123.143.10]
Sep 23 14:49:09 mailercyber3 postfix/smtpd[3336]: lost connection after AUTH from unknown[163.123.143.10]
Sep 23 14:49:09 mailercyber3 postfix/smtpd[3336]: disconnect from unknown[163.123.143.10] ehlo=1 auth=0/1 commands=1/2
Sep 23 14:49:26 mailercyber3 postfix/anvil[2573]: statistics: max connection rate 3/60s for (submission:191.114.215.197) at Sep 23 14:45:43
Sep 23 14:49:26 mailercyber3 postfix/anvil[2573]: statistics: max connection count 1 for (smtps:5.34.207.99) at Sep 23 14:39:38
Sep 23 14:49:26 mailercyber3 postfix/anvil[2573]: statistics: max cache size 3 at Sep 23 14:41:49
Sep 23 14:49:29 mailercyber3 opendkim[433]: OpenDKIM Filter v2.11.0 terminating with status 0, errno = 0
Sep 23 14:49:29 mailercyber3 opendkim[3363]: OpenDKIM Filter v2.11.0 starting (args: -x /etc/opendkim.conf)
Sep 23 14:50:00 mailercyber3 postfix/pickup[2554]: 74093BA0D02: uid=0 from=<root>
Sep 23 14:50:00 mailercyber3 postfix/cleanup[2863]: 74093BA0D02: message-id=<20220923185000.74093BA0D02@mail.mailercyber1.com>
Sep 23 14:50:00 mailercyber3 opendkim[3363]: 74093BA0D02: no signing table match for 'root@mailercyber3.com'
Sep 23 14:50:00 mailercyber3 opendkim[3363]: 74093BA0D02: no signature data
Sep 23 14:50:00 mailercyber3 postfix/qmgr[2555]: 74093BA0D02: from=<root@mailercyber3.com>, size=689, nrcpt=1 (queue active)
Sep 23 14:50:00 mailercyber3 postfix/pickup[2554]: 79FF0BA0BF1: uid=0 from=<root@mailercyber3.com>
Sep 23 14:50:00 mailercyber3 postfix/cleanup[2557]: 79FF0BA0BF1: message-id=<20220923185000.79FF0BA0BF1@mail.mailercyber1.com>
Sep 23 14:50:00 mailercyber3 opendkim[3363]: 79FF0BA0BF1: no signing table match for 'root@mailercyber3.com'
Sep 23 14:50:00 mailercyber3 opendkim[3363]: 79FF0BA0BF1: no signature data
Sep 23 14:50:00 mailercyber3 postfix/pickup[2554]: 7B7EABA0D01: uid=0 from=<root@mailercyber3.com>
Sep 23 14:50:00 mailercyber3 postfix/cleanup[2559]: 7B7EABA0D01: message-id=<20220923185000.7B7EABA0D01@mail.mailercyber1.com>
Sep 23 14:50:00 mailercyber3 opendkim[3363]: 7B7EABA0D01: no signing table match for 'root@mailercyber3.com'
Sep 23 14:50:00 mailercyber3 opendkim[3363]: 7B7EABA0D01: no signature data
Sep 23 14:50:00 mailercyber3 postfix/qmgr[2555]: 7B7EABA0D01: from=<root@mailercyber3.com>, size=428, nrcpt=1 (queue active)
Sep 23 14:50:00 mailercyber3 postfix/qmgr[2555]: 79FF0BA0BF1: from=<root@mailercyber3.com>, size=428, nrcpt=1 (queue active)
Sep 23 14:50:00 mailercyber3 dovecot: lmtp(3382): Connect from local
Sep 23 14:50:00 mailercyber3 dovecot: lmtp(admin)<3382><zk2IINj/LWM2DQAAtFBNsg>: msgid=<20220923185000.74093BA0D02@mail.mailercyber1.com>: saved mail to INBOX
Sep 23 14:50:00 mailercyber3 postfix/lmtp[3380]: 74093BA0D02: to=<admin@mailercyber3.com>, orig_to=<root>, relay=mail.mailercyber1.com[private/dovecot-lmtp], delay=5156, delays=5156/0.01/0.03/0.01, dsn=2.0.0, status=sent (250 2.0.0 <admin@mailercyber3.com> zk2IINj/LWM2DQAAtFBNsg Saved)
Sep 23 14:50:00 mailercyber3 postfix/qmgr[2555]: 74093BA0D02: removed
Sep 23 14:50:00 mailercyber3 dovecot: lmtp(3382): Disconnect from local: Client has quit the connection (state=READY)
Sep 23 14:50:01 mailercyber3 postfix/smtp[3379]: Anonymous TLS connection established to reception.mail-tester.com[94.23.206.89]:25: TLSv1.2 with cipher ADH-AES256-GCM-SHA384 (256/256 bits)
Sep 23 14:50:01 mailercyber3 postfix/smtp[3381]: Anonymous TLS connection established to reception.mail-tester.com[94.23.206.89]:25: TLSv1.2 with cipher ADH-AES256-GCM-SHA384 (256/256 bits)
Sep 23 14:50:01 mailercyber3 postfix/smtp[3379]: 7B7EABA0D01: to=<test-cwk6wm84g@srv1.mail-tester.com>, relay=reception.mail-tester.com[94.23.206.89]:25, delay=5611, delays=5610/0.02/0.63/0.32, dsn=2.0.0, status=sent (250 2.0.0 Ok: queued as 4309AA9888)
Sep 23 14:50:01 mailercyber3 postfix/qmgr[2555]: 7B7EABA0D01: removed
Sep 23 14:50:01 mailercyber3 postfix/smtp[3381]: 79FF0BA0BF1: to=<test-cwk6wm84g@srv1.mail-tester.com>, relay=reception.mail-tester.com[94.23.206.89]:25, delay=5583, delays=5582/0.03/0.62/0.31, dsn=2.0.0, status=sent (250 2.0.0 Ok: queued as 43E73A98F5)
Sep 23 14:50:01 mailercyber3 postfix/qmgr[2555]: 79FF0BA0BF1: removed
Sep 23 14:50:10 mailercyber3 postfix/smtpd[3336]: connect from unknown[208.67.104.82]
Sep 23 14:50:10 mailercyber3 postfix/smtpd[3336]: lost connection after AUTH from unknown[208.67.104.82]
Sep 23 14:50:10 mailercyber3 postfix/smtpd[3336]: disconnect from unknown[208.67.104.82] ehlo=1 auth=0/1 commands=1/2
Sep 23 14:50:14 mailercyber3 postfix/smtps/smtpd[2600]: connect from unknown[5.34.207.99]
Sep 23 14:50:16 mailercyber3 postfix/smtps/smtpd[2600]: Anonymous TLS connection established from unknown[5.34.207.99]: TLSv1.2 with cipher ECDHE-RSA-AES256-GCM-SHA384 (256/256 bits)
Sep 23 14:50:26 mailercyber3 postfix/smtps/smtpd[2600]: warning: unknown[5.34.207.99]: SASL LOGIN authentication failed: UGFzc3dvcmQ6
Sep 23 14:50:26 mailercyber3 postfix/smtps/smtpd[2600]: lost connection after AUTH from unknown[5.34.207.99]
Sep 23 14:50:26 mailercyber3 postfix/smtps/smtpd[2600]: disconnect from unknown[5.34.207.99] ehlo=1 auth=0/1 rset=1 commands=2/3
Sep 23 14:51:05 mailercyber3 dovecot: master: Warning: Killed with signal 15 (by pid=3400 uid=0 code=kill)
Sep 23 14:51:05 mailercyber3 dovecot: imap(admin)<3151><x2W3gFzpodG/ctfF>: Server shutting down. in=157 out=817 deleted=0 expunged=0 trashed=0 hdr_count=0 hdr_bytes=0 body_count=0 body_bytes=0
Sep 23 14:51:05 mailercyber3 dovecot: imap(admin)<3282><4DvZl1zp8dK/ctfF>: Server shutting down. in=508 out=2465 deleted=0 expunged=0 trashed=0 hdr_count=1 hdr_bytes=279 body_count=0 body_bytes=0
Sep 23 14:51:05 mailercyber3 dovecot: imap(admin)<3153><qGbIgFzpsNG/ctfF>: Server shutting down. in=1233 out=6405 deleted=0 expunged=0 trashed=0 hdr_count=3 hdr_bytes=610 body_count=3 body_bytes=1925
Sep 23 14:51:05 mailercyber3 postfix/postfix-script[3408]: stopping the Postfix mail system
Sep 23 14:51:05 mailercyber3 postfix/master[2553]: terminating on signal 15
Sep 23 14:51:05 mailercyber3 dovecot: log(2022): Warning: Killed with signal 15 (by pid=1 uid=0 code=kill)
Sep 23 14:51:06 mailercyber3 dovecot: master: Dovecot v2.3.7.2 (3c910f64b) starting up for imap, lmtp, imap, lmtp, pop3 (core dumps disabled)
Sep 23 14:51:06 mailercyber3 opendkim[3363]: OpenDKIM Filter v2.11.0 terminating with status 0, errno = 0
Sep 23 14:51:06 mailercyber3 opendkim[3474]: OpenDKIM Filter v2.11.0 starting (args: -x /etc/opendkim.conf)
Sep 23 14:51:07 mailercyber3 postfix/postfix-script[3817]: warning: symlink leaves directory: /etc/postfix/./makedefs.out
Sep 23 14:51:07 mailercyber3 postfix/postfix-script[3981]: starting the Postfix mail system
Sep 23 14:51:07 mailercyber3 postfix/master[3983]: daemon started -- version 3.4.13, configuration /etc/postfix
Sep 23 14:51:34 mailercyber3 postfix/smtps/smtpd[3998]: connect from unknown[5.34.207.99]
Sep 23 14:51:36 mailercyber3 postfix/smtps/smtpd[3998]: Anonymous TLS connection established from unknown[5.34.207.99]: TLSv1.2 with cipher ECDHE-RSA-AES256-GCM-SHA384 (256/256 bits)
Sep 23 14:51:45 mailercyber3 postfix/smtps/smtpd[3998]: warning: unknown[5.34.207.99]: SASL LOGIN authentication failed: UGFzc3dvcmQ6
Sep 23 14:51:45 mailercyber3 postfix/smtps/smtpd[3998]: lost connection after AUTH from unknown[5.34.207.99]
Sep 23 14:51:45 mailercyber3 postfix/smtps/smtpd[3998]: disconnect from unknown[5.34.207.99] ehlo=1 auth=0/1 rset=1 commands=2/3
Sep 23 14:51:49 mailercyber3 opendmarc[4624]: OpenDMARC Filter v1.3.2 starting ()
Sep 23 14:51:49 mailercyber3 opendmarc[4624]: additional trusted authentication services: (none)
Sep 23 14:52:54 mailercyber3 postfix/smtps/smtpd[3998]: connect from unknown[5.34.207.99]
Sep 23 14:52:56 mailercyber3 postfix/smtps/smtpd[3998]: Anonymous TLS connection established from unknown[5.34.207.99]: TLSv1.2 with cipher ECDHE-RSA-AES256-GCM-SHA384 (256/256 bits)
Sep 23 14:53:05 mailercyber3 postfix/smtps/smtpd[3998]: warning: unknown[5.34.207.99]: SASL LOGIN authentication failed: UGFzc3dvcmQ6
Sep 23 14:53:05 mailercyber3 postfix/smtps/smtpd[3998]: lost connection after AUTH from unknown[5.34.207.99]
Sep 23 14:53:05 mailercyber3 postfix/smtps/smtpd[3998]: disconnect from unknown[5.34.207.99] ehlo=1 auth=0/1 rset=1 commands=2/3
Sep 23 14:54:14 mailercyber3 postfix/smtps/smtpd[3998]: connect from unknown[5.34.207.99]
Sep 23 14:54:16 mailercyber3 postfix/smtps/smtpd[3998]: Anonymous TLS connection established from unknown[5.34.207.99]: TLSv1.2 with cipher ECDHE-RSA-AES256-GCM-SHA384 (256/256 bits)
Sep 23 14:54:24 mailercyber3 postfix/smtps/smtpd[3998]: warning: unknown[5.34.207.99]: SASL LOGIN authentication failed: UGFzc3dvcmQ6
Sep 23 14:54:24 mailercyber3 postfix/smtps/smtpd[3998]: lost connection after AUTH from unknown[5.34.207.99]
Sep 23 14:54:24 mailercyber3 postfix/smtps/smtpd[3998]: disconnect from unknown[5.34.207.99] ehlo=1 auth=0/1 rset=1 commands=2/3
Sep 23 14:55:35 mailercyber3 postfix/smtps/smtpd[3998]: connect from unknown[5.34.207.99]
Sep 23 14:55:37 mailercyber3 postfix/smtps/smtpd[3998]: Anonymous TLS connection established from unknown[5.34.207.99]: TLSv1.2 with cipher ECDHE-RSA-AES256-GCM-SHA384 (256/256 bits)
Sep 23 14:55:45 mailercyber3 postfix/smtps/smtpd[3998]: warning: unknown[5.34.207.99]: SASL LOGIN authentication failed: UGFzc3dvcmQ6
Sep 23 14:55:45 mailercyber3 postfix/smtps/smtpd[3998]: lost connection after AUTH from unknown[5.34.207.99]
Sep 23 14:55:45 mailercyber3 postfix/smtps/smtpd[3998]: disconnect from unknown[5.34.207.99] ehlo=1 auth=0/1 rset=1 commands=2/3
Sep 23 14:55:47 mailercyber3 postfix/submission/smtpd[5205]: connect from unknown[164.92.64.57]
Sep 23 14:55:47 mailercyber3 postfix/submission/smtpd[5205]: Anonymous TLS connection established from unknown[164.92.64.57]: TLSv1.3 with cipher TLS_AES_128_GCM_SHA256 (128/128 bits) key-exchange X25519 server-signature RSA-PSS (2048 bits) server-digest SHA256
Sep 23 14:55:48 mailercyber3 postfix/submission/smtpd[5205]: 2697CBA0BC5: client=unknown[164.92.64.57], sasl_method=PLAIN, sasl_username=admin
Sep 23 14:55:48 mailercyber3 postfix/cleanup[5208]: 2697CBA0BC5: message-id=<1663959348028809262.3151.3742126103290041762@convenios-gnl>
Sep 23 14:55:48 mailercyber3 opendkim[3474]: 2697CBA0BC5: no signing table match for 'Seguro@complementariognl.com'
Sep 23 14:55:48 mailercyber3 opendkim[3474]: 2697CBA0BC5: no signature data
Sep 23 14:55:48 mailercyber3 postfix/qmgr[3985]: 2697CBA0BC5: from=<Seguro@complementariognl.com>, size=91341, nrcpt=1 (queue active)
Sep 23 14:55:48 mailercyber3 postfix/submission/smtpd[5205]: 9A5D4BA0BD6: client=unknown[164.92.64.57], sasl_method=PLAIN, sasl_username=admin
Sep 23 14:55:48 mailercyber3 postfix/cleanup[5208]: 9A5D4BA0BD6: message-id=<1663959348512069698.3151.6036023712229337453@convenios-gnl>
Sep 23 14:55:48 mailercyber3 opendkim[3474]: 9A5D4BA0BD6: no signing table match for 'Seguro@complementariognl.com'
Sep 23 14:55:48 mailercyber3 opendkim[3474]: 9A5D4BA0BD6: no signature data
Sep 23 14:55:48 mailercyber3 postfix/qmgr[3985]: 9A5D4BA0BD6: from=<Seguro@complementariognl.com>, size=91338, nrcpt=1 (queue active)
Sep 23 14:55:49 mailercyber3 postfix/submission/smtpd[5205]: 07ECEBA0BD8: client=unknown[164.92.64.57], sasl_method=PLAIN, sasl_username=admin
Sep 23 14:55:49 mailercyber3 postfix/smtp[5209]: Trusted TLS connection established to cybertrust-cl.mail.protection.outlook.com[104.47.55.110]:25: TLSv1.2 with cipher ECDHE-RSA-AES256-GCM-SHA384 (256/256 bits)
Sep 23 14:55:49 mailercyber3 postfix/cleanup[5208]: 07ECEBA0BD8: message-id=<1663959348920275354.3151.8693267422937868701@convenios-gnl>
Sep 23 14:55:49 mailercyber3 opendkim[3474]: 07ECEBA0BD8: no signing table match for 'Seguro@complementariognl.com'
Sep 23 14:55:49 mailercyber3 opendkim[3474]: 07ECEBA0BD8: no signature data
Sep 23 14:55:49 mailercyber3 postfix/qmgr[3985]: 07ECEBA0BD8: from=<Seguro@complementariognl.com>, size=91338, nrcpt=1 (queue active)
Sep 23 14:55:49 mailercyber3 postfix/submission/smtpd[5205]: disconnect from unknown[164.92.64.57] ehlo=2 starttls=1 auth=1 mail=3 rcpt=3 data=3 quit=1 commands=14
Sep 23 14:55:49 mailercyber3 postfix/smtp[5210]: Trusted TLS connection established to cybertrust-cl.mail.protection.outlook.com[104.47.55.110]:25: TLSv1.2 with cipher ECDHE-RSA-AES256-GCM-SHA384 (256/256 bits)
Sep 23 14:55:49 mailercyber3 postfix/smtp[5211]: Trusted TLS connection established to cybertrust-cl.mail.protection.outlook.com[104.47.55.110]:25: TLSv1.2 with cipher ECDHE-RSA-AES256-GCM-SHA384 (256/256 bits)
Sep 23 14:55:50 mailercyber3 postfix/smtp[5210]: 9A5D4BA0BD6: to=<felipe.herrera@cybertrust.cl>, relay=cybertrust-cl.mail.protection.outlook.com[104.47.55.110]:25, delay=2, delays=0.31/0.01/0.58/1.1, dsn=2.6.0, status=sent (250 2.6.0 <1663959348512069698.3151.6036023712229337453@convenios-gnl> [InternalId=71103183606630, Hostname=PH0PR16MB4262.namprd16.prod.outlook.com] 100618 bytes in 0.222, 441.861 KB/sec Queued mail for delivery)
Sep 23 14:55:50 mailercyber3 postfix/qmgr[3985]: 9A5D4BA0BD6: removed
Sep 23 14:55:50 mailercyber3 postfix/smtp[5209]: 2697CBA0BC5: to=<camilo.ferreira@cybertrust.cl>, relay=cybertrust-cl.mail.protection.outlook.com[104.47.55.110]:25, delay=2.8, delays=0.38/0.01/0.75/1.6, dsn=2.6.0, status=sent (250 2.6.0 <1663959348028809262.3151.3742126103290041762@convenios-gnl> [InternalId=97547297246873, Hostname=MW3PR16MB3835.namprd16.prod.outlook.com] 100622 bytes in 0.450, 218.109 KB/sec Queued mail for delivery)
Sep 23 14:55:50 mailercyber3 postfix/qmgr[3985]: 2697CBA0BC5: removed
Sep 23 14:55:51 mailercyber3 postfix/smtp[5211]: 07ECEBA0BD8: to=<juan.fernandez@cybertrust.cl>, relay=cybertrust-cl.mail.protection.outlook.com[104.47.55.110]:25, delay=2.2, delays=0.23/0.01/0.59/1.4, dsn=2.6.0, status=sent (250 2.6.0 <1663959348920275354.3151.8693267422937868701@convenios-gnl> [InternalId=13168369751350, Hostname=CO3PR16MB4952.namprd16.prod.outlook.com] 100609 bytes in 0.529, 185.389 KB/sec Queued mail for delivery)
Sep 23 14:55:51 mailercyber3 postfix/qmgr[3985]: 07ECEBA0BD8: removed
Sep 23 14:56:43 mailercyber3 postfix/smtpd[5220]: connect from unknown[141.98.6.39]
Sep 23 14:56:43 mailercyber3 postfix/smtpd[5220]: lost connection after AUTH from unknown[141.98.6.39]
Sep 23 14:56:43 mailercyber3 postfix/smtpd[5220]: disconnect from unknown[141.98.6.39] ehlo=1 auth=0/1 commands=1/2
Sep 23 14:56:54 mailercyber3 postfix/smtps/smtpd[3998]: connect from unknown[5.34.207.99]
Sep 23 14:56:56 mailercyber3 postfix/smtps/smtpd[3998]: Anonymous TLS connection established from unknown[5.34.207.99]: TLSv1.2 with cipher ECDHE-RSA-AES256-GCM-SHA384 (256/256 bits)
Sep 23 14:57:05 mailercyber3 postfix/smtps/smtpd[3998]: warning: unknown[5.34.207.99]: SASL LOGIN authentication failed: UGFzc3dvcmQ6
Sep 23 14:57:05 mailercyber3 postfix/smtps/smtpd[3998]: lost connection after AUTH from unknown[5.34.207.99]
Sep 23 14:57:05 mailercyber3 postfix/smtps/smtpd[3998]: disconnect from unknown[5.34.207.99] ehlo=1 auth=0/1 rset=1 commands=2/3
Sep 23 14:57:45 mailercyber3 postfix/submission/smtpd[5234]: connect from unknown[164.92.64.57]
Sep 23 14:57:46 mailercyber3 postfix/submission/smtpd[5234]: Anonymous TLS connection established from unknown[164.92.64.57]: TLSv1.3 with cipher TLS_AES_128_GCM_SHA256 (128/128 bits) key-exchange X25519 server-signature RSA-PSS (2048 bits) server-digest SHA256
Sep 23 14:57:46 mailercyber3 postfix/submission/smtpd[5234]: 9F229BA0BC5: client=unknown[164.92.64.57], sasl_method=PLAIN, sasl_username=admin
Sep 23 14:57:46 mailercyber3 postfix/cleanup[5236]: 9F229BA0BC5: message-id=<1663959466528125908.3151.6796589480357840570@convenios-gnl>
Sep 23 14:57:46 mailercyber3 opendkim[3474]: 9F229BA0BC5: no signing table match for 'Seguro@complementariognl.com'
Sep 23 14:57:46 mailercyber3 opendkim[3474]: 9F229BA0BC5: no signature data
Sep 23 14:57:46 mailercyber3 postfix/qmgr[3985]: 9F229BA0BC5: from=<Seguro@complementariognl.com>, size=57189, nrcpt=1 (queue active)
Sep 23 14:57:47 mailercyber3 postfix/submission/smtpd[5234]: disconnect from unknown[164.92.64.57] ehlo=2 starttls=1 auth=1 mail=1 rcpt=1 data=1 quit=1 commands=8
Sep 23 14:57:47 mailercyber3 postfix/smtp[5237]: Trusted TLS connection established to cybertrust-cl.mail.protection.outlook.com[104.47.58.110]:25: TLSv1.2 with cipher ECDHE-RSA-AES256-GCM-SHA384 (256/256 bits)
Sep 23 14:57:48 mailercyber3 postfix/smtp[5237]: 9F229BA0BC5: to=<camilo.ferreira@cybertrust.cl>, relay=cybertrust-cl.mail.protection.outlook.com[104.47.58.110]:25, delay=2.4, delays=0.37/0.01/0.36/1.7, dsn=2.6.0, status=sent (250 2.6.0 <1663959466528125908.3151.6796589480357840570@convenios-gnl> [InternalId=71738838767759, Hostname=SJ0PR16MB4094.namprd16.prod.outlook.com] 66410 bytes in 0.482, 134.384 KB/sec Queued mail for delivery)
Sep 23 14:57:48 mailercyber3 postfix/qmgr[3985]: 9F229BA0BC5: removed
Sep 23 14:58:13 mailercyber3 postfix/smtps/smtpd[3998]: connect from unknown[5.34.207.99]
Sep 23 14:58:15 mailercyber3 postfix/smtps/smtpd[3998]: Anonymous TLS connection established from unknown[5.34.207.99]: TLSv1.2 with cipher ECDHE-RSA-AES256-GCM-SHA384 (256/256 bits)
Sep 23 14:58:26 mailercyber3 postfix/smtps/smtpd[3998]: warning: unknown[5.34.207.99]: SASL LOGIN authentication failed: UGFzc3dvcmQ6
Sep 23 14:58:26 mailercyber3 postfix/smtps/smtpd[3998]: lost connection after AUTH from unknown[5.34.207.99]
Sep 23 14:58:26 mailercyber3 postfix/smtps/smtpd[3998]: disconnect from unknown[5.34.207.99] ehlo=1 auth=0/1 rset=1 commands=2/3
Sep 23 14:59:34 mailercyber3 postfix/smtps/smtpd[3998]: connect from unknown[5.34.207.99]
Sep 23 14:59:36 mailercyber3 postfix/smtps/smtpd[3998]: Anonymous TLS connection established from unknown[5.34.207.99]: TLSv1.2 with cipher ECDHE-RSA-AES256-GCM-SHA384 (256/256 bits)
Sep 23 14:59:45 mailercyber3 postfix/smtps/smtpd[3998]: warning: unknown[5.34.207.99]: SASL LOGIN authentication failed: UGFzc3dvcmQ6
Sep 23 14:59:45 mailercyber3 postfix/smtps/smtpd[3998]: lost connection after AUTH from unknown[5.34.207.99]
Sep 23 14:59:45 mailercyber3 postfix/smtps/smtpd[3998]: disconnect from unknown[5.34.207.99] ehlo=1 auth=0/1 rset=1 commands=2/3
Sep 23 15:00:55 mailercyber3 postfix/smtps/smtpd[3998]: connect from unknown[5.34.207.99]
Sep 23 15:00:58 mailercyber3 postfix/smtps/smtpd[3998]: Anonymous TLS connection established from unknown[5.34.207.99]: TLSv1.2 with cipher ECDHE-RSA-AES256-GCM-SHA384 (256/256 bits)
Sep 23 15:01:08 mailercyber3 postfix/smtps/smtpd[3998]: warning: unknown[5.34.207.99]: SASL LOGIN authentication failed: UGFzc3dvcmQ6
Sep 23 15:01:08 mailercyber3 postfix/smtps/smtpd[3998]: lost connection after AUTH from unknown[5.34.207.99]
Sep 23 15:01:08 mailercyber3 postfix/smtps/smtpd[3998]: disconnect from unknown[5.34.207.99] ehlo=1 auth=0/1 rset=1 commands=2/3
Sep 23 15:01:36 mailercyber3 postfix/anvil[4008]: statistics: max connection rate 1/60s for (smtps:5.34.207.99) at Sep 23 14:51:36
Sep 23 15:01:36 mailercyber3 postfix/anvil[4008]: statistics: max connection count 1 for (smtps:5.34.207.99) at Sep 23 14:51:36
Sep 23 15:01:36 mailercyber3 postfix/anvil[4008]: statistics: max cache size 3 at Sep 23 14:56:43
Sep 23 15:02:16 mailercyber3 postfix/smtps/smtpd[3998]: connect from unknown[5.34.207.99]
Sep 23 15:02:19 mailercyber3 postfix/smtps/smtpd[3998]: Anonymous TLS connection established from unknown[5.34.207.99]: TLSv1.2 with cipher ECDHE-RSA-AES256-GCM-SHA384 (256/256 bits)
Sep 23 15:02:28 mailercyber3 postfix/smtps/smtpd[3998]: warning: unknown[5.34.207.99]: SASL LOGIN authentication failed: UGFzc3dvcmQ6
Sep 23 15:02:28 mailercyber3 postfix/smtps/smtpd[3998]: lost connection after AUTH from unknown[5.34.207.99]
Sep 23 15:02:28 mailercyber3 postfix/smtps/smtpd[3998]: disconnect from unknown[5.34.207.99] ehlo=1 auth=0/1 rset=1 commands=2/3
Sep 23 15:03:36 mailercyber3 postfix/smtps/smtpd[3998]: connect from unknown[5.34.207.99]
Sep 23 15:03:39 mailercyber3 postfix/smtps/smtpd[3998]: Anonymous TLS connection established from unknown[5.34.207.99]: TLSv1.2 with cipher ECDHE-RSA-AES256-GCM-SHA384 (256/256 bits)
Sep 23 15:03:47 mailercyber3 postfix/smtps/smtpd[3998]: warning: unknown[5.34.207.99]: SASL LOGIN authentication failed: UGFzc3dvcmQ6
Sep 23 15:03:47 mailercyber3 postfix/smtps/smtpd[3998]: lost connection after AUTH from unknown[5.34.207.99]
Sep 23 15:03:47 mailercyber3 postfix/smtps/smtpd[3998]: disconnect from unknown[5.34.207.99] ehlo=1 auth=0/1 rset=1 commands=2/3
Sep 23 15:04:30 mailercyber3 postfix/smtpd[5264]: connect from unknown[163.123.143.10]
Sep 23 15:04:30 mailercyber3 postfix/smtpd[5264]: lost connection after AUTH from unknown[163.123.143.10]
Sep 23 15:04:30 mailercyber3 postfix/smtpd[5264]: disconnect from unknown[163.123.143.10] ehlo=1 auth=0/1 commands=1/2
Sep 23 15:04:57 mailercyber3 postfix/smtps/smtpd[3998]: connect from unknown[5.34.207.99]
Sep 23 15:05:00 mailercyber3 postfix/smtps/smtpd[3998]: Anonymous TLS connection established from unknown[5.34.207.99]: TLSv1.2 with cipher ECDHE-RSA-AES256-GCM-SHA384 (256/256 bits)
Sep 23 15:05:09 mailercyber3 postfix/smtps/smtpd[3998]: warning: unknown[5.34.207.99]: SASL LOGIN authentication failed: UGFzc3dvcmQ6
Sep 23 15:05:09 mailercyber3 postfix/smtps/smtpd[3998]: lost connection after AUTH from unknown[5.34.207.99]
Sep 23 15:05:09 mailercyber3 postfix/smtps/smtpd[3998]: disconnect from unknown[5.34.207.99] ehlo=1 auth=0/1 rset=1 commands=2/3
Sep 23 15:06:17 mailercyber3 postfix/smtps/smtpd[3998]: connect from unknown[5.34.207.99]
Sep 23 15:06:19 mailercyber3 postfix/smtps/smtpd[3998]: Anonymous TLS connection established from unknown[5.34.207.99]: TLSv1.2 with cipher ECDHE-RSA-AES256-GCM-SHA384 (256/256 bits)
Sep 23 15:06:28 mailercyber3 postfix/smtps/smtpd[3998]: warning: unknown[5.34.207.99]: SASL LOGIN authentication failed: UGFzc3dvcmQ6
Sep 23 15:06:28 mailercyber3 postfix/smtps/smtpd[3998]: lost connection after AUTH from unknown[5.34.207.99]
Sep 23 15:06:28 mailercyber3 postfix/smtps/smtpd[3998]: disconnect from unknown[5.34.207.99] ehlo=1 auth=0/1 rset=1 commands=2/3
Sep 23 15:07:18 mailercyber3 postfix/smtpd[5283]: connect from unknown[208.67.104.82]
Sep 23 15:07:18 mailercyber3 postfix/smtpd[5283]: lost connection after AUTH from unknown[208.67.104.82]
Sep 23 15:07:18 mailercyber3 postfix/smtpd[5283]: disconnect from unknown[208.67.104.82] ehlo=1 auth=0/1 commands=1/2
Sep 23 15:07:36 mailercyber3 postfix/smtps/smtpd[3998]: connect from unknown[5.34.207.99]
Sep 23 15:07:38 mailercyber3 postfix/smtps/smtpd[3998]: Anonymous TLS connection established from unknown[5.34.207.99]: TLSv1.2 with cipher ECDHE-RSA-AES256-GCM-SHA384 (256/256 bits)
Sep 23 15:07:48 mailercyber3 postfix/smtps/smtpd[3998]: warning: unknown[5.34.207.99]: SASL LOGIN authentication failed: UGFzc3dvcmQ6
Sep 23 15:07:48 mailercyber3 postfix/smtps/smtpd[3998]: lost connection after AUTH from unknown[5.34.207.99]
Sep 23 15:07:48 mailercyber3 postfix/smtps/smtpd[3998]: disconnect from unknown[5.34.207.99] ehlo=1 auth=0/1 rset=1 commands=2/3
Sep 23 15:08:30 mailercyber3 postfix/smtpd[5283]: connect from unknown[141.98.6.39]
Sep 23 15:08:30 mailercyber3 postfix/smtpd[5283]: lost connection after AUTH from unknown[141.98.6.39]
Sep 23 15:08:30 mailercyber3 postfix/smtpd[5283]: disconnect from unknown[141.98.6.39] ehlo=1 auth=0/1 commands=1/2
Sep 23 15:08:56 mailercyber3 postfix/smtps/smtpd[3998]: connect from unknown[5.34.207.99]
Sep 23 15:08:59 mailercyber3 postfix/smtps/smtpd[3998]: Anonymous TLS connection established from unknown[5.34.207.99]: TLSv1.2 with cipher ECDHE-RSA-AES256-GCM-SHA384 (256/256 bits)
Sep 23 15:09:07 mailercyber3 postfix/submission/smtpd[5293]: connect from unknown[164.92.64.57]
Sep 23 15:09:07 mailercyber3 postfix/submission/smtpd[5293]: Anonymous TLS connection established from unknown[164.92.64.57]: TLSv1.3 with cipher TLS_AES_128_GCM_SHA256 (128/128 bits) key-exchange X25519 server-signature RSA-PSS (2048 bits) server-digest SHA256
Sep 23 15:09:07 mailercyber3 postfix/submission/smtpd[5293]: EC17EBA0BC5: client=unknown[164.92.64.57], sasl_method=PLAIN, sasl_username=admin
Sep 23 15:09:08 mailercyber3 postfix/cleanup[5296]: EC17EBA0BC5: message-id=<1663960147847678485.3151.5473535521086948949@convenios-gnl>
Sep 23 15:09:08 mailercyber3 postfix/smtps/smtpd[3998]: warning: unknown[5.34.207.99]: SASL LOGIN authentication failed: UGFzc3dvcmQ6
Sep 23 15:09:08 mailercyber3 opendkim[3474]: EC17EBA0BC5: no signing table match for 'Seguro@complementariognl.com'
Sep 23 15:09:08 mailercyber3 opendkim[3474]: EC17EBA0BC5: no signature data
Sep 23 15:09:08 mailercyber3 postfix/qmgr[3985]: EC17EBA0BC5: from=<Seguro@complementariognl.com>, size=27456, nrcpt=1 (queue active)
Sep 23 15:09:08 mailercyber3 postfix/smtps/smtpd[3998]: lost connection after AUTH from unknown[5.34.207.99]
Sep 23 15:09:08 mailercyber3 postfix/smtps/smtpd[3998]: disconnect from unknown[5.34.207.99] ehlo=1 auth=0/1 rset=1 commands=2/3
Sep 23 15:09:08 mailercyber3 postfix/submission/smtpd[5293]: 59144BA0BD6: client=unknown[164.92.64.57], sasl_method=PLAIN, sasl_username=admin
Sep 23 15:09:08 mailercyber3 postfix/cleanup[5296]: 59144BA0BD6: message-id=<1663960148255462139.3151.7425635210705983030@convenios-gnl>
Sep 23 15:09:08 mailercyber3 opendkim[3474]: 59144BA0BD6: no signing table match for 'Seguro@complementariognl.com'
Sep 23 15:09:08 mailercyber3 opendkim[3474]: 59144BA0BD6: no signature data
Sep 23 15:09:08 mailercyber3 postfix/qmgr[3985]: 59144BA0BD6: from=<Seguro@complementariognl.com>, size=27453, nrcpt=1 (queue active)
Sep 23 15:09:08 mailercyber3 postfix/smtp[5297]: Trusted TLS connection established to cybertrust-cl.mail.protection.outlook.com[104.47.58.110]:25: TLSv1.2 with cipher ECDHE-RSA-AES256-GCM-SHA384 (256/256 bits)
Sep 23 15:09:08 mailercyber3 postfix/smtp[5298]: Trusted TLS connection established to cybertrust-cl.mail.protection.outlook.com[104.47.70.110]:25: TLSv1.2 with cipher ECDHE-RSA-AES256-GCM-SHA384 (256/256 bits)
Sep 23 15:09:08 mailercyber3 postfix/submission/smtpd[5293]: AB7B7BA0BD8: client=unknown[164.92.64.57], sasl_method=PLAIN, sasl_username=admin
Sep 23 15:09:08 mailercyber3 postfix/cleanup[5296]: AB7B7BA0BD8: message-id=<1663960148593347098.3151.1082355430986423562@convenios-gnl>
Sep 23 15:09:08 mailercyber3 opendkim[3474]: AB7B7BA0BD8: no signing table match for 'Seguro@complementariognl.com'
Sep 23 15:09:08 mailercyber3 opendkim[3474]: AB7B7BA0BD8: no signature data
Sep 23 15:09:08 mailercyber3 postfix/qmgr[3985]: AB7B7BA0BD8: from=<Seguro@complementariognl.com>, size=27453, nrcpt=1 (queue active)
Sep 23 15:09:08 mailercyber3 postfix/submission/smtpd[5293]: disconnect from unknown[164.92.64.57] ehlo=2 starttls=1 auth=1 mail=3 rcpt=3 data=3 quit=1 commands=14
Sep 23 15:09:09 mailercyber3 postfix/smtp[5299]: Trusted TLS connection established to cybertrust-cl.mail.protection.outlook.com[104.47.58.110]:25: TLSv1.2 with cipher ECDHE-RSA-AES256-GCM-SHA384 (256/256 bits)
Sep 23 15:09:10 mailercyber3 postfix/smtp[5297]: EC17EBA0BC5: to=<camilo.ferreira@cybertrust.cl>, relay=cybertrust-cl.mail.protection.outlook.com[104.47.58.110]:25, delay=2.1, delays=0.3/0.01/0.4/1.4, dsn=2.6.0, status=sent (250 2.6.0 <1663960147847678485.3151.5473535521086948949@convenios-gnl> [InternalId=17355962846175, Hostname=MWHPR16MB1693.namprd16.prod.outlook.com] 36666 bytes in 0.535, 66.919 KB/sec Queued mail for delivery)
Sep 23 15:09:10 mailercyber3 postfix/qmgr[3985]: EC17EBA0BC5: removed
Sep 23 15:09:10 mailercyber3 postfix/smtp[5299]: AB7B7BA0BD8: to=<juan.fernandez@cybertrust.cl>, relay=cybertrust-cl.mail.protection.outlook.com[104.47.58.110]:25, delay=2.3, delays=0.23/0.01/0.35/1.7, dsn=2.6.0, status=sent (250 2.6.0 <1663960148593347098.3151.1082355430986423562@convenios-gnl> [InternalId=9547712302032, Hostname=SN6PR16MB3997.namprd16.prod.outlook.com] 36637 bytes in 0.935, 38.263 KB/sec Queued mail for delivery)
Sep 23 15:09:10 mailercyber3 postfix/qmgr[3985]: AB7B7BA0BD8: removed
Sep 23 15:09:11 mailercyber3 postfix/smtp[5298]: 59144BA0BD6: to=<felipe.herrera@cybertrust.cl>, relay=cybertrust-cl.mail.protection.outlook.com[104.47.70.110]:25, delay=3.4, delays=0.22/0.01/0.12/3.1, dsn=2.6.0, status=sent (250 2.6.0 <1663960148255462139.3151.7425635210705983030@convenios-gnl> [InternalId=1301375093624, Hostname=BL0PR16MB2516.namprd16.prod.outlook.com] 36731 bytes in 2.432, 14.746 KB/sec Queued mail for delivery)
Sep 23 15:09:11 mailercyber3 postfix/qmgr[3985]: 59144BA0BD6: removed
Sep 23 15:10:16 mailercyber3 postfix/smtps/smtpd[3998]: connect from unknown[5.34.207.99]
Sep 23 15:10:18 mailercyber3 postfix/smtps/smtpd[3998]: Anonymous TLS connection established from unknown[5.34.207.99]: TLSv1.2 with cipher ECDHE-RSA-AES256-GCM-SHA384 (256/256 bits)
Sep 23 15:10:28 mailercyber3 postfix/smtps/smtpd[3998]: warning: unknown[5.34.207.99]: SASL LOGIN authentication failed: UGFzc3dvcmQ6
Sep 23 15:10:28 mailercyber3 postfix/smtps/smtpd[3998]: lost connection after AUTH from unknown[5.34.207.99]
Sep 23 15:10:28 mailercyber3 postfix/smtps/smtpd[3998]: disconnect from unknown[5.34.207.99] ehlo=1 auth=0/1 rset=1 commands=2/3
Sep 23 15:11:09 mailercyber3 postfix/submission/smtpd[5317]: connect from unknown[164.92.64.57]
Sep 23 15:11:09 mailercyber3 postfix/submission/smtpd[5317]: Anonymous TLS connection established from unknown[164.92.64.57]: TLSv1.3 with cipher TLS_AES_128_GCM_SHA256 (128/128 bits) key-exchange X25519 server-signature RSA-PSS (2048 bits) server-digest SHA256
Sep 23 15:11:10 mailercyber3 postfix/submission/smtpd[5317]: 4F8FBBA0BC5: client=unknown[164.92.64.57], sasl_method=PLAIN, sasl_username=admin
Sep 23 15:11:10 mailercyber3 postfix/cleanup[5320]: 4F8FBBA0BC5: message-id=<1663960270202142045.3151.9102182619507950332@convenios-gnl>
Sep 23 15:11:10 mailercyber3 opendkim[3474]: 4F8FBBA0BC5: no signing table match for 'Seguro@complementariognl.com'
Sep 23 15:11:10 mailercyber3 opendkim[3474]: 4F8FBBA0BC5: no signature data
Sep 23 15:11:10 mailercyber3 postfix/qmgr[3985]: 4F8FBBA0BC5: from=<Seguro@complementariognl.com>, size=27379, nrcpt=1 (queue active)
Sep 23 15:11:10 mailercyber3 postfix/smtp[5321]: Trusted TLS connection established to cybertrust-cl.mail.protection.outlook.com[104.47.70.110]:25: TLSv1.2 with cipher ECDHE-RSA-AES256-GCM-SHA384 (256/256 bits)
Sep 23 15:11:10 mailercyber3 postfix/submission/smtpd[5317]: AB55CBA0BD6: client=unknown[164.92.64.57], sasl_method=PLAIN, sasl_username=admin
Sep 23 15:11:10 mailercyber3 postfix/cleanup[5320]: AB55CBA0BD6: message-id=<1663960270592498474.3151.8732126426060440556@convenios-gnl>
Sep 23 15:11:10 mailercyber3 opendkim[3474]: AB55CBA0BD6: no signing table match for 'Seguro@complementariognl.com'
Sep 23 15:11:10 mailercyber3 opendkim[3474]: AB55CBA0BD6: no signature data
Sep 23 15:11:10 mailercyber3 postfix/qmgr[3985]: AB55CBA0BD6: from=<Seguro@complementariognl.com>, size=27376, nrcpt=1 (queue active)
Sep 23 15:11:11 mailercyber3 postfix/submission/smtpd[5317]: 00D42BA0BD8: client=unknown[164.92.64.57], sasl_method=PLAIN, sasl_username=admin
Sep 23 15:11:11 mailercyber3 postfix/cleanup[5320]: 00D42BA0BD8: message-id=<1663960270895135006.3151.791341165117920940@convenios-gnl>
Sep 23 15:11:11 mailercyber3 opendkim[3474]: 00D42BA0BD8: no signing table match for 'Seguro@complementariognl.com'
Sep 23 15:11:11 mailercyber3 opendkim[3474]: 00D42BA0BD8: no signature data
Sep 23 15:11:11 mailercyber3 postfix/qmgr[3985]: 00D42BA0BD8: from=<Seguro@complementariognl.com>, size=27375, nrcpt=1 (queue active)
Sep 23 15:11:11 mailercyber3 postfix/smtp[5322]: Trusted TLS connection established to cybertrust-cl.mail.protection.outlook.com[104.47.58.110]:25: TLSv1.2 with cipher ECDHE-RSA-AES256-GCM-SHA384 (256/256 bits)
Sep 23 15:11:11 mailercyber3 postfix/submission/smtpd[5317]: disconnect from unknown[164.92.64.57] ehlo=2 starttls=1 auth=1 mail=3 rcpt=3 data=3 quit=1 commands=14
Sep 23 15:11:11 mailercyber3 postfix/smtp[5323]: Trusted TLS connection established to cybertrust-cl.mail.protection.outlook.com[104.47.58.110]:25: TLSv1.2 with cipher ECDHE-RSA-AES256-GCM-SHA384 (256/256 bits)
Sep 23 15:11:12 mailercyber3 postfix/smtp[5322]: AB55CBA0BD6: to=<felipe.herrera@cybertrust.cl>, relay=cybertrust-cl.mail.protection.outlook.com[104.47.58.110]:25, delay=1.5, delays=0.22/0.01/0.43/0.89, dsn=2.6.0, status=sent (250 2.6.0 <1663960270592498474.3151.8732126426060440556@convenios-gnl> [InternalId=71408126268031, Hostname=CO6PR16MB4066.namprd16.prod.outlook.com] 36567 bytes in 0.181, 196.506 KB/sec Queued mail for delivery)
Sep 23 15:11:12 mailercyber3 postfix/qmgr[3985]: AB55CBA0BD6: removed
Sep 23 15:11:12 mailercyber3 postfix/smtp[5321]: 4F8FBBA0BC5: to=<camilo.ferreira@cybertrust.cl>, relay=cybertrust-cl.mail.protection.outlook.com[104.47.70.110]:25, delay=2.1, delays=0.3/0.01/0.13/1.7, dsn=2.6.0, status=sent (250 2.6.0 <1663960270202142045.3151.9102182619507950332@convenios-gnl> [InternalId=17961553235153, Hostname=BY5PR16MB3173.namprd16.prod.outlook.com] 36696 bytes in 0.485, 73.789 KB/sec Queued mail for delivery)
Sep 23 15:11:12 mailercyber3 postfix/qmgr[3985]: 4F8FBBA0BC5: removed
Sep 23 15:11:14 mailercyber3 postfix/smtp[5323]: 00D42BA0BD8: to=<juan.fernandez@cybertrust.cl>, relay=cybertrust-cl.mail.protection.outlook.com[104.47.58.110]:25, delay=3.3, delays=0.22/0.01/0.35/2.7, dsn=2.6.0, status=sent (250 2.6.0 <1663960270895135006.3151.791341165117920940@convenios-gnl> [InternalId=96872987365670, Hostname=SA0PR16MB3727.namprd16.prod.outlook.com] 36581 bytes in 0.588, 60.745 KB/sec Queued mail for delivery)
Sep 23 15:11:14 mailercyber3 postfix/qmgr[3985]: 00D42BA0BD8: removed
Sep 23 15:11:36 mailercyber3 postfix/anvil[4008]: statistics: max connection rate 1/60s for (smtps:5.34.207.99) at Sep 23 15:02:19
Sep 23 15:11:36 mailercyber3 postfix/anvil[4008]: statistics: max connection count 1 for (smtps:5.34.207.99) at Sep 23 15:02:19
Sep 23 15:11:36 mailercyber3 postfix/anvil[4008]: statistics: max cache size 3 at Sep 23 15:09:07
Sep 23 15:11:36 mailercyber3 postfix/smtps/smtpd[3998]: connect from unknown[5.34.207.99]
Sep 23 15:11:39 mailercyber3 postfix/smtps/smtpd[3998]: Anonymous TLS connection established from unknown[5.34.207.99]: TLSv1.2 with cipher ECDHE-RSA-AES256-GCM-SHA384 (256/256 bits)
Sep 23 15:11:47 mailercyber3 postfix/smtps/smtpd[3998]: warning: unknown[5.34.207.99]: SASL LOGIN authentication failed: UGFzc3dvcmQ6
Sep 23 15:11:47 mailercyber3 postfix/smtps/smtpd[3998]: lost connection after AUTH from unknown[5.34.207.99]
Sep 23 15:11:47 mailercyber3 postfix/smtps/smtpd[3998]: disconnect from unknown[5.34.207.99] ehlo=1 auth=0/1 rset=1 commands=2/3
Sep 23 15:12:49 mailercyber3 dovecot: imap-login: Disconnected (no auth attempts in 2 secs): user=<>, rip=198.235.24.149, lip=154.53.37.147, TLS handshaking: SSL_accept() failed: error:14209102:SSL routines:tls_early_post_process_client_hello:unsupported protocol, session=<sBi39lzpEtPG6xiV>
Sep 23 15:12:55 mailercyber3 postfix/smtps/smtpd[3998]: connect from unknown[5.34.207.99]
Sep 23 15:12:57 mailercyber3 postfix/smtps/smtpd[3998]: Anonymous TLS connection established from unknown[5.34.207.99]: TLSv1.2 with cipher ECDHE-RSA-AES256-GCM-SHA384 (256/256 bits)
Sep 23 15:13:06 mailercyber3 postfix/smtps/smtpd[3998]: warning: unknown[5.34.207.99]: SASL LOGIN authentication failed: UGFzc3dvcmQ6
Sep 23 15:13:06 mailercyber3 postfix/smtps/smtpd[3998]: lost connection after AUTH from unknown[5.34.207.99]
Sep 23 15:13:06 mailercyber3 postfix/smtps/smtpd[3998]: disconnect from unknown[5.34.207.99] ehlo=1 auth=0/1 rset=1 commands=2/3
Sep 23 15:13:08 mailercyber3 postfix/submission/smtpd[5330]: connect from unknown[5.253.204.58]
Sep 23 15:13:19 mailercyber3 postfix/submission/smtpd[5330]: Anonymous TLS connection established from unknown[5.253.204.58]: TLSv1.2 with cipher ECDHE-RSA-AES256-GCM-SHA384 (256/256 bits)
Sep 23 15:13:24 mailercyber3 postfix/submission/smtpd[5330]: warning: unknown[5.253.204.58]: SASL LOGIN authentication failed: UGFzc3dvcmQ6
Sep 23 15:13:24 mailercyber3 postfix/submission/smtpd[5330]: disconnect from unknown[5.253.204.58] ehlo=2 starttls=1 auth=0/1 quit=1 commands=4/5
Sep 23 15:13:52 mailercyber3 postfix/submission/smtpd[5330]: connect from unknown[164.92.64.57]
Sep 23 15:13:52 mailercyber3 postfix/submission/smtpd[5330]: Anonymous TLS connection established from unknown[164.92.64.57]: TLSv1.3 with cipher TLS_AES_128_GCM_SHA256 (128/128 bits) key-exchange X25519 server-signature RSA-PSS (2048 bits) server-digest SHA256
Sep 23 15:13:53 mailercyber3 postfix/submission/smtpd[5330]: 41DDEBA0BC5: client=unknown[164.92.64.57], sasl_method=PLAIN, sasl_username=admin
Sep 23 15:13:53 mailercyber3 postfix/cleanup[5337]: 41DDEBA0BC5: message-id=<1663960433150119944.3151.2144911371344481069@convenios-gnl>
Sep 23 15:13:53 mailercyber3 opendkim[3474]: 41DDEBA0BC5: no signing table match for 'Seguro@complementariognl.com'
Sep 23 15:13:53 mailercyber3 opendkim[3474]: 41DDEBA0BC5: no signature data
Sep 23 15:13:53 mailercyber3 postfix/qmgr[3985]: 41DDEBA0BC5: from=<Seguro@complementariognl.com>, size=73946, nrcpt=1 (queue active)
Sep 23 15:13:53 mailercyber3 postfix/smtp[5338]: Trusted TLS connection established to cybertrust-cl.mail.protection.outlook.com[104.47.70.110]:25: TLSv1.2 with cipher ECDHE-RSA-AES256-GCM-SHA384 (256/256 bits)
Sep 23 15:13:53 mailercyber3 postfix/submission/smtpd[5330]: B220CBA0BD6: client=unknown[164.92.64.57], sasl_method=PLAIN, sasl_username=admin
Sep 23 15:13:53 mailercyber3 postfix/cleanup[5337]: B220CBA0BD6: message-id=<1663960433621532681.3151.6171276379211349097@convenios-gnl>
Sep 23 15:13:53 mailercyber3 opendkim[3474]: B220CBA0BD6: no signing table match for 'Seguro@complementariognl.com'
Sep 23 15:13:53 mailercyber3 opendkim[3474]: B220CBA0BD6: no signature data
Sep 23 15:13:53 mailercyber3 postfix/qmgr[3985]: B220CBA0BD6: from=<Seguro@complementariognl.com>, size=73943, nrcpt=1 (queue active)
Sep 23 15:13:54 mailercyber3 postfix/submission/smtpd[5330]: 1CEA3BA0BD8: client=unknown[164.92.64.57], sasl_method=PLAIN, sasl_username=admin
Sep 23 15:13:54 mailercyber3 postfix/smtp[5339]: Trusted TLS connection established to cybertrust-cl.mail.protection.outlook.com[104.47.58.110]:25: TLSv1.2 with cipher ECDHE-RSA-AES256-GCM-SHA384 (256/256 bits)
Sep 23 15:13:54 mailercyber3 postfix/cleanup[5337]: 1CEA3BA0BD8: message-id=<1663960434009526713.3151.6982765510651445539@convenios-gnl>
Sep 23 15:13:54 mailercyber3 opendkim[3474]: 1CEA3BA0BD8: no signing table match for 'Seguro@complementariognl.com'
Sep 23 15:13:54 mailercyber3 opendkim[3474]: 1CEA3BA0BD8: no signature data
Sep 23 15:13:54 mailercyber3 postfix/qmgr[3985]: 1CEA3BA0BD8: from=<Seguro@complementariognl.com>, size=73943, nrcpt=1 (queue active)
Sep 23 15:13:54 mailercyber3 postfix/submission/smtpd[5330]: disconnect from unknown[164.92.64.57] ehlo=2 starttls=1 auth=1 mail=3 rcpt=3 data=3 quit=1 commands=14
Sep 23 15:13:54 mailercyber3 postfix/smtp[5340]: Trusted TLS connection established to cybertrust-cl.mail.protection.outlook.com[104.47.58.110]:25: TLSv1.2 with cipher ECDHE-RSA-AES256-GCM-SHA384 (256/256 bits)
Sep 23 15:13:55 mailercyber3 postfix/smtp[5338]: 41DDEBA0BC5: to=<camilo.ferreira@cybertrust.cl>, relay=cybertrust-cl.mail.protection.outlook.com[104.47.70.110]:25, delay=1.9, delays=0.37/0.01/0.13/1.4, dsn=2.6.0, status=sent (250 2.6.0 <1663960433150119944.3151.2144911371344481069@convenios-gnl> [InternalId=8156142899728, Hostname=DM5PR1601MB1180.namprd16.prod.outlook.com] 83126 bytes in 0.505, 160.446 KB/sec Queued mail for delivery)
Sep 23 15:13:55 mailercyber3 postfix/qmgr[3985]: 41DDEBA0BC5: removed
Sep 23 15:13:55 mailercyber3 postfix/smtp[5340]: 1CEA3BA0BD8: to=<juan.fernandez@cybertrust.cl>, relay=cybertrust-cl.mail.protection.outlook.com[104.47.58.110]:25, delay=1.7, delays=0.22/0.01/0.35/1.1, dsn=2.6.0, status=sent (250 2.6.0 <1663960434009526713.3151.6982765510651445539@convenios-gnl> [InternalId=51737176053246, Hostname=CH0PR16MB4577.namprd16.prod.outlook.com] 83134 bytes in 0.466, 174.035 KB/sec Queued mail for delivery)
Sep 23 15:13:55 mailercyber3 postfix/qmgr[3985]: 1CEA3BA0BD8: removed
Sep 23 15:14:00 mailercyber3 postfix/smtp[5339]: B220CBA0BD6: to=<felipe.herrera@cybertrust.cl>, relay=cybertrust-cl.mail.protection.outlook.com[104.47.58.110]:25, delay=7, delays=0.29/0.01/0.35/6.4, dsn=2.6.0, status=sent (250 2.6.0 <1663960433621532681.3151.6171276379211349097@convenios-gnl> [InternalId=6240587484962, Hostname=MN2PR16MB3181.namprd16.prod.outlook.com] 83136 bytes in 5.773, 14.063 KB/sec Queued mail for delivery)
Sep 23 15:14:00 mailercyber3 postfix/qmgr[3985]: B220CBA0BD6: removed
Sep 23 15:14:14 mailercyber3 postfix/smtps/smtpd[3998]: connect from unknown[5.34.207.99]
Sep 23 15:14:16 mailercyber3 postfix/smtps/smtpd[3998]: Anonymous TLS connection established from unknown[5.34.207.99]: TLSv1.2 with cipher ECDHE-RSA-AES256-GCM-SHA384 (256/256 bits)
Sep 23 15:14:25 mailercyber3 postfix/smtps/smtpd[3998]: warning: unknown[5.34.207.99]: SASL LOGIN authentication failed: UGFzc3dvcmQ6
Sep 23 15:14:25 mailercyber3 postfix/smtps/smtpd[3998]: lost connection after AUTH from unknown[5.34.207.99]
Sep 23 15:14:25 mailercyber3 postfix/smtps/smtpd[3998]: disconnect from unknown[5.34.207.99] ehlo=1 auth=0/1 rset=1 commands=2/3
Sep 23 15:15:34 mailercyber3 postfix/smtps/smtpd[3998]: connect from unknown[5.34.207.99]
Sep 23 15:15:36 mailercyber3 postfix/smtps/smtpd[3998]: Anonymous TLS connection established from unknown[5.34.207.99]: TLSv1.2 with cipher ECDHE-RSA-AES256-GCM-SHA384 (256/256 bits)
Sep 23 15:15:44 mailercyber3 postfix/smtps/smtpd[3998]: warning: unknown[5.34.207.99]: SASL LOGIN authentication failed: UGFzc3dvcmQ6
Sep 23 15:15:44 mailercyber3 postfix/smtps/smtpd[3998]: lost connection after AUTH from unknown[5.34.207.99]
Sep 23 15:15:44 mailercyber3 postfix/smtps/smtpd[3998]: disconnect from unknown[5.34.207.99] ehlo=1 auth=0/1 rset=1 commands=2/3
Sep 23 15:16:55 mailercyber3 postfix/smtps/smtpd[3998]: connect from unknown[5.34.207.99]
Sep 23 15:16:57 mailercyber3 postfix/smtps/smtpd[3998]: Anonymous TLS connection established from unknown[5.34.207.99]: TLSv1.2 with cipher ECDHE-RSA-AES256-GCM-SHA384 (256/256 bits)
Sep 23 15:17:07 mailercyber3 postfix/smtps/smtpd[3998]: warning: unknown[5.34.207.99]: SASL LOGIN authentication failed: UGFzc3dvcmQ6
Sep 23 15:17:07 mailercyber3 postfix/smtps/smtpd[3998]: lost connection after AUTH from unknown[5.34.207.99]
Sep 23 15:17:07 mailercyber3 postfix/smtps/smtpd[3998]: disconnect from unknown[5.34.207.99] ehlo=1 auth=0/1 rset=1 commands=2/3
Sep 23 15:18:15 mailercyber3 postfix/smtps/smtpd[3998]: connect from unknown[5.34.207.99]
Sep 23 15:18:18 mailercyber3 postfix/smtps/smtpd[3998]: Anonymous TLS connection established from unknown[5.34.207.99]: TLSv1.2 with cipher ECDHE-RSA-AES256-GCM-SHA384 (256/256 bits)
Sep 23 15:18:27 mailercyber3 postfix/smtps/smtpd[3998]: warning: unknown[5.34.207.99]: SASL LOGIN authentication failed: UGFzc3dvcmQ6
Sep 23 15:18:27 mailercyber3 postfix/smtps/smtpd[3998]: lost connection after AUTH from unknown[5.34.207.99]
Sep 23 15:18:27 mailercyber3 postfix/smtps/smtpd[3998]: disconnect from unknown[5.34.207.99] ehlo=1 auth=0/1 rset=1 commands=2/3
Sep 23 15:19:30 mailercyber3 postfix/smtpd[5365]: connect from unknown[163.123.143.10]
Sep 23 15:19:30 mailercyber3 postfix/smtpd[5365]: lost connection after AUTH from unknown[163.123.143.10]
Sep 23 15:19:30 mailercyber3 postfix/smtpd[5365]: disconnect from unknown[163.123.143.10] ehlo=1 auth=0/1 commands=1/2
Sep 23 15:19:34 mailercyber3 postfix/smtps/smtpd[3998]: connect from unknown[5.34.207.99]
Sep 23 15:19:36 mailercyber3 postfix/smtps/smtpd[3998]: Anonymous TLS connection established from unknown[5.34.207.99]: TLSv1.2 with cipher ECDHE-RSA-AES256-GCM-SHA384 (256/256 bits)
Sep 23 15:19:44 mailercyber3 postfix/smtps/smtpd[3998]: warning: unknown[5.34.207.99]: SASL LOGIN authentication failed: UGFzc3dvcmQ6
Sep 23 15:19:44 mailercyber3 postfix/smtps/smtpd[3998]: lost connection after AUTH from unknown[5.34.207.99]
Sep 23 15:19:44 mailercyber3 postfix/smtps/smtpd[3998]: disconnect from unknown[5.34.207.99] ehlo=1 auth=0/1 rset=1 commands=2/3
Sep 23 15:20:09 mailercyber3 postfix/submission/smtpd[5371]: connect from unknown[164.92.64.57]
Sep 23 15:20:09 mailercyber3 postfix/submission/smtpd[5371]: Anonymous TLS connection established from unknown[164.92.64.57]: TLSv1.3 with cipher TLS_AES_128_GCM_SHA256 (128/128 bits) key-exchange X25519 server-signature RSA-PSS (2048 bits) server-digest SHA256
Sep 23 15:20:10 mailercyber3 postfix/submission/smtpd[5371]: 4BF19BA0BC5: client=unknown[164.92.64.57], sasl_method=PLAIN, sasl_username=admin
Sep 23 15:20:10 mailercyber3 postfix/cleanup[5373]: 4BF19BA0BC5: message-id=<1663960810191087564.3151.6087759540672858648@convenios-gnl>
Sep 23 15:20:10 mailercyber3 opendkim[3474]: 4BF19BA0BC5: no signing table match for 'Seguro@complementariognl.com'
Sep 23 15:20:10 mailercyber3 opendkim[3474]: 4BF19BA0BC5: no signature data
Sep 23 15:20:10 mailercyber3 postfix/qmgr[3985]: 4BF19BA0BC5: from=<Seguro@complementariognl.com>, size=9360, nrcpt=1 (queue active)
Sep 23 15:20:10 mailercyber3 postfix/smtpd[5365]: connect from unknown[141.98.6.39]
Sep 23 15:20:10 mailercyber3 postfix/submission/smtpd[5371]: disconnect from unknown[164.92.64.57] ehlo=2 starttls=1 auth=1 mail=1 rcpt=1 data=1 quit=1 commands=8
Sep 23 15:20:10 mailercyber3 postfix/smtpd[5365]: lost connection after AUTH from unknown[141.98.6.39]
Sep 23 15:20:10 mailercyber3 postfix/smtpd[5365]: disconnect from unknown[141.98.6.39] ehlo=1 auth=0/1 commands=1/2
Sep 23 15:20:11 mailercyber3 postfix/smtp[5374]: Trusted TLS connection established to cybertrust-cl.mail.protection.outlook.com[104.47.55.110]:25: TLSv1.2 with cipher ECDHE-RSA-AES256-GCM-SHA384 (256/256 bits)
Sep 23 15:20:12 mailercyber3 postfix/smtp[5374]: 4BF19BA0BC5: to=<camilo.ferreira@cybertrust.cl>, relay=cybertrust-cl.mail.protection.outlook.com[104.47.55.110]:25, delay=2.2, delays=0.23/0.01/0.64/1.3, dsn=2.6.0, status=sent (250 2.6.0 <1663960810191087564.3151.6087759540672858648@convenios-gnl> [InternalId=6012954220602, Hostname=SN1PR16MB2319.namprd16.prod.outlook.com] 18641 bytes in 0.409, 44.442 KB/sec Queued mail for delivery)
Sep 23 15:20:12 mailercyber3 postfix/qmgr[3985]: 4BF19BA0BC5: removed
Sep 23 15:20:57 mailercyber3 postfix/smtps/smtpd[3998]: connect from unknown[5.34.207.99]
Sep 23 15:20:59 mailercyber3 postfix/smtps/smtpd[3998]: Anonymous TLS connection established from unknown[5.34.207.99]: TLSv1.2 with cipher ECDHE-RSA-AES256-GCM-SHA384 (256/256 bits)
Sep 23 15:21:08 mailercyber3 postfix/smtps/smtpd[3998]: warning: unknown[5.34.207.99]: SASL LOGIN authentication failed: UGFzc3dvcmQ6
